07-13 10:13:35.008 26629-26629/? E/TranscodeReceiver: onReceive : android.intent.action.CHECK_SIOP_LEVEL
07-13 10:13:36.708 303-303/? E/SMD: DCD OFF
07-13 10:13:39.708 303-303/? E/SMD: DCD OFF
07-13 10:13:42.708 303-303/? E/SMD: DCD OFF
07-13 10:13:43.438 925-1625/? E/Watchdog: !@Sync 2257
07-13 10:13:45.708 303-303/? E/SMD: DCD OFF
07-13 10:13:48.708 303-303/? E/SMD: DCD OFF
07-13 10:13:51.708 303-303/? E/SMD: DCD OFF
07-13 10:13:54.708 303-303/? E/SMD: DCD OFF
07-13 10:13:57.708 303-303/? E/SMD: DCD OFF
07-13 10:14:00.708 303-303/? E/SMD: DCD OFF
07-13 10:14:03.708 303-303/? E/SMD: DCD OFF
07-13 10:14:06.708 303-303/? E/SMD: DCD OFF
07-13 10:14:07.738 925-925/? E/LightSensor: Light old sensor_state 0, new sensor_state : 512 en : 1
07-13 10:14:08.118 925-1333/? E/LightSensor: Light old sensor_state 512, new sensor_state : 0 en : 0
07-13 10:14:09.708 303-303/? E/SMD: DCD OFF
07-13 10:14:12.708 303-303/? E/SMD: DCD OFF
07-13 10:14:13.438 925-1625/? E/Watchdog: !@Sync 2258
07-13 10:14:15.708 303-303/? E/SMD: DCD OFF
07-13 10:14:18.708 303-303/? E/SMD: DCD OFF
07-13 10:14:21.718 303-303/? E/SMD: DCD OFF
07-13 10:14:24.718 303-303/? E/SMD: DCD OFF
07-13 10:14:27.718 303-303/? E/SMD: DCD OFF
07-13 10:14:30.718 303-303/? E/SMD: DCD OFF
07-13 10:14:31.538 31094-31230/? E/SQLiteLog: (10) POSIX Error : 9 SQLite Error : 3850
    (10) POSIX Error : 9 SQLite Error : 3850
07-13 10:14:33.718 303-303/? E/SMD: DCD OFF
07-13 10:14:36.718 303-303/? E/SMD: DCD OFF
07-13 10:14:39.728 303-303/? E/SMD: DCD OFF
07-13 10:14:42.728 303-303/? E/SMD: DCD OFF
07-13 10:14:43.438 925-1625/? E/Watchdog: !@Sync 2259
07-13 10:14:45.728 303-303/? E/SMD: DCD OFF
07-13 10:14:48.728 303-303/? E/SMD: DCD OFF
07-13 10:14:51.728 303-303/? E/SMD: DCD OFF
07-13 10:14:54.728 303-303/? E/SMD: DCD OFF
07-13 10:14:57.728 303-303/? E/SMD: DCD OFF
07-13 10:15:00.728 303-303/? E/SMD: DCD OFF
07-13 10:15:03.728 303-303/? E/SMD: DCD OFF
07-13 10:15:06.728 303-303/? E/SMD: DCD OFF
07-13 10:15:09.728 303-303/? E/SMD: DCD OFF
07-13 10:15:12.728 303-303/? E/SMD: DCD OFF
07-13 10:15:13.448 925-1625/? E/Watchdog: !@Sync 2260
07-13 10:15:15.728 303-303/? E/SMD: DCD OFF
07-13 10:15:18.728 303-303/? E/SMD: DCD OFF
07-13 10:15:21.728 303-303/? E/SMD: DCD OFF
07-13 10:15:24.728 303-303/? E/SMD: DCD OFF
07-13 10:15:27.738 303-303/? E/SMD: DCD OFF
07-13 10:15:30.738 303-303/? E/SMD: DCD OFF
07-13 10:15:33.738 303-303/? E/SMD: DCD OFF
07-13 10:15:36.738 303-303/? E/SMD: DCD OFF
07-13 10:15:39.738 303-303/? E/SMD: DCD OFF
07-13 10:15:42.738 303-303/? E/SMD: DCD OFF
07-13 10:15:43.448 925-1625/? E/Watchdog: !@Sync 2261
07-13 10:15:45.618 26629-26629/? E/TranscodeReceiver: onReceive : android.intent.action.CHECK_SIOP_LEVEL
07-13 10:15:45.738 303-303/? E/SMD: DCD OFF
07-13 10:15:48.738 303-303/? E/SMD: DCD OFF
07-13 10:15:51.738 303-303/? E/SMD: DCD OFF
07-13 10:15:54.738 303-303/? E/SMD: DCD OFF
07-13 10:15:57.738 303-303/? E/SMD: DCD OFF
07-13 10:16:00.738 303-303/? E/SMD: DCD OFF
07-13 10:16:03.738 303-303/? E/SMD: DCD OFF
07-13 10:16:06.738 303-303/? E/SMD: DCD OFF
07-13 10:16:09.738 303-303/? E/SMD: DCD OFF
07-13 10:16:12.738 303-303/? E/SMD: DCD OFF
07-13 10:16:13.448 925-1625/? E/Watchdog: !@Sync 2262
07-13 10:16:15.738 303-303/? E/SMD: DCD OFF
07-13 10:16:18.748 303-303/? E/SMD: DCD OFF
07-13 10:16:21.748 303-303/? E/SMD: DCD OFF
07-13 10:16:24.748 303-303/? E/SMD: DCD OFF
07-13 10:16:27.748 303-303/? E/SMD: DCD OFF
07-13 10:16:30.748 303-303/? E/SMD: DCD OFF
07-13 10:16:33.748 303-303/? E/SMD: DCD OFF
07-13 10:16:36.748 303-303/? E/SMD: DCD OFF
07-13 10:16:39.748 303-303/? E/SMD: DCD OFF
07-13 10:16:42.748 303-303/? E/SMD: DCD OFF
07-13 10:16:43.448 925-1625/? E/Watchdog: !@Sync 2263
07-13 10:16:45.748 303-303/? E/SMD: DCD OFF
07-13 10:16:48.748 303-303/? E/SMD: DCD OFF
07-13 10:16:51.748 303-303/? E/SMD: DCD OFF
07-13 10:16:54.748 303-303/? E/SMD: DCD OFF
07-13 10:16:57.748 303-303/? E/SMD: DCD OFF
07-13 10:17:00.748 303-303/? E/SMD: DCD OFF
07-13 10:17:03.748 303-303/? E/SMD: DCD OFF
07-13 10:17:06.748 303-303/? E/SMD: DCD OFF
07-13 10:17:09.758 303-303/? E/SMD: DCD OFF
07-13 10:17:12.758 303-303/? E/SMD: DCD OFF
07-13 10:17:13.448 925-1625/? E/Watchdog: !@Sync 2264
07-13 10:17:15.758 303-303/? E/SMD: DCD OFF
07-13 10:17:18.758 303-303/? E/SMD: DCD OFF
07-13 10:17:21.758 303-303/? E/SMD: DCD OFF
07-13 10:17:24.758 303-303/? E/SMD: DCD OFF
07-13 10:17:26.078 26629-26629/? E/TranscodeReceiver: onReceive : android.intent.action.CHECK_SIOP_LEVEL
07-13 10:17:27.758 303-303/? E/SMD: DCD OFF
07-13 10:17:30.758 303-303/? E/SMD: DCD OFF
07-13 10:17:33.758 303-303/? E/SMD: DCD OFF
07-13 10:17:36.758 303-303/? E/SMD: DCD OFF
07-13 10:17:39.758 303-303/? E/SMD: DCD OFF
07-13 10:17:42.758 303-303/? E/SMD: DCD OFF
07-13 10:17:43.448 925-1625/? E/Watchdog: !@Sync 2265
07-13 10:17:45.758 303-303/? E/SMD: DCD OFF
07-13 10:17:48.758 303-303/? E/SMD: DCD OFF
07-13 10:17:51.758 303-303/? E/SMD: DCD OFF
07-13 10:17:54.758 303-303/? E/SMD: DCD OFF
07-13 10:17:57.768 303-303/? E/SMD: DCD OFF
07-13 10:18:00.768 303-303/? E/SMD: DCD OFF
07-13 10:18:03.768 303-303/? E/SMD: DCD OFF
07-13 10:18:06.768 303-303/? E/SMD: DCD OFF
07-13 10:18:09.768 303-303/? E/SMD: DCD OFF
07-13 10:18:12.768 303-303/? E/SMD: DCD OFF
07-13 10:18:13.448 925-1625/? E/Watchdog: !@Sync 2266
07-13 10:18:15.768 303-303/? E/SMD: DCD OFF
07-13 10:18:18.768 303-303/? E/SMD: DCD OFF
07-13 10:18:21.768 303-303/? E/SMD: DCD OFF
07-13 10:18:24.768 303-303/? E/SMD: DCD OFF
07-13 10:18:27.768 303-303/? E/SMD: DCD OFF
07-13 10:18:30.768 303-303/? E/SMD: DCD OFF
07-13 10:18:33.768 303-303/? E/SMD: DCD OFF
07-13 10:18:36.768 303-303/? E/SMD: DCD OFF
07-13 10:18:39.768 303-303/? E/SMD: DCD OFF
07-13 10:18:42.768 303-303/? E/SMD: DCD OFF
07-13 10:18:43.448 925-1625/? E/Watchdog: !@Sync 2267
07-13 10:18:45.768 303-303/? E/SMD: DCD OFF
07-13 10:18:48.768 303-303/? E/SMD: DCD OFF
07-13 10:18:51.778 303-303/? E/SMD: DCD OFF
07-13 10:18:54.778 303-303/? E/SMD: DCD OFF
07-13 10:18:57.778 303-303/? E/SMD: DCD OFF
07-13 10:19:00.778 303-303/? E/SMD: DCD OFF
07-13 10:19:03.778 303-303/? E/SMD: DCD OFF
07-13 10:19:06.778 303-303/? E/SMD: DCD OFF
07-13 10:19:09.778 303-303/? E/SMD: DCD OFF
07-13 10:19:12.778 303-303/? E/SMD: DCD OFF
07-13 10:19:13.448 925-1625/? E/Watchdog: !@Sync 2268
07-13 10:19:15.778 303-303/? E/SMD: DCD OFF
07-13 10:19:18.778 303-303/? E/SMD: DCD OFF
07-13 10:19:21.778 303-303/? E/SMD: DCD OFF
07-13 10:19:21.798 31094-31230/? E/SQLiteLog: (10) POSIX Error : 9 SQLite Error : 3850
07-13 10:19:21.808 31094-31230/? E/SQLiteLog: (10) POSIX Error : 9 SQLite Error : 3850
07-13 10:19:24.778 303-303/? E/SMD: DCD OFF
07-13 10:19:27.778 303-303/? E/SMD: DCD OFF
07-13 10:19:30.788 303-303/? E/SMD: DCD OFF
07-13 10:19:33.788 303-303/? E/SMD: DCD OFF
07-13 10:19:36.788 303-303/? E/SMD: DCD OFF
07-13 10:19:39.788 303-303/? E/SMD: DCD OFF
07-13 10:19:42.788 303-303/? E/SMD: DCD OFF
07-13 10:19:43.458 925-1625/? E/Watchdog: !@Sync 2269
07-13 10:19:45.788 303-303/? E/SMD: DCD OFF
07-13 10:19:46.728 26629-26629/? E/TranscodeReceiver: onReceive : android.intent.action.CHECK_SIOP_LEVEL
07-13 10:19:48.788 303-303/? E/SMD: DCD OFF
07-13 10:19:51.788 303-303/? E/SMD: DCD OFF
07-13 10:19:54.788 303-303/? E/SMD: DCD OFF
07-13 10:19:57.788 303-303/? E/SMD: DCD OFF
07-13 10:20:00.788 303-303/? E/SMD: DCD OFF
07-13 10:20:03.788 303-303/? E/SMD: DCD OFF
07-13 10:20:06.788 303-303/? E/SMD: DCD OFF
07-13 10:20:09.788 303-303/? E/SMD: DCD OFF
07-13 10:20:12.788 303-303/? E/SMD: DCD OFF
07-13 10:20:13.458 925-1625/? E/Watchdog: !@Sync 2270
07-13 10:20:15.788 303-303/? E/SMD: DCD OFF
07-13 10:20:18.788 303-303/? E/SMD: DCD OFF
07-13 10:20:21.798 303-303/? E/SMD: DCD OFF
07-13 10:20:24.798 303-303/? E/SMD: DCD OFF
07-13 10:20:27.798 303-303/? E/SMD: DCD OFF
07-13 10:20:30.798 303-303/? E/SMD: DCD OFF
07-13 10:20:33.798 303-303/? E/SMD: DCD OFF
07-13 10:20:36.798 303-303/? E/SMD: DCD OFF
07-13 10:20:39.798 303-303/? E/SMD: DCD OFF
07-13 10:20:42.798 303-303/? E/SMD: DCD OFF
07-13 10:20:43.458 925-1625/? E/Watchdog: !@Sync 2271
07-13 10:20:45.798 303-303/? E/SMD: DCD OFF
07-13 10:20:48.798 303-303/? E/SMD: DCD OFF
07-13 10:20:51.798 303-303/? E/SMD: DCD OFF
07-13 10:20:54.798 303-303/? E/SMD: DCD OFF
07-13 10:20:57.798 303-303/? E/SMD: DCD OFF
07-13 10:21:00.798 303-303/? E/SMD: DCD OFF
07-13 10:21:03.798 303-303/? E/SMD: DCD OFF
07-13 10:21:06.798 303-303/? E/SMD: DCD OFF
07-13 10:21:09.798 303-303/? E/SMD: DCD OFF
07-13 10:21:12.808 303-303/? E/SMD: DCD OFF
07-13 10:21:13.458 925-1625/? E/Watchdog: !@Sync 2272
07-13 10:21:15.808 303-303/? E/SMD: DCD OFF
07-13 10:21:18.808 303-303/? E/SMD: DCD OFF
07-13 10:21:21.808 303-303/? E/SMD: DCD OFF
07-13 10:21:24.808 303-303/? E/SMD: DCD OFF
07-13 10:21:27.278 26629-26629/? E/TranscodeReceiver: onReceive : android.intent.action.CHECK_SIOP_LEVEL
07-13 10:21:27.808 303-303/? E/SMD: DCD OFF
07-13 10:21:30.808 303-303/? E/SMD: DCD OFF
07-13 10:21:33.808 303-303/? E/SMD: DCD OFF
07-13 10:21:36.808 303-303/? E/SMD: DCD OFF
07-13 10:21:39.808 303-303/? E/SMD: DCD OFF
07-13 10:21:42.808 303-303/? E/SMD: DCD OFF
07-13 10:21:43.458 925-1625/? E/Watchdog: !@Sync 2273
07-13 10:21:45.808 303-303/? E/SMD: DCD OFF
07-13 10:21:48.808 303-303/? E/SMD: DCD OFF
07-13 10:21:51.818 303-303/? E/SMD: DCD OFF
07-13 10:21:54.818 303-303/? E/SMD: DCD OFF
07-13 10:21:57.818 303-303/? E/SMD: DCD OFF
07-13 10:22:00.818 303-303/? E/SMD: DCD OFF
07-13 10:22:03.818 303-303/? E/SMD: DCD OFF
07-13 10:22:06.818 303-303/? E/SMD: DCD OFF
07-13 10:22:09.818 303-303/? E/SMD: DCD OFF
07-13 10:22:12.818 303-303/? E/SMD: DCD OFF
07-13 10:22:13.458 925-1625/? E/Watchdog: !@Sync 2274
07-13 10:22:15.818 303-303/? E/SMD: DCD OFF
07-13 10:22:18.818 303-303/? E/SMD: DCD OFF
07-13 10:22:21.818 303-303/? E/SMD: DCD OFF
07-13 10:22:24.818 303-303/? E/SMD: DCD OFF
07-13 10:22:27.818 303-303/? E/SMD: DCD OFF
07-13 10:22:30.818 303-303/? E/SMD: DCD OFF
07-13 10:22:33.818 303-303/? E/SMD: DCD OFF
07-13 10:22:36.828 303-303/? E/SMD: DCD OFF
07-13 10:22:39.828 303-303/? E/SMD: DCD OFF
07-13 10:22:42.828 303-303/? E/SMD: DCD OFF
07-13 10:22:43.458 925-1625/? E/Watchdog: !@Sync 2275
07-13 10:22:45.828 303-303/? E/SMD: DCD OFF
07-13 10:22:48.828 303-303/? E/SMD: DCD OFF
07-13 10:22:51.828 303-303/? E/SMD: DCD OFF
07-13 10:22:54.828 303-303/? E/SMD: DCD OFF
07-13 10:22:57.828 303-303/? E/SMD: DCD OFF
07-13 10:23:00.828 303-303/? E/SMD: DCD OFF
07-13 10:23:03.828 303-303/? E/SMD: DCD OFF
07-13 10:23:06.828 303-303/? E/SMD: DCD OFF
07-13 10:23:09.828 303-303/? E/SMD: DCD OFF
07-13 10:23:12.828 303-303/? E/SMD: DCD OFF
07-13 10:23:13.458 925-1625/? E/Watchdog: !@Sync 2276
07-13 10:23:15.828 303-303/? E/SMD: DCD OFF
07-13 10:23:18.828 303-303/? E/SMD: DCD OFF
07-13 10:23:21.838 303-303/? E/SMD: DCD OFF
07-13 10:23:24.838 303-303/? E/SMD: DCD OFF
07-13 10:23:26.958 2863-2863/? E/auditd: In denial and Property audit_ondenial is set to 1 
07-13 10:23:26.958 2863-2863/? E/auditd: In denial and Property audit_ondenial is set to 1 
07-13 10:23:26.958 2863-2863/? E/auditd: In denial and Property audit_ondenial is set to 1 
    In denial and Property audit_ondenial is set to 1 
07-13 10:23:26.968 2863-2863/? E/auditd: In denial and Property audit_ondenial is set to 1 
07-13 10:23:26.968 2863-2863/? E/auditd: In denial and Property audit_ondenial is set to 1 
07-13 10:23:27.118 2863-2863/? E/auditd: In denial and Property audit_ondenial is set to 1 
07-13 10:23:27.188 2863-2863/? E/auditd: In denial and Property audit_ondenial is set to 1 
07-13 10:23:27.838 303-303/? E/SMD: DCD OFF
07-13 10:23:29.188 366-366/? E/AffinityControl: AffinityControl: registerfunction enter
07-13 10:23:29.208 366-366/? E/art: No implementation found for boolean com.android.org.conscrypt.OpenSSLProvider.nativeCheckWhitelist() (tried Java_com_android_org_conscrypt_OpenSSLProvider_nativeCheckWhitelist and Java_com_android_org_conscrypt_OpenSSLProvider_nativeCheckWhitelist__)
07-13 10:23:29.248 366-366/? E/art: No implementation found for boolean com.android.org.conscrypt.OpenSSLProvider.nativeCheckWhitelist() (tried Java_com_android_org_conscrypt_OpenSSLProvider_nativeCheckWhitelist and Java_com_android_org_conscrypt_OpenSSLProvider_nativeCheckWhitelist__)
07-13 10:23:29.298 2863-2863/? E/auditd: In denial and Property audit_ondenial is set to 1 
07-13 10:23:29.688 2863-2863/? E/auditd: In denial and Property audit_ondenial is set to 1 
07-13 10:23:30.838 303-303/? E/SMD: DCD OFF
07-13 10:23:33.838 303-303/? E/SMD: DCD OFF
07-13 10:23:36.838 303-303/? E/SMD: DCD OFF
07-13 10:23:37.918 26629-26629/? E/TranscodeReceiver: onReceive : android.intent.action.CHECK_SIOP_LEVEL
07-13 10:23:39.838 303-303/? E/SMD: DCD OFF
07-13 10:23:42.838 303-303/? E/SMD: DCD OFF
07-13 10:23:43.458 925-1625/? E/Watchdog: !@Sync 2277
07-13 10:23:45.838 303-303/? E/SMD: DCD OFF
07-13 10:23:48.838 303-303/? E/SMD: DCD OFF
07-13 10:23:51.838 303-303/? E/SMD: DCD OFF
07-13 10:23:54.838 303-303/? E/SMD: DCD OFF
07-13 10:23:57.838 303-303/? E/SMD: DCD OFF
07-13 10:24:00.838 303-303/? E/SMD: DCD OFF
07-13 10:24:03.838 303-303/? E/SMD: DCD OFF
07-13 10:24:06.838 303-303/? E/SMD: DCD OFF
07-13 10:24:09.848 303-303/? E/SMD: DCD OFF
07-13 10:24:11.478 925-925/? E/LightSensor: Light old sensor_state 0, new sensor_state : 512 en : 1
07-13 10:24:11.628 31094-31230/? E/SQLiteLog: (10) POSIX Error : 9 SQLite Error : 3850
    (10) POSIX Error : 9 SQLite Error : 3850
07-13 10:24:11.858 925-1333/? E/LightSensor: Light old sensor_state 512, new sensor_state : 0 en : 0
07-13 10:24:12.848 303-303/? E/SMD: DCD OFF
07-13 10:24:13.468 925-1625/? E/Watchdog: !@Sync 2278
07-13 10:24:15.848 303-303/? E/SMD: DCD OFF
07-13 10:24:18.848 303-303/? E/SMD: DCD OFF
07-13 10:24:21.848 303-303/? E/SMD: DCD OFF
07-13 10:24:24.848 303-303/? E/SMD: DCD OFF
07-13 10:24:27.848 303-303/? E/SMD: DCD OFF
07-13 10:24:30.848 303-303/? E/SMD: DCD OFF
07-13 10:24:33.848 303-303/? E/SMD: DCD OFF
07-13 10:24:36.848 303-303/? E/SMD: DCD OFF
07-13 10:24:39.848 303-303/? E/SMD: DCD OFF
07-13 10:24:42.848 303-303/? E/SMD: DCD OFF
07-13 10:24:43.468 925-1625/? E/Watchdog: !@Sync 2279
07-13 10:24:45.848 303-303/? E/SMD: DCD OFF
07-13 10:24:48.848 303-303/? E/SMD: DCD OFF
07-13 10:24:51.848 303-303/? E/SMD: DCD OFF
07-13 10:24:54.848 303-303/? E/SMD: DCD OFF
07-13 10:24:57.848 303-303/? E/SMD: DCD OFF
07-13 10:25:00.848 303-303/? E/SMD: DCD OFF
07-13 10:25:03.848 303-303/? E/SMD: DCD OFF
07-13 10:25:06.858 303-303/? E/SMD: DCD OFF
07-13 10:25:08.408 26629-26629/? E/TranscodeReceiver: onReceive : android.intent.action.CHECK_SIOP_LEVEL
07-13 10:25:09.858 303-303/? E/SMD: DCD OFF
07-13 10:25:12.858 303-303/? E/SMD: DCD OFF
07-13 10:25:13.468 925-1625/? E/Watchdog: !@Sync 2280
07-13 10:25:15.858 303-303/? E/SMD: DCD OFF
07-13 10:25:18.858 303-303/? E/SMD: DCD OFF
07-13 10:25:21.858 303-303/? E/SMD: DCD OFF
07-13 10:25:24.858 303-303/? E/SMD: DCD OFF
07-13 10:25:27.858 303-303/? E/SMD: DCD OFF
07-13 10:25:30.858 303-303/? E/SMD: DCD OFF
07-13 10:25:33.868 303-303/? E/SMD: DCD OFF
07-13 10:25:36.868 303-303/? E/SMD: DCD OFF
07-13 10:25:39.868 303-303/? E/SMD: DCD OFF
07-13 10:25:42.868 303-303/? E/SMD: DCD OFF
07-13 10:25:43.468 925-1625/? E/Watchdog: !@Sync 2281
07-13 10:25:45.868 303-303/? E/SMD: DCD OFF
07-13 10:25:48.868 303-303/? E/SMD: DCD OFF
07-13 10:25:51.868 303-303/? E/SMD: DCD OFF
07-13 10:25:54.868 303-303/? E/SMD: DCD OFF
07-13 10:25:57.868 303-303/? E/SMD: DCD OFF
07-13 10:26:00.868 303-303/? E/SMD: DCD OFF
07-13 10:26:03.868 303-303/? E/SMD: DCD OFF
07-13 10:26:06.868 303-303/? E/SMD: DCD OFF
07-13 10:26:09.868 303-303/? E/SMD: DCD OFF
07-13 10:26:12.868 303-303/? E/SMD: DCD OFF
07-13 10:26:13.468 925-1625/? E/Watchdog: !@Sync 2282
07-13 10:26:15.868 303-303/? E/SMD: DCD OFF
07-13 10:26:18.878 303-303/? E/SMD: DCD OFF
07-13 10:26:21.878 303-303/? E/SMD: DCD OFF
07-13 10:26:24.878 303-303/? E/SMD: DCD OFF
07-13 10:26:27.878 303-303/? E/SMD: DCD OFF
07-13 10:26:30.878 303-303/? E/SMD: DCD OFF
07-13 10:26:33.878 303-303/? E/SMD: DCD OFF
07-13 10:26:36.878 303-303/? E/SMD: DCD OFF
07-13 10:26:39.878 303-303/? E/SMD: DCD OFF
07-13 10:26:42.878 303-303/? E/SMD: DCD OFF
07-13 10:26:43.468 925-1625/? E/Watchdog: !@Sync 2283
07-13 10:26:45.878 303-303/? E/SMD: DCD OFF
07-13 10:26:48.878 303-303/? E/SMD: DCD OFF
07-13 10:26:51.878 303-303/? E/SMD: DCD OFF
07-13 10:26:54.878 303-303/? E/SMD: DCD OFF
07-13 10:26:57.878 303-303/? E/SMD: DCD OFF
07-13 10:27:00.878 303-303/? E/SMD: DCD OFF
07-13 10:27:03.878 303-303/? E/SMD: DCD OFF
07-13 10:27:06.878 303-303/? E/SMD: DCD OFF
07-13 10:27:09.888 303-303/? E/SMD: DCD OFF
07-13 10:27:12.888 303-303/? E/SMD: DCD OFF
07-13 10:27:13.468 925-1625/? E/Watchdog: !@Sync 2284
07-13 10:27:15.888 303-303/? E/SMD: DCD OFF
07-13 10:27:18.888 303-303/? E/SMD: DCD OFF
07-13 10:27:21.888 303-303/? E/SMD: DCD OFF
07-13 10:27:23.148 2863-2863/? E/auditd: In denial and Property audit_ondenial is set to 1 
07-13 10:27:24.888 303-303/? E/SMD: DCD OFF
07-13 10:27:27.888 303-303/? E/SMD: DCD OFF
07-13 10:27:29.168 26629-26629/? E/TranscodeReceiver: onReceive : android.intent.action.CHECK_SIOP_LEVEL
07-13 10:27:30.888 303-303/? E/SMD: DCD OFF
07-13 10:27:33.888 303-303/? E/SMD: DCD OFF
07-13 10:27:36.888 303-303/? E/SMD: DCD OFF
07-13 10:27:39.888 303-303/? E/SMD: DCD OFF
07-13 10:27:42.888 303-303/? E/SMD: DCD OFF
07-13 10:27:43.468 925-1625/? E/Watchdog: !@Sync 2285
07-13 10:27:45.888 303-303/? E/SMD: DCD OFF
07-13 10:27:46.958 2863-2863/? E/auditd: In denial and Property audit_ondenial is set to 1 
07-13 10:27:47.168 2863-2863/? E/auditd: In denial and Property audit_ondenial is set to 1 
07-13 10:27:48.888 303-303/? E/SMD: DCD OFF
07-13 10:27:49.678 859-859/? E/AffinityControl: AffinityControl: registerfunction enter
07-13 10:27:49.718 859-859/? E/art: No implementation found for boolean com.android.org.conscrypt.OpenSSLProvider.nativeCheckWhitelist() (tried Java_com_android_org_conscrypt_OpenSSLProvider_nativeCheckWhitelist and Java_com_android_org_conscrypt_OpenSSLProvider_nativeCheckWhitelist__)
07-13 10:27:49.758 859-859/? E/art: No implementation found for boolean com.android.org.conscrypt.OpenSSLProvider.nativeCheckWhitelist() (tried Java_com_android_org_conscrypt_OpenSSLProvider_nativeCheckWhitelist and Java_com_android_org_conscrypt_OpenSSLProvider_nativeCheckWhitelist__)
07-13 10:27:49.818 2863-2863/? E/auditd: In denial and Property audit_ondenial is set to 1 
07-13 10:27:51.888 303-303/? E/SMD: DCD OFF
07-13 10:27:54.688 897-897/? E/AffinityControl: AffinityControl: registerfunction enter
07-13 10:27:54.718 897-897/? E/art: No implementation found for boolean com.android.org.conscrypt.OpenSSLProvider.nativeCheckWhitelist() (tried Java_com_android_org_conscrypt_OpenSSLProvider_nativeCheckWhitelist and Java_com_android_org_conscrypt_OpenSSLProvider_nativeCheckWhitelist__)
07-13 10:27:54.758 897-897/? E/art: No implementation found for boolean com.android.org.conscrypt.OpenSSLProvider.nativeCheckWhitelist() (tried Java_com_android_org_conscrypt_OpenSSLProvider_nativeCheckWhitelist and Java_com_android_org_conscrypt_OpenSSLProvider_nativeCheckWhitelist__)
07-13 10:27:54.888 303-303/? E/SMD: DCD OFF
07-13 10:27:57.888 303-303/? E/SMD: DCD OFF
07-13 10:28:00.898 303-303/? E/SMD: DCD OFF
07-13 10:28:03.898 303-303/? E/SMD: DCD OFF
07-13 10:28:04.648 971-971/? E/AffinityControl: AffinityControl: registerfunction enter
07-13 10:28:04.668 971-971/? E/art: No implementation found for boolean com.android.org.conscrypt.OpenSSLProvider.nativeCheckWhitelist() (tried Java_com_android_org_conscrypt_OpenSSLProvider_nativeCheckWhitelist and Java_com_android_org_conscrypt_OpenSSLProvider_nativeCheckWhitelist__)
07-13 10:28:04.718 971-971/? E/art: No implementation found for boolean com.android.org.conscrypt.OpenSSLProvider.nativeCheckWhitelist() (tried Java_com_android_org_conscrypt_OpenSSLProvider_nativeCheckWhitelist and Java_com_android_org_conscrypt_OpenSSLProvider_nativeCheckWhitelist__)
07-13 10:28:06.898 303-303/? E/SMD: DCD OFF
07-13 10:28:09.898 303-303/? E/SMD: DCD OFF
07-13 10:28:12.898 303-303/? E/SMD: DCD OFF
07-13 10:28:13.468 925-1625/? E/Watchdog: !@Sync 2286
07-13 10:28:15.898 303-303/? E/SMD: DCD OFF
07-13 10:28:18.898 303-303/? E/SMD: DCD OFF
07-13 10:28:21.898 303-303/? E/SMD: DCD OFF
07-13 10:28:24.898 303-303/? E/SMD: DCD OFF
07-13 10:28:27.898 303-303/? E/SMD: DCD OFF
07-13 10:28:30.898 303-303/? E/SMD: DCD OFF
07-13 10:28:33.898 303-303/? E/SMD: DCD OFF
07-13 10:28:36.898 303-303/? E/SMD: DCD OFF
07-13 10:28:38.068 1040-1040/? E/AffinityControl: AffinityControl: registerfunction enter
07-13 10:28:38.108 925-2214/? E/PersonaManagerService: inState():  stateMachine is null !!
07-13 10:28:38.208 2863-2863/? E/auditd: In denial and Property audit_ondenial is set to 1 
    In denial and Property audit_ondenial is set to 1 
07-13 10:28:38.548 2863-2863/? E/auditd: In denial and Property audit_ondenial is set to 1 
    In denial and Property audit_ondenial is set to 1 
    In denial and Property audit_ondenial is set to 1 
    In denial and Property audit_ondenial is set to 1 
07-13 10:28:39.898 303-303/? E/SMD: DCD OFF
07-13 10:28:42.898 303-303/? E/SMD: DCD OFF
07-13 10:28:43.478 925-1625/? E/Watchdog: !@Sync 2287
07-13 10:28:45.898 303-303/? E/SMD: DCD OFF
07-13 10:28:48.898 303-303/? E/SMD: DCD OFF
07-13 10:28:51.898 303-303/? E/SMD: DCD OFF
07-13 10:28:54.908 303-303/? E/SMD: DCD OFF
07-13 10:28:57.908 303-303/? E/SMD: DCD OFF
07-13 10:29:00.908 303-303/? E/SMD: DCD OFF
07-13 10:29:01.558 31094-31230/? E/SQLiteLog: (10) POSIX Error : 9 SQLite Error : 3850
    (10) POSIX Error : 9 SQLite Error : 3850
07-13 10:29:03.908 303-303/? E/SMD: DCD OFF
07-13 10:29:06.908 303-303/? E/SMD: DCD OFF
07-13 10:29:09.908 303-303/? E/SMD: DCD OFF
07-13 10:29:12.908 303-303/? E/SMD: DCD OFF
07-13 10:29:13.478 925-1625/? E/Watchdog: !@Sync 2288
07-13 10:29:15.908 303-303/? E/SMD: DCD OFF
07-13 10:29:18.908 303-303/? E/SMD: DCD OFF
07-13 10:29:19.748 26629-26629/? E/TranscodeReceiver: onReceive : android.intent.action.CHECK_SIOP_LEVEL
07-13 10:29:21.908 303-303/? E/SMD: DCD OFF
07-13 10:29:24.908 303-303/? E/SMD: DCD OFF
07-13 10:29:27.908 303-303/? E/SMD: DCD OFF
07-13 10:29:30.908 303-303/? E/SMD: DCD OFF
07-13 10:29:33.918 303-303/? E/SMD: DCD OFF
07-13 10:29:36.918 303-303/? E/SMD: DCD OFF
07-13 10:29:39.918 303-303/? E/SMD: DCD OFF
07-13 10:29:42.918 303-303/? E/SMD: DCD OFF
07-13 10:29:43.478 925-1625/? E/Watchdog: !@Sync 2289
07-13 10:29:45.918 303-303/? E/SMD: DCD OFF
07-13 10:29:48.918 303-303/? E/SMD: DCD OFF
07-13 10:29:51.918 303-303/? E/SMD: DCD OFF
07-13 10:29:54.918 303-303/? E/SMD: DCD OFF
07-13 10:29:57.918 303-303/? E/SMD: DCD OFF
07-13 10:30:00.918 303-303/? E/SMD: DCD OFF
07-13 10:30:03.918 303-303/? E/SMD: DCD OFF
07-13 10:30:06.918 303-303/? E/SMD: DCD OFF
07-13 10:30:09.918 303-303/? E/SMD: DCD OFF
07-13 10:30:12.918 303-303/? E/SMD: DCD OFF
07-13 10:30:13.478 925-1625/? E/Watchdog: !@Sync 2290
07-13 10:30:15.918 303-303/? E/SMD: DCD OFF
07-13 10:30:18.918 303-303/? E/SMD: DCD OFF
07-13 10:30:21.918 303-303/? E/SMD: DCD OFF
07-13 10:30:24.918 303-303/? E/SMD: DCD OFF
07-13 10:30:27.918 303-303/? E/SMD: DCD OFF
07-13 10:30:30.918 303-303/? E/SMD: DCD OFF
07-13 10:30:33.928 303-303/? E/SMD: DCD OFF
07-13 10:30:36.928 303-303/? E/SMD: DCD OFF
07-13 10:30:39.928 303-303/? E/SMD: DCD OFF
07-13 10:30:42.928 303-303/? E/SMD: DCD OFF
07-13 10:30:43.478 925-1625/? E/Watchdog: !@Sync 2291
07-13 10:30:45.928 303-303/? E/SMD: DCD OFF
07-13 10:30:48.928 303-303/? E/SMD: DCD OFF
07-13 10:30:51.928 303-303/? E/SMD: DCD OFF
07-13 10:30:54.928 303-303/? E/SMD: DCD OFF
07-13 10:30:57.928 303-303/? E/SMD: DCD OFF
07-13 10:31:00.928 303-303/? E/SMD: DCD OFF
07-13 10:31:03.928 303-303/? E/SMD: DCD OFF
07-13 10:31:06.928 303-303/? E/SMD: DCD OFF
07-13 10:31:09.928 303-303/? E/SMD: DCD OFF
07-13 10:31:12.928 303-303/? E/SMD: DCD OFF
07-13 10:31:13.478 925-1625/? E/Watchdog: !@Sync 2292
07-13 10:31:15.928 303-303/? E/SMD: DCD OFF
07-13 10:31:18.928 303-303/? E/SMD: DCD OFF
07-13 10:31:21.928 303-303/? E/SMD: DCD OFF
07-13 10:31:24.928 303-303/? E/SMD: DCD OFF
07-13 10:31:27.928 303-303/? E/SMD: DCD OFF
07-13 10:31:30.928 303-303/? E/SMD: DCD OFF
07-13 10:31:33.938 303-303/? E/SMD: DCD OFF
07-13 10:31:36.938 303-303/? E/SMD: DCD OFF
07-13 10:31:39.938 303-303/? E/SMD: DCD OFF
07-13 10:31:40.188 26629-26629/? E/TranscodeReceiver: onReceive : android.intent.action.CHECK_SIOP_LEVEL
07-13 10:31:42.938 303-303/? E/SMD: DCD OFF
07-13 10:31:43.478 925-1625/? E/Watchdog: !@Sync 2293
07-13 10:31:45.938 303-303/? E/SMD: DCD OFF
07-13 10:31:48.938 303-303/? E/SMD: DCD OFF
07-13 10:31:51.938 303-303/? E/SMD: DCD OFF
07-13 10:31:54.938 303-303/? E/SMD: DCD OFF
07-13 10:31:57.938 303-303/? E/SMD: DCD OFF
07-13 10:32:00.938 303-303/? E/SMD: DCD OFF
07-13 10:32:03.938 303-303/? E/SMD: DCD OFF
07-13 10:32:06.938 303-303/? E/SMD: DCD OFF
07-13 10:32:09.938 303-303/? E/SMD: DCD OFF
07-13 10:32:12.938 303-303/? E/SMD: DCD OFF
07-13 10:32:13.478 925-1625/? E/Watchdog: !@Sync 2294
07-13 10:32:15.938 303-303/? E/SMD: DCD OFF
07-13 10:32:18.938 303-303/? E/SMD: DCD OFF
07-13 10:32:21.938 303-303/? E/SMD: DCD OFF
07-13 10:32:24.938 303-303/? E/SMD: DCD OFF
07-13 10:32:27.938 303-303/? E/SMD: DCD OFF
07-13 10:32:30.948 303-303/? E/SMD: DCD OFF
07-13 10:32:33.948 303-303/? E/SMD: DCD OFF
07-13 10:32:36.948 303-303/? E/SMD: DCD OFF
07-13 10:32:39.948 303-303/? E/SMD: DCD OFF
07-13 10:32:42.948 303-303/? E/SMD: DCD OFF
07-13 10:32:43.478 925-1625/? E/Watchdog: !@Sync 2295
07-13 10:32:45.948 303-303/? E/SMD: DCD OFF
07-13 10:32:48.948 303-303/? E/SMD: DCD OFF
07-13 10:32:51.948 303-303/? E/SMD: DCD OFF
07-13 10:32:54.948 303-303/? E/SMD: DCD OFF
07-13 10:32:57.948 303-303/? E/SMD: DCD OFF
07-13 10:33:00.948 303-303/? E/SMD: DCD OFF
07-13 10:33:03.948 303-303/? E/SMD: DCD OFF
07-13 10:33:06.948 303-303/? E/SMD: DCD OFF
07-13 10:33:09.948 303-303/? E/SMD: DCD OFF
07-13 10:33:10.518 26629-26629/? E/TranscodeReceiver: onReceive : android.intent.action.CHECK_SIOP_LEVEL
07-13 10:33:12.948 303-303/? E/SMD: DCD OFF
07-13 10:33:13.488 925-1625/? E/Watchdog: !@Sync 2296
07-13 10:33:15.948 303-303/? E/SMD: DCD OFF
07-13 10:33:18.948 303-303/? E/SMD: DCD OFF
07-13 10:33:21.948 303-303/? E/SMD: DCD OFF
07-13 10:33:24.948 303-303/? E/SMD: DCD OFF
07-13 10:33:27.948 303-303/? E/SMD: DCD OFF
07-13 10:33:30.958 303-303/? E/SMD: DCD OFF
07-13 10:33:33.958 303-303/? E/SMD: DCD OFF
07-13 10:33:36.958 303-303/? E/SMD: DCD OFF
07-13 10:33:39.958 303-303/? E/SMD: DCD OFF
07-13 10:33:42.958 303-303/? E/SMD: DCD OFF
07-13 10:33:43.488 925-1625/? E/Watchdog: !@Sync 2297
07-13 10:33:45.958 303-303/? E/SMD: DCD OFF
07-13 10:33:48.958 303-303/? E/SMD: DCD OFF
07-13 10:33:51.578 31094-31230/? E/SQLiteLog: (10) POSIX Error : 9 SQLite Error : 3850
07-13 10:33:51.588 31094-31230/? E/SQLiteLog: (10) POSIX Error : 9 SQLite Error : 3850
07-13 10:33:51.958 303-303/? E/SMD: DCD OFF
07-13 10:33:54.958 303-303/? E/SMD: DCD OFF
07-13 10:33:57.958 303-303/? E/SMD: DCD OFF
07-13 10:34:00.958 303-303/? E/SMD: DCD OFF
07-13 10:34:03.958 303-303/? E/SMD: DCD OFF
07-13 10:34:06.958 303-303/? E/SMD: DCD OFF
07-13 10:34:09.958 303-303/? E/SMD: DCD OFF
07-13 10:34:11.878 925-925/? E/LightSensor: Light old sensor_state 0, new sensor_state : 512 en : 1
07-13 10:34:12.268 925-1333/? E/LightSensor: Light old sensor_state 512, new sensor_state : 0 en : 0
07-13 10:34:12.958 303-303/? E/SMD: DCD OFF
07-13 10:34:13.488 925-1625/? E/Watchdog: !@Sync 2298
07-13 10:34:15.958 303-303/? E/SMD: DCD OFF
07-13 10:34:18.958 303-303/? E/SMD: DCD OFF
07-13 10:34:21.958 303-303/? E/SMD: DCD OFF
07-13 10:34:24.968 303-303/? E/SMD: DCD OFF
07-13 10:34:27.968 303-303/? E/SMD: DCD OFF
07-13 10:34:30.968 303-303/? E/SMD: DCD OFF
07-13 10:34:33.968 303-303/? E/SMD: DCD OFF
07-13 10:34:36.968 303-303/? E/SMD: DCD OFF
07-13 10:34:39.968 303-303/? E/SMD: DCD OFF
07-13 10:34:42.968 303-303/? E/SMD: DCD OFF
07-13 10:34:43.488 925-1625/? E/Watchdog: !@Sync 2299
07-13 10:34:45.968 303-303/? E/SMD: DCD OFF
07-13 10:34:48.968 303-303/? E/SMD: DCD OFF
07-13 10:34:51.968 303-303/? E/SMD: DCD OFF
07-13 10:34:54.968 303-303/? E/SMD: DCD OFF
07-13 10:34:57.968 303-303/? E/SMD: DCD OFF
07-13 10:35:00.968 303-303/? E/SMD: DCD OFF
07-13 10:35:03.968 303-303/? E/SMD: DCD OFF
07-13 10:35:06.968 303-303/? E/SMD: DCD OFF
07-13 10:35:09.968 303-303/? E/SMD: DCD OFF
07-13 10:35:12.968 303-303/? E/SMD: DCD OFF
07-13 10:35:13.488 925-1625/? E/Watchdog: !@Sync 2300
07-13 10:35:15.968 303-303/? E/SMD: DCD OFF
07-13 10:35:18.038 2863-2863/? E/auditd: In denial and Property audit_ondenial is set to 1 
07-13 10:35:18.048 2863-2863/? E/auditd: In denial and Property audit_ondenial is set to 1 
07-13 10:35:18.968 303-303/? E/SMD: DCD OFF
07-13 10:35:21.978 303-303/? E/SMD: DCD OFF
07-13 10:35:24.978 303-303/? E/SMD: DCD OFF
07-13 10:35:27.978 303-303/? E/SMD: DCD OFF
07-13 10:35:30.978 303-303/? E/SMD: DCD OFF
07-13 10:35:33.978 303-303/? E/SMD: DCD OFF
07-13 10:35:36.978 303-303/? E/SMD: DCD OFF
07-13 10:35:39.978 303-303/? E/SMD: DCD OFF
07-13 10:35:41.078 26629-26629/? E/TranscodeReceiver: onReceive : android.intent.action.CHECK_SIOP_LEVEL
07-13 10:35:42.978 303-303/? E/SMD: DCD OFF
07-13 10:35:43.488 925-1625/? E/Watchdog: !@Sync 2301
07-13 10:35:45.978 303-303/? E/SMD: DCD OFF
07-13 10:35:48.978 303-303/? E/SMD: DCD OFF
07-13 10:35:51.978 303-303/? E/SMD: DCD OFF
07-13 10:35:54.978 303-303/? E/SMD: DCD OFF
07-13 10:35:57.978 303-303/? E/SMD: DCD OFF
07-13 10:36:00.978 303-303/? E/SMD: DCD OFF
07-13 10:36:03.978 303-303/? E/SMD: DCD OFF
07-13 10:36:06.978 303-303/? E/SMD: DCD OFF
07-13 10:36:09.978 303-303/? E/SMD: DCD OFF
07-13 10:36:12.988 303-303/? E/SMD: DCD OFF
07-13 10:36:13.488 925-1625/? E/Watchdog: !@Sync 2302
07-13 10:36:15.988 303-303/? E/SMD: DCD OFF
07-13 10:36:18.988 303-303/? E/SMD: DCD OFF
07-13 10:36:21.988 303-303/? E/SMD: DCD OFF
07-13 10:36:24.988 303-303/? E/SMD: DCD OFF
07-13 10:36:27.988 303-303/? E/SMD: DCD OFF
07-13 10:36:30.988 303-303/? E/SMD: DCD OFF
07-13 10:36:33.988 303-303/? E/SMD: DCD OFF
07-13 10:36:36.988 303-303/? E/SMD: DCD OFF
07-13 10:36:39.018 925-1426/? E/WifiStateMachine: WifiStateMachine CMD_START_SCAN source 10012 txSuccessRate=0.38 rxSuccessRate=11.60 targetRoamBSSID=a8:6b:7c:24:36:5b RSSI=-41
07-13 10:36:39.028 925-1426/? E/WifiStateMachine: [1,531,449,399,036 ms] noteScanstart no scan source
07-13 10:36:39.988 303-303/? E/SMD: DCD OFF
07-13 10:36:41.048 925-925/? E/LocSvc_flp: I/===> int flp_inject_location(FlpLocation*) line 222 
07-13 10:36:41.058 925-1722/? E/LocSvc_ApiV02: I/<--- void globalRespCb(locClientHandleType, uint32_t, locClientRespIndUnionType, void*) line 125 QMI_LOC_INJECT_POSITION_REQ_V02
07-13 10:36:41.238 925-1426/? E/WifiStateMachine: [1,531,449,401,245 ms] noteScanEnd WorkSource{10012}
07-13 10:36:41.238 925-1426/? E/WifiStateMachine: wifi setScanResults statecom.android.server.wifi.WifiStateMachine$ConnectedState@1813aacb sup_state=COMPLETED debouncing=false
07-13 10:36:42.988 303-303/? E/SMD: DCD OFF
07-13 10:36:43.488 925-1625/? E/Watchdog: !@Sync 2303
07-13 10:36:45.988 303-303/? E/SMD: DCD OFF
07-13 10:36:46.508 2863-2863/? E/auditd: In denial and Property audit_ondenial is set to 1 
07-13 10:36:48.988 303-303/? E/SMD: DCD OFF
07-13 10:36:49.088 925-1426/? E/WifiStateMachine: WifiStateMachine CMD_START_SCAN source 10012 txSuccessRate=0.38 rxSuccessRate=11.60 targetRoamBSSID=a8:6b:7c:24:36:5b RSSI=-41
07-13 10:36:49.088 925-1426/? E/WifiStateMachine: [1,531,449,409,099 ms] noteScanstart no scan source
07-13 10:36:49.128 925-925/? E/LocSvc_flp: I/===> int flp_inject_location(FlpLocation*) line 222 
07-13 10:36:49.128 925-1722/? E/LocSvc_ApiV02: I/<--- void globalRespCb(locClientHandleType, uint32_t, locClientRespIndUnionType, void*) line 125 QMI_LOC_INJECT_POSITION_REQ_V02
07-13 10:36:51.298 925-1426/? E/WifiStateMachine: [1,531,449,411,306 ms] noteScanEnd WorkSource{10012}
07-13 10:36:51.298 925-1426/? E/WifiStateMachine: wifi setScanResults statecom.android.server.wifi.WifiStateMachine$ConnectedState@1813aacb sup_state=COMPLETED debouncing=false
07-13 10:36:51.998 303-303/? E/SMD: DCD OFF
07-13 10:36:54.998 303-303/? E/SMD: DCD OFF
07-13 10:36:57.998 303-303/? E/SMD: DCD OFF
07-13 10:37:00.998 303-303/? E/SMD: DCD OFF
07-13 10:37:03.998 303-303/? E/SMD: DCD OFF
07-13 10:37:06.998 303-303/? E/SMD: DCD OFF
07-13 10:37:09.998 303-303/? E/SMD: DCD OFF
07-13 10:37:12.998 303-303/? E/SMD: DCD OFF
07-13 10:37:13.488 925-1625/? E/Watchdog: !@Sync 2304
07-13 10:37:15.998 303-303/? E/SMD: DCD OFF
07-13 10:37:18.998 303-303/? E/SMD: DCD OFF
07-13 10:37:21.458 26629-26629/? E/TranscodeReceiver: onReceive : android.intent.action.CHECK_SIOP_LEVEL
07-13 10:37:21.998 303-303/? E/SMD: DCD OFF
07-13 10:37:24.998 303-303/? E/SMD: DCD OFF
07-13 10:37:27.998 303-303/? E/SMD: DCD OFF
07-13 10:37:30.998 303-303/? E/SMD: DCD OFF
07-13 10:37:33.998 303-303/? E/SMD: DCD OFF
07-13 10:37:36.998 303-303/? E/SMD: DCD OFF
07-13 10:37:39.998 303-303/? E/SMD: DCD OFF
07-13 10:37:42.998 303-303/? E/SMD: DCD OFF
07-13 10:37:43.498 925-1625/? E/Watchdog: !@Sync 2305
07-13 10:37:45.998 303-303/? E/SMD: DCD OFF
07-13 10:37:49.008 303-303/? E/SMD: DCD OFF
07-13 10:37:52.008 303-303/? E/SMD: DCD OFF
07-13 10:37:55.008 303-303/? E/SMD: DCD OFF
07-13 10:37:58.008 303-303/? E/SMD: DCD OFF
07-13 10:38:01.008 303-303/? E/SMD: DCD OFF
07-13 10:38:04.008 303-303/? E/SMD: DCD OFF
07-13 10:38:07.008 303-303/? E/SMD: DCD OFF
07-13 10:38:10.008 303-303/? E/SMD: DCD OFF
07-13 10:38:13.008 303-303/? E/SMD: DCD OFF
07-13 10:38:13.498 925-1625/? E/Watchdog: !@Sync 2306
07-13 10:38:16.008 303-303/? E/SMD: DCD OFF
07-13 10:38:19.008 303-303/? E/SMD: DCD OFF
07-13 10:38:22.008 303-303/? E/SMD: DCD OFF
07-13 10:38:25.008 303-303/? E/SMD: DCD OFF
07-13 10:38:25.998 21613-21613/? E/MtpServerJNI: server is null in send_object_removed
07-13 10:38:28.008 303-303/? E/SMD: DCD OFF
07-13 10:38:31.008 303-303/? E/SMD: DCD OFF
07-13 10:38:34.008 303-303/? E/SMD: DCD OFF
07-13 10:38:37.008 303-303/? E/SMD: DCD OFF
07-13 10:38:40.008 303-303/? E/SMD: DCD OFF
07-13 10:38:41.588 31094-31230/? E/SQLiteLog: (10) POSIX Error : 9 SQLite Error : 3850
07-13 10:38:41.598 31094-31230/? E/SQLiteLog: (10) POSIX Error : 9 SQLite Error : 3850
07-13 10:38:43.008 303-303/? E/SMD: DCD OFF
07-13 10:38:43.498 925-1625/? E/Watchdog: !@Sync 2307
07-13 10:38:46.008 303-303/? E/SMD: DCD OFF
07-13 10:38:49.018 303-303/? E/SMD: DCD OFF
07-13 10:38:52.018 303-303/? E/SMD: DCD OFF
07-13 10:38:55.018 303-303/? E/SMD: DCD OFF
07-13 10:38:58.018 303-303/? E/SMD: DCD OFF
07-13 10:39:01.018 303-303/? E/SMD: DCD OFF
07-13 10:39:04.018 303-303/? E/SMD: DCD OFF
07-13 10:39:07.018 303-303/? E/SMD: DCD OFF
07-13 10:39:10.018 303-303/? E/SMD: DCD OFF
07-13 10:39:13.018 303-303/? E/SMD: DCD OFF
07-13 10:39:13.498 925-1625/? E/Watchdog: !@Sync 2308
07-13 10:39:16.018 303-303/? E/SMD: DCD OFF
07-13 10:39:19.018 303-303/? E/SMD: DCD OFF
07-13 10:39:22.018 303-303/? E/SMD: DCD OFF
07-13 10:39:25.018 303-303/? E/SMD: DCD OFF
07-13 10:39:28.018 303-303/? E/SMD: DCD OFF
07-13 10:39:31.018 303-303/? E/SMD: DCD OFF
07-13 10:39:34.018 303-303/? E/SMD: DCD OFF
07-13 10:39:37.028 303-303/? E/SMD: DCD OFF
07-13 10:39:40.028 303-303/? E/SMD: DCD OFF
07-13 10:39:43.028 303-303/? E/SMD: DCD OFF
07-13 10:39:43.498 925-1625/? E/Watchdog: !@Sync 2309
07-13 10:39:46.028 303-303/? E/SMD: DCD OFF
07-13 10:39:49.028 303-303/? E/SMD: DCD OFF
07-13 10:39:52.018 26629-26629/? E/TranscodeReceiver: onReceive : android.intent.action.CHECK_SIOP_LEVEL
07-13 10:39:52.028 303-303/? E/SMD: DCD OFF
07-13 10:39:55.028 303-303/? E/SMD: DCD OFF
07-13 10:39:58.028 303-303/? E/SMD: DCD OFF
07-13 10:40:01.028 303-303/? E/SMD: DCD OFF
07-13 10:40:04.028 303-303/? E/SMD: DCD OFF
07-13 10:40:07.028 303-303/? E/SMD: DCD OFF
07-13 10:40:10.028 303-303/? E/SMD: DCD OFF
07-13 10:40:13.028 303-303/? E/SMD: DCD OFF
07-13 10:40:13.498 925-1625/? E/Watchdog: !@Sync 2310
07-13 10:40:16.028 303-303/? E/SMD: DCD OFF
07-13 10:40:19.028 303-303/? E/SMD: DCD OFF
07-13 10:40:22.028 303-303/? E/SMD: DCD OFF
07-13 10:40:25.028 303-303/? E/SMD: DCD OFF
07-13 10:40:28.028 303-303/? E/SMD: DCD OFF
07-13 10:40:31.028 303-303/? E/SMD: DCD OFF
07-13 10:40:34.028 303-303/? E/SMD: DCD OFF
07-13 10:40:37.028 303-303/? E/SMD: DCD OFF
07-13 10:40:40.038 303-303/? E/SMD: DCD OFF
07-13 10:40:43.038 303-303/? E/SMD: DCD OFF
07-13 10:40:43.498 925-1625/? E/Watchdog: !@Sync 2311
07-13 10:40:46.038 303-303/? E/SMD: DCD OFF
07-13 10:40:49.038 303-303/? E/SMD: DCD OFF
07-13 10:40:52.038 303-303/? E/SMD: DCD OFF
07-13 10:40:55.038 303-303/? E/SMD: DCD OFF
07-13 10:40:58.038 303-303/? E/SMD: DCD OFF
07-13 10:41:01.038 303-303/? E/SMD: DCD OFF
07-13 10:41:04.038 303-303/? E/SMD: DCD OFF
07-13 10:41:07.038 303-303/? E/SMD: DCD OFF
07-13 10:41:10.038 303-303/? E/SMD: DCD OFF
07-13 10:41:13.038 303-303/? E/SMD: DCD OFF
07-13 10:41:13.498 925-1625/? E/Watchdog: !@Sync 2312
07-13 10:41:16.038 303-303/? E/SMD: DCD OFF
07-13 10:41:19.038 303-303/? E/SMD: DCD OFF
07-13 10:41:22.038 303-303/? E/SMD: DCD OFF
07-13 10:41:25.038 303-303/? E/SMD: DCD OFF
07-13 10:41:28.038 303-303/? E/SMD: DCD OFF
07-13 10:41:31.038 303-303/? E/SMD: DCD OFF
07-13 10:41:32.398 26629-26629/? E/TranscodeReceiver: onReceive : android.intent.action.CHECK_SIOP_LEVEL
07-13 10:41:34.038 303-303/? E/SMD: DCD OFF
07-13 10:41:37.048 303-303/? E/SMD: DCD OFF
07-13 10:41:40.048 303-303/? E/SMD: DCD OFF
07-13 10:41:43.048 303-303/? E/SMD: DCD OFF
07-13 10:41:43.498 925-1625/? E/Watchdog: !@Sync 2313
07-13 10:41:45.708 2863-2863/? E/auditd: In denial and Property audit_ondenial is set to 1 
07-13 10:41:46.048 303-303/? E/SMD: DCD OFF
07-13 10:41:49.048 303-303/? E/SMD: DCD OFF
07-13 10:41:52.048 303-303/? E/SMD: DCD OFF
07-13 10:41:55.048 303-303/? E/SMD: DCD OFF
07-13 10:41:58.048 303-303/? E/SMD: DCD OFF
07-13 10:42:01.048 303-303/? E/SMD: DCD OFF
07-13 10:42:04.048 303-303/? E/SMD: DCD OFF
07-13 10:42:07.048 303-303/? E/SMD: DCD OFF
07-13 10:42:10.048 303-303/? E/SMD: DCD OFF
07-13 10:42:13.048 303-303/? E/SMD: DCD OFF
07-13 10:42:13.498 925-1625/? E/Watchdog: !@Sync 2314
07-13 10:42:16.048 303-303/? E/SMD: DCD OFF
07-13 10:42:19.058 303-303/? E/SMD: DCD OFF
07-13 10:42:22.058 303-303/? E/SMD: DCD OFF
07-13 10:42:25.058 303-303/? E/SMD: DCD OFF
07-13 10:42:28.058 303-303/? E/SMD: DCD OFF
07-13 10:42:31.058 303-303/? E/SMD: DCD OFF
07-13 10:42:34.058 303-303/? E/SMD: DCD OFF
07-13 10:42:37.058 303-303/? E/SMD: DCD OFF
07-13 10:42:40.058 303-303/? E/SMD: DCD OFF
07-13 10:42:43.058 303-303/? E/SMD: DCD OFF
07-13 10:42:43.498 925-1625/? E/Watchdog: !@Sync 2315
07-13 10:42:46.058 303-303/? E/SMD: DCD OFF
07-13 10:42:49.058 303-303/? E/SMD: DCD OFF
07-13 10:42:52.058 303-303/? E/SMD: DCD OFF
07-13 10:42:55.058 303-303/? E/SMD: DCD OFF
07-13 10:42:58.058 303-303/? E/SMD: DCD OFF
07-13 10:43:01.058 303-303/? E/SMD: DCD OFF
07-13 10:43:04.058 303-303/? E/SMD: DCD OFF
07-13 10:43:07.058 303-303/? E/SMD: DCD OFF
07-13 10:43:10.058 303-303/? E/SMD: DCD OFF
07-13 10:43:13.068 303-303/? E/SMD: DCD OFF
07-13 10:43:13.508 925-1625/? E/Watchdog: !@Sync 2316
07-13 10:43:16.068 303-303/? E/SMD: DCD OFF
07-13 10:43:19.068 303-303/? E/SMD: DCD OFF
07-13 10:43:22.068 303-303/? E/SMD: DCD OFF
07-13 10:43:25.068 303-303/? E/SMD: DCD OFF
07-13 10:43:28.068 303-303/? E/SMD: DCD OFF
07-13 10:43:31.068 303-303/? E/SMD: DCD OFF
07-13 10:43:31.588 31094-31230/? E/SQLiteLog: (10) POSIX Error : 9 SQLite Error : 3850
07-13 10:43:31.598 31094-31230/? E/SQLiteLog: (10) POSIX Error : 9 SQLite Error : 3850
07-13 10:43:34.068 303-303/? E/SMD: DCD OFF
07-13 10:43:37.068 303-303/? E/SMD: DCD OFF
07-13 10:43:40.068 303-303/? E/SMD: DCD OFF
07-13 10:43:43.068 303-303/? E/SMD: DCD OFF
07-13 10:43:43.508 925-1625/? E/Watchdog: !@Sync 2317
07-13 10:43:46.068 303-303/? E/SMD: DCD OFF
07-13 10:43:49.068 303-303/? E/SMD: DCD OFF
07-13 10:43:52.068 303-303/? E/SMD: DCD OFF
07-13 10:43:55.068 303-303/? E/SMD: DCD OFF
07-13 10:43:58.068 303-303/? E/SMD: DCD OFF
07-13 10:44:01.068 303-303/? E/SMD: DCD OFF
07-13 10:44:04.068 303-303/? E/SMD: DCD OFF
07-13 10:44:07.068 303-303/? E/SMD: DCD OFF
07-13 10:44:10.068 303-303/? E/SMD: DCD OFF
07-13 10:44:12.278 925-925/? E/LightSensor: Light old sensor_state 0, new sensor_state : 512 en : 1
07-13 10:44:12.648 925-1333/? E/LightSensor: Light old sensor_state 512, new sensor_state : 0 en : 0
07-13 10:44:13.068 303-303/? E/SMD: DCD OFF
07-13 10:44:13.508 925-1625/? E/Watchdog: !@Sync 2318
07-13 10:44:16.078 303-303/? E/SMD: DCD OFF
07-13 10:44:19.078 303-303/? E/SMD: DCD OFF
07-13 10:44:22.078 303-303/? E/SMD: DCD OFF
07-13 10:44:25.078 303-303/? E/SMD: DCD OFF
07-13 10:44:28.078 303-303/? E/SMD: DCD OFF
07-13 10:44:31.078 303-303/? E/SMD: DCD OFF
07-13 10:44:33.088 26629-26629/? E/TranscodeReceiver: onReceive : android.intent.action.CHECK_SIOP_LEVEL
07-13 10:44:34.078 303-303/? E/SMD: DCD OFF
07-13 10:44:37.078 303-303/? E/SMD: DCD OFF
07-13 10:44:40.078 303-303/? E/SMD: DCD OFF
07-13 10:44:43.078 303-303/? E/SMD: DCD OFF
07-13 10:44:43.508 925-1625/? E/Watchdog: !@Sync 2319
07-13 10:44:46.078 303-303/? E/SMD: DCD OFF
07-13 10:44:49.078 303-303/? E/SMD: DCD OFF
07-13 10:44:52.078 303-303/? E/SMD: DCD OFF
07-13 10:44:55.078 303-303/? E/SMD: DCD OFF
07-13 10:44:58.078 303-303/? E/SMD: DCD OFF
07-13 10:45:01.078 303-303/? E/SMD: DCD OFF
07-13 10:45:04.078 303-303/? E/SMD: DCD OFF
07-13 10:45:07.078 303-303/? E/SMD: DCD OFF
07-13 10:45:10.078 303-303/? E/SMD: DCD OFF
07-13 10:45:13.088 303-303/? E/SMD: DCD OFF
07-13 10:45:13.508 925-1625/? E/Watchdog: !@Sync 2320
07-13 10:45:16.088 303-303/? E/SMD: DCD OFF
07-13 10:45:19.088 303-303/? E/SMD: DCD OFF
07-13 10:45:22.088 303-303/? E/SMD: DCD OFF
07-13 10:45:25.088 303-303/? E/SMD: DCD OFF
07-13 10:45:28.088 303-303/? E/SMD: DCD OFF
07-13 10:45:31.088 303-303/? E/SMD: DCD OFF
07-13 10:45:34.088 303-303/? E/SMD: DCD OFF
07-13 10:45:37.088 303-303/? E/SMD: DCD OFF
07-13 10:45:40.088 303-303/? E/SMD: DCD OFF
07-13 10:45:43.088 303-303/? E/SMD: DCD OFF
07-13 10:45:43.508 925-1625/? E/Watchdog: !@Sync 2321
07-13 10:45:46.088 303-303/? E/SMD: DCD OFF
07-13 10:45:49.088 303-303/? E/SMD: DCD OFF
07-13 10:45:52.088 303-303/? E/SMD: DCD OFF
07-13 10:45:55.088 303-303/? E/SMD: DCD OFF
07-13 10:45:58.088 303-303/? E/SMD: DCD OFF
07-13 10:46:01.088 303-303/? E/SMD: DCD OFF
07-13 10:46:04.088 303-303/? E/SMD: DCD OFF
07-13 10:46:07.088 303-303/? E/SMD: DCD OFF
07-13 10:46:10.098 303-303/? E/SMD: DCD OFF
07-13 10:46:13.098 303-303/? E/SMD: DCD OFF
07-13 10:46:13.458 26629-26629/? E/TranscodeReceiver: onReceive : android.intent.action.CHECK_SIOP_LEVEL
07-13 10:46:13.508 925-1625/? E/Watchdog: !@Sync 2322
07-13 10:46:16.098 303-303/? E/SMD: DCD OFF
07-13 10:46:19.098 303-303/? E/SMD: DCD OFF
07-13 10:46:22.098 303-303/? E/SMD: DCD OFF
07-13 10:46:25.098 303-303/? E/SMD: DCD OFF
07-13 10:46:28.098 303-303/? E/SMD: DCD OFF
07-13 10:46:31.098 303-303/? E/SMD: DCD OFF
07-13 10:46:34.098 303-303/? E/SMD: DCD OFF
07-13 10:46:37.098 303-303/? E/SMD: DCD OFF
07-13 10:46:40.098 303-303/? E/SMD: DCD OFF
07-13 10:46:43.098 303-303/? E/SMD: DCD OFF
07-13 10:46:43.508 925-1625/? E/Watchdog: !@Sync 2323
07-13 10:46:46.098 303-303/? E/SMD: DCD OFF
07-13 10:46:49.098 303-303/? E/SMD: DCD OFF
07-13 10:46:52.098 303-303/? E/SMD: DCD OFF
07-13 10:46:55.108 303-303/? E/SMD: DCD OFF
07-13 10:46:58.108 303-303/? E/SMD: DCD OFF
07-13 10:47:01.108 303-303/? E/SMD: DCD OFF
07-13 10:47:04.108 303-303/? E/SMD: DCD OFF
07-13 10:47:07.108 303-303/? E/SMD: DCD OFF
07-13 10:47:10.108 303-303/? E/SMD: DCD OFF
07-13 10:47:13.108 303-303/? E/SMD: DCD OFF
07-13 10:47:13.508 925-1625/? E/Watchdog: !@Sync 2324
07-13 10:47:16.108 303-303/? E/SMD: DCD OFF
07-13 10:47:19.108 303-303/? E/SMD: DCD OFF
07-13 10:47:22.108 303-303/? E/SMD: DCD OFF
07-13 10:47:25.108 303-303/? E/SMD: DCD OFF
07-13 10:47:28.108 303-303/? E/SMD: DCD OFF
07-13 10:47:31.108 303-303/? E/SMD: DCD OFF
07-13 10:47:34.108 303-303/? E/SMD: DCD OFF
07-13 10:47:37.108 303-303/? E/SMD: DCD OFF
07-13 10:47:40.108 303-303/? E/SMD: DCD OFF
07-13 10:47:43.108 303-303/? E/SMD: DCD OFF
07-13 10:47:43.508 925-1625/? E/Watchdog: !@Sync 2325
07-13 10:47:46.108 303-303/? E/SMD: DCD OFF
07-13 10:47:49.108 303-303/? E/SMD: DCD OFF
07-13 10:47:51.998 2863-2863/? E/auditd: In denial and Property audit_ondenial is set to 1 
07-13 10:47:52.108 303-303/? E/SMD: DCD OFF
07-13 10:47:52.148 2863-2863/? E/auditd: In denial and Property audit_ondenial is set to 1 
07-13 10:47:54.228 2906-2906/? E/AffinityControl: AffinityControl: registerfunction enter
07-13 10:47:54.258 2906-2906/? E/art: No implementation found for boolean com.android.org.conscrypt.OpenSSLProvider.nativeCheckWhitelist() (tried Java_com_android_org_conscrypt_OpenSSLProvider_nativeCheckWhitelist and Java_com_android_org_conscrypt_OpenSSLProvider_nativeCheckWhitelist__)
07-13 10:47:54.288 2906-2906/? E/art: No implementation found for boolean com.android.org.conscrypt.OpenSSLProvider.nativeCheckWhitelist() (tried Java_com_android_org_conscrypt_OpenSSLProvider_nativeCheckWhitelist and Java_com_android_org_conscrypt_OpenSSLProvider_nativeCheckWhitelist__)
07-13 10:47:54.348 2863-2863/? E/auditd: In denial and Property audit_ondenial is set to 1 
07-13 10:47:55.108 303-303/? E/SMD: DCD OFF
07-13 10:47:58.108 303-303/? E/SMD: DCD OFF
07-13 10:47:59.228 2971-2971/? E/AffinityControl: AffinityControl: registerfunction enter
07-13 10:47:59.248 2971-2971/? E/art: No implementation found for boolean com.android.org.conscrypt.OpenSSLProvider.nativeCheckWhitelist() (tried Java_com_android_org_conscrypt_OpenSSLProvider_nativeCheckWhitelist and Java_com_android_org_conscrypt_OpenSSLProvider_nativeCheckWhitelist__)
07-13 10:47:59.288 2971-2971/? E/art: No implementation found for boolean com.android.org.conscrypt.OpenSSLProvider.nativeCheckWhitelist() (tried Java_com_android_org_conscrypt_OpenSSLProvider_nativeCheckWhitelist and Java_com_android_org_conscrypt_OpenSSLProvider_nativeCheckWhitelist__)
07-13 10:48:01.118 303-303/? E/SMD: DCD OFF
07-13 10:48:04.118 303-303/? E/SMD: DCD OFF
07-13 10:48:07.118 303-303/? E/SMD: DCD OFF
07-13 10:48:09.208 3018-3018/? E/AffinityControl: AffinityControl: registerfunction enter
07-13 10:48:09.238 3018-3018/? E/art: No implementation found for boolean com.android.org.conscrypt.OpenSSLProvider.nativeCheckWhitelist() (tried Java_com_android_org_conscrypt_OpenSSLProvider_nativeCheckWhitelist and Java_com_android_org_conscrypt_OpenSSLProvider_nativeCheckWhitelist__)
07-13 10:48:09.268 3018-3018/? E/art: No implementation found for boolean com.android.org.conscrypt.OpenSSLProvider.nativeCheckWhitelist() (tried Java_com_android_org_conscrypt_OpenSSLProvider_nativeCheckWhitelist and Java_com_android_org_conscrypt_OpenSSLProvider_nativeCheckWhitelist__)
07-13 10:48:10.118 303-303/? E/SMD: DCD OFF
07-13 10:48:13.118 303-303/? E/SMD: DCD OFF
07-13 10:48:13.508 925-1625/? E/Watchdog: !@Sync 2326
07-13 10:48:13.988 26629-26629/? E/TranscodeReceiver: onReceive : android.intent.action.CHECK_SIOP_LEVEL
07-13 10:48:16.118 303-303/? E/SMD: DCD OFF
07-13 10:48:19.118 303-303/? E/SMD: DCD OFF
07-13 10:48:21.608 31094-31230/? E/SQLiteLog: (10) POSIX Error : 9 SQLite Error : 3850
    (10) POSIX Error : 9 SQLite Error : 3850
07-13 10:48:22.118 303-303/? E/SMD: DCD OFF
07-13 10:48:25.118 303-303/? E/SMD: DCD OFF
07-13 10:48:28.118 303-303/? E/SMD: DCD OFF
07-13 10:48:31.118 303-303/? E/SMD: DCD OFF
07-13 10:48:34.118 303-303/? E/SMD: DCD OFF
07-13 10:48:37.118 303-303/? E/SMD: DCD OFF
07-13 10:48:40.118 303-303/? E/SMD: DCD OFF
07-13 10:48:43.118 303-303/? E/SMD: DCD OFF
07-13 10:48:43.508 925-1625/? E/Watchdog: !@Sync 2327
07-13 10:48:46.118 303-303/? E/SMD: DCD OFF
07-13 10:48:49.118 303-303/? E/SMD: DCD OFF
07-13 10:48:52.118 303-303/? E/SMD: DCD OFF
07-13 10:48:55.118 303-303/? E/SMD: DCD OFF
07-13 10:48:58.118 303-303/? E/SMD: DCD OFF
07-13 10:49:01.118 303-303/? E/SMD: DCD OFF
07-13 10:49:02.818 925-1382/? E/SamsungWindowManager: mCoreNumLockHelper.acquire
07-13 10:49:02.828 925-1467/? E/LightSensor: Light old sensor_state 0, new sensor_state : 512 en : 1
07-13 10:49:02.848 925-1467/? E/Sensors: Acc old sensor_state 512, new sensor_state : 513 en : 1
07-13 10:49:03.008 1482-1482/? E/StatusBar.NetworkController: isSglteMode is false
07-13 10:49:03.028 1482-1482/? E/StatusBar.NetworkController: isSglteMode is false
07-13 10:49:03.088 254-254/? E/qdexternal: writeHPDOption: file write failed '/sys/devices/virtual/graphics/fb1/hpd'
07-13 10:49:03.258 925-1393/? E/MotionRecognitionService:  handler : SCREEN_ON end
07-13 10:49:03.268 925-1426/? E/WifiStateMachine: handleScreenStateChanged Exit: true
07-13 10:49:03.288 925-1426/? E/WifiStateMachine: setSuspendOptimizationsNative: 4 false -want true stack:setSuspendOptimizationsNative - access$16800 - processMessage - processMsg
07-13 10:49:03.288 925-1426/? E/native: do suspend false
07-13 10:49:03.388 925-1273/? E/ActivityManager: checkUser: useridlist=null, currentuser=0
    checkUser: useridlist=null, currentuser=0
    checkUser: useridlist=null, currentuser=0
    checkUser: useridlist=null, currentuser=0
07-13 10:49:03.408 3141-3141/? E/Zygote: MountEmulatedStorage()
07-13 10:49:03.408 3141-3141/? E/Zygote: v2
07-13 10:49:03.458 3141-3141/? E/SELinux: [DEBUG] get_category: variable seinfo: default sensitivity: NULL, cateogry: NULL
07-13 10:49:03.468 1482-1482/? E/StatusBar.NetworkController: isSglteMode is false
07-13 10:49:03.468 1482-1482/? E/StatusBar.NetworkController: refreshSignalCluster: RssiDisplayNum = 1
    refreshSignalCluster: set mShowPhoneRSSIForData = false
07-13 10:49:03.478 1482-1482/? E/StatusBar.NetworkController: isSglteMode is false
07-13 10:49:03.478 1482-1482/? E/StatusBar.NetworkController: refreshSignalCluster: RssiDisplayNum = 1
    refreshSignalCluster: set mShowPhoneRSSIForData = false
07-13 10:49:03.478 1482-1482/? E/StatusBar.NetworkController: isSglteMode is false
07-13 10:49:03.478 1482-1482/? E/StatusBar.NetworkController: refreshSignalCluster: RssiDisplayNum = 1
