07-13 09:55:30.288 1482-1482/? E/StatusBar.NetworkController: isSglteMode is false
07-13 09:55:30.288 1482-1482/? E/StatusBar.NetworkController: refreshSignalCluster: RssiDisplayNum = 1
    refreshSignalCluster: set mShowPhoneRSSIForData = false
07-13 09:55:30.308 1482-1482/? E/StatusBar.NetworkController: isSglteMode is false
07-13 09:55:30.308 1482-1482/? E/StatusBar.NetworkController: refreshSignalCluster: RssiDisplayNum = 1
    refreshSignalCluster: set mShowPhoneRSSIForData = false
07-13 09:55:30.458 303-303/? E/SMD: DCD OFF
07-13 09:55:31.288 1482-1482/? E/StatusBar.NetworkController: isSglteMode is false
07-13 09:55:31.288 1482-1482/? E/StatusBar.NetworkController: refreshSignalCluster: RssiDisplayNum = 1
    refreshSignalCluster: set mShowPhoneRSSIForData = false
07-13 09:55:31.298 1482-1482/? E/StatusBar.NetworkController: isSglteMode is false
07-13 09:55:31.298 1482-1482/? E/StatusBar.NetworkController: refreshSignalCluster: RssiDisplayNum = 1
    refreshSignalCluster: set mShowPhoneRSSIForData = false
07-13 09:55:31.298 1482-1482/? E/StatusBar.NetworkController: isSglteMode is false
07-13 09:55:31.298 1482-1482/? E/StatusBar.NetworkController: refreshSignalCluster: RssiDisplayNum = 1
    refreshSignalCluster: set mShowPhoneRSSIForData = false
07-13 09:55:31.308 1482-1482/? E/StatusBar.NetworkController: isSglteMode is false
07-13 09:55:31.308 1482-1482/? E/StatusBar.NetworkController: refreshSignalCluster: RssiDisplayNum = 1
    refreshSignalCluster: set mShowPhoneRSSIForData = false
07-13 09:55:33.458 303-303/? E/SMD: DCD OFF
07-13 09:55:36.458 303-303/? E/SMD: DCD OFF
07-13 09:55:38.338 1482-1482/? E/StatusBar.NetworkController: isSglteMode is false
07-13 09:55:39.458 303-303/? E/SMD: DCD OFF
07-13 09:55:40.498 26629-26629/? E/TranscodeReceiver: onReceive : android.intent.action.CHECK_SIOP_LEVEL
07-13 09:55:42.458 303-303/? E/SMD: DCD OFF
07-13 09:55:43.398 925-1625/? E/Watchdog: !@Sync 2221
07-13 09:55:45.458 303-303/? E/SMD: DCD OFF
07-13 09:55:46.338 1482-1482/? E/StatusBar.NetworkController: isSglteMode is false
07-13 09:55:46.338 1482-1482/? E/StatusBar.NetworkController: refreshSignalCluster: RssiDisplayNum = 1
    refreshSignalCluster: set mShowPhoneRSSIForData = false
07-13 09:55:46.338 1482-1482/? E/StatusBar.NetworkController: isSglteMode is false
07-13 09:55:46.338 1482-1482/? E/StatusBar.NetworkController: refreshSignalCluster: RssiDisplayNum = 1
    refreshSignalCluster: set mShowPhoneRSSIForData = false
07-13 09:55:46.338 1482-1482/? E/StatusBar.NetworkController: isSglteMode is false
07-13 09:55:46.338 1482-1482/? E/StatusBar.NetworkController: refreshSignalCluster: RssiDisplayNum = 1
    refreshSignalCluster: set mShowPhoneRSSIForData = false
07-13 09:55:46.338 1482-1482/? E/StatusBar.NetworkController: isSglteMode is false
07-13 09:55:46.338 1482-1482/? E/StatusBar.NetworkController: refreshSignalCluster: RssiDisplayNum = 1
    refreshSignalCluster: set mShowPhoneRSSIForData = false
07-13 09:55:48.348 1482-1482/? E/StatusBar.NetworkController: isSglteMode is false
07-13 09:55:48.348 1482-1482/? E/StatusBar.NetworkController: refreshSignalCluster: RssiDisplayNum = 1
    refreshSignalCluster: set mShowPhoneRSSIForData = false
07-13 09:55:48.348 1482-1482/? E/StatusBar.NetworkController: isSglteMode is false
07-13 09:55:48.348 1482-1482/? E/StatusBar.NetworkController: refreshSignalCluster: RssiDisplayNum = 1
    refreshSignalCluster: set mShowPhoneRSSIForData = false
07-13 09:55:48.358 1482-1482/? E/StatusBar.NetworkController: isSglteMode is false
07-13 09:55:48.358 1482-1482/? E/StatusBar.NetworkController: refreshSignalCluster: RssiDisplayNum = 1
    refreshSignalCluster: set mShowPhoneRSSIForData = false
07-13 09:55:48.358 1482-1482/? E/StatusBar.NetworkController: isSglteMode is false
07-13 09:55:48.358 1482-1482/? E/StatusBar.NetworkController: refreshSignalCluster: RssiDisplayNum = 1
    refreshSignalCluster: set mShowPhoneRSSIForData = false
07-13 09:55:48.458 303-303/? E/SMD: DCD OFF
07-13 09:55:50.498 26629-26629/? E/TranscodeReceiver: onReceive : android.intent.action.CHECK_SIOP_LEVEL
07-13 09:55:51.468 303-303/? E/SMD: DCD OFF
07-13 09:55:54.468 303-303/? E/SMD: DCD OFF
07-13 09:55:56.418 1482-1482/? E/StatusBar.NetworkController: isSglteMode is false
07-13 09:55:56.418 1482-1482/? E/StatusBar.NetworkController: refreshSignalCluster: RssiDisplayNum = 1
    refreshSignalCluster: set mShowPhoneRSSIForData = false
07-13 09:55:56.418 1482-1482/? E/StatusBar.NetworkController: isSglteMode is false
07-13 09:55:56.418 1482-1482/? E/StatusBar.NetworkController: refreshSignalCluster: RssiDisplayNum = 1
    refreshSignalCluster: set mShowPhoneRSSIForData = false
07-13 09:55:56.418 1482-1482/? E/StatusBar.NetworkController: isSglteMode is false
07-13 09:55:56.418 1482-1482/? E/StatusBar.NetworkController: refreshSignalCluster: RssiDisplayNum = 1
    refreshSignalCluster: set mShowPhoneRSSIForData = false
07-13 09:55:56.418 1482-1482/? E/StatusBar.NetworkController: isSglteMode is false
07-13 09:55:56.418 1482-1482/? E/StatusBar.NetworkController: refreshSignalCluster: RssiDisplayNum = 1
    refreshSignalCluster: set mShowPhoneRSSIForData = false
07-13 09:55:57.428 1482-1482/? E/StatusBar.NetworkController: isSglteMode is false
07-13 09:55:57.428 1482-1482/? E/StatusBar.NetworkController: refreshSignalCluster: RssiDisplayNum = 1
    refreshSignalCluster: set mShowPhoneRSSIForData = false
07-13 09:55:57.428 1482-1482/? E/StatusBar.NetworkController: isSglteMode is false
07-13 09:55:57.428 1482-1482/? E/StatusBar.NetworkController: refreshSignalCluster: RssiDisplayNum = 1
    refreshSignalCluster: set mShowPhoneRSSIForData = false
07-13 09:55:57.428 1482-1482/? E/StatusBar.NetworkController: isSglteMode is false
07-13 09:55:57.428 1482-1482/? E/StatusBar.NetworkController: refreshSignalCluster: RssiDisplayNum = 1
    refreshSignalCluster: set mShowPhoneRSSIForData = false
07-13 09:55:57.428 1482-1482/? E/StatusBar.NetworkController: isSglteMode is false
07-13 09:55:57.428 1482-1482/? E/StatusBar.NetworkController: refreshSignalCluster: RssiDisplayNum = 1
    refreshSignalCluster: set mShowPhoneRSSIForData = false
07-13 09:55:57.468 303-303/? E/SMD: DCD OFF
07-13 09:56:00.468 303-303/? E/SMD: DCD OFF
07-13 09:56:03.468 303-303/? E/SMD: DCD OFF
07-13 09:56:06.468 303-303/? E/SMD: DCD OFF
07-13 09:56:06.588 1482-1482/? E/StatusBar.NetworkController: isSglteMode is false
07-13 09:56:07.458 1482-1482/? E/StatusBar.NetworkController: isSglteMode is false
07-13 09:56:07.458 1482-1482/? E/StatusBar.NetworkController: refreshSignalCluster: RssiDisplayNum = 1
    refreshSignalCluster: set mShowPhoneRSSIForData = false
07-13 09:56:07.468 1482-1482/? E/StatusBar.NetworkController: isSglteMode is false
07-13 09:56:07.468 1482-1482/? E/StatusBar.NetworkController: refreshSignalCluster: RssiDisplayNum = 1
    refreshSignalCluster: set mShowPhoneRSSIForData = false
07-13 09:56:07.468 1482-1482/? E/StatusBar.NetworkController: isSglteMode is false
07-13 09:56:07.468 1482-1482/? E/StatusBar.NetworkController: refreshSignalCluster: RssiDisplayNum = 1
    refreshSignalCluster: set mShowPhoneRSSIForData = false
07-13 09:56:07.468 1482-1482/? E/StatusBar.NetworkController: isSglteMode is false
07-13 09:56:07.468 1482-1482/? E/StatusBar.NetworkController: refreshSignalCluster: RssiDisplayNum = 1
    refreshSignalCluster: set mShowPhoneRSSIForData = false
07-13 09:56:08.478 1482-1482/? E/StatusBar.NetworkController: isSglteMode is false
07-13 09:56:08.478 1482-1482/? E/StatusBar.NetworkController: refreshSignalCluster: RssiDisplayNum = 1
    refreshSignalCluster: set mShowPhoneRSSIForData = false
07-13 09:56:08.478 1482-1482/? E/StatusBar.NetworkController: isSglteMode is false
07-13 09:56:08.478 1482-1482/? E/StatusBar.NetworkController: refreshSignalCluster: RssiDisplayNum = 1
    refreshSignalCluster: set mShowPhoneRSSIForData = false
07-13 09:56:08.488 1482-1482/? E/StatusBar.NetworkController: isSglteMode is false
07-13 09:56:08.488 1482-1482/? E/StatusBar.NetworkController: refreshSignalCluster: RssiDisplayNum = 1
    refreshSignalCluster: set mShowPhoneRSSIForData = false
07-13 09:56:08.498 1482-1482/? E/StatusBar.NetworkController: isSglteMode is false
07-13 09:56:08.498 1482-1482/? E/StatusBar.NetworkController: refreshSignalCluster: RssiDisplayNum = 1
    refreshSignalCluster: set mShowPhoneRSSIForData = false
07-13 09:56:09.468 303-303/? E/SMD: DCD OFF
07-13 09:56:10.478 1482-1482/? E/StatusBar.NetworkController: isSglteMode is false
07-13 09:56:10.478 1482-1482/? E/StatusBar.NetworkController: refreshSignalCluster: RssiDisplayNum = 1
    refreshSignalCluster: set mShowPhoneRSSIForData = false
07-13 09:56:10.478 1482-1482/? E/StatusBar.NetworkController: isSglteMode is false
07-13 09:56:10.478 1482-1482/? E/StatusBar.NetworkController: refreshSignalCluster: RssiDisplayNum = 1
    refreshSignalCluster: set mShowPhoneRSSIForData = false
07-13 09:56:10.478 1482-1482/? E/StatusBar.NetworkController: isSglteMode is false
07-13 09:56:10.478 1482-1482/? E/StatusBar.NetworkController: refreshSignalCluster: RssiDisplayNum = 1
    refreshSignalCluster: set mShowPhoneRSSIForData = false
07-13 09:56:10.488 1482-1482/? E/StatusBar.NetworkController: isSglteMode is false
07-13 09:56:10.488 1482-1482/? E/StatusBar.NetworkController: refreshSignalCluster: RssiDisplayNum = 1
    refreshSignalCluster: set mShowPhoneRSSIForData = false
07-13 09:56:12.468 303-303/? E/SMD: DCD OFF
07-13 09:56:13.398 925-1625/? E/Watchdog: !@Sync 2222
07-13 09:56:14.508 1482-1482/? E/StatusBar.NetworkController: isSglteMode is false
07-13 09:56:14.508 1482-1482/? E/StatusBar.NetworkController: refreshSignalCluster: RssiDisplayNum = 1
    refreshSignalCluster: set mShowPhoneRSSIForData = false
07-13 09:56:14.508 1482-1482/? E/StatusBar.NetworkController: isSglteMode is false
07-13 09:56:14.508 1482-1482/? E/StatusBar.NetworkController: refreshSignalCluster: RssiDisplayNum = 1
    refreshSignalCluster: set mShowPhoneRSSIForData = false
07-13 09:56:14.508 1482-1482/? E/StatusBar.NetworkController: isSglteMode is false
07-13 09:56:14.508 1482-1482/? E/StatusBar.NetworkController: refreshSignalCluster: RssiDisplayNum = 1
    refreshSignalCluster: set mShowPhoneRSSIForData = false
07-13 09:56:14.508 1482-1482/? E/StatusBar.NetworkController: isSglteMode is false
07-13 09:56:14.508 1482-1482/? E/StatusBar.NetworkController: refreshSignalCluster: RssiDisplayNum = 1
    refreshSignalCluster: set mShowPhoneRSSIForData = false
07-13 09:56:15.468 303-303/? E/SMD: DCD OFF
07-13 09:56:15.518 1482-1482/? E/StatusBar.NetworkController: isSglteMode is false
07-13 09:56:15.518 1482-1482/? E/StatusBar.NetworkController: refreshSignalCluster: RssiDisplayNum = 1
    refreshSignalCluster: set mShowPhoneRSSIForData = false
07-13 09:56:15.518 1482-1482/? E/StatusBar.NetworkController: isSglteMode is false
07-13 09:56:15.518 1482-1482/? E/StatusBar.NetworkController: refreshSignalCluster: RssiDisplayNum = 1
07-13 09:56:15.528 1482-1482/? E/StatusBar.NetworkController: refreshSignalCluster: set mShowPhoneRSSIForData = false
07-13 09:56:15.528 1482-1482/? E/StatusBar.NetworkController: isSglteMode is false
07-13 09:56:15.528 1482-1482/? E/StatusBar.NetworkController: refreshSignalCluster: RssiDisplayNum = 1
    refreshSignalCluster: set mShowPhoneRSSIForData = false
07-13 09:56:15.528 1482-1482/? E/StatusBar.NetworkController: isSglteMode is false
07-13 09:56:15.528 1482-1482/? E/StatusBar.NetworkController: refreshSignalCluster: RssiDisplayNum = 1
    refreshSignalCluster: set mShowPhoneRSSIForData = false
07-13 09:56:17.878 1482-1482/? E/StatusBar.NetworkController: isSglteMode is false
07-13 09:56:18.468 303-303/? E/SMD: DCD OFF
07-13 09:56:21.468 303-303/? E/SMD: DCD OFF
07-13 09:56:24.468 303-303/? E/SMD: DCD OFF
07-13 09:56:26.538 1482-1482/? E/StatusBar.NetworkController: isSglteMode is false
07-13 09:56:26.538 1482-1482/? E/StatusBar.NetworkController: refreshSignalCluster: RssiDisplayNum = 1
    refreshSignalCluster: set mShowPhoneRSSIForData = false
07-13 09:56:26.538 1482-1482/? E/StatusBar.NetworkController: isSglteMode is false
07-13 09:56:26.538 1482-1482/? E/StatusBar.NetworkController: refreshSignalCluster: RssiDisplayNum = 1
    refreshSignalCluster: set mShowPhoneRSSIForData = false
07-13 09:56:26.538 1482-1482/? E/StatusBar.NetworkController: isSglteMode is false
07-13 09:56:26.538 1482-1482/? E/StatusBar.NetworkController: refreshSignalCluster: RssiDisplayNum = 1
    refreshSignalCluster: set mShowPhoneRSSIForData = false
07-13 09:56:26.548 1482-1482/? E/StatusBar.NetworkController: isSglteMode is false
07-13 09:56:26.548 1482-1482/? E/StatusBar.NetworkController: refreshSignalCluster: RssiDisplayNum = 1
    refreshSignalCluster: set mShowPhoneRSSIForData = false
07-13 09:56:27.468 303-303/? E/SMD: DCD OFF
07-13 09:56:27.558 1482-1482/? E/StatusBar.NetworkController: isSglteMode is false
07-13 09:56:27.558 1482-1482/? E/StatusBar.NetworkController: refreshSignalCluster: RssiDisplayNum = 1
    refreshSignalCluster: set mShowPhoneRSSIForData = false
07-13 09:56:27.558 1482-1482/? E/StatusBar.NetworkController: isSglteMode is false
07-13 09:56:27.558 1482-1482/? E/StatusBar.NetworkController: refreshSignalCluster: RssiDisplayNum = 1
    refreshSignalCluster: set mShowPhoneRSSIForData = false
07-13 09:56:27.558 1482-1482/? E/StatusBar.NetworkController: isSglteMode is false
07-13 09:56:27.558 1482-1482/? E/StatusBar.NetworkController: refreshSignalCluster: RssiDisplayNum = 1
    refreshSignalCluster: set mShowPhoneRSSIForData = false
07-13 09:56:27.558 1482-1482/? E/StatusBar.NetworkController: isSglteMode is false
07-13 09:56:27.558 1482-1482/? E/StatusBar.NetworkController: refreshSignalCluster: RssiDisplayNum = 1
    refreshSignalCluster: set mShowPhoneRSSIForData = false
07-13 09:56:29.578 1482-1482/? E/StatusBar.NetworkController: isSglteMode is false
07-13 09:56:29.578 1482-1482/? E/StatusBar.NetworkController: refreshSignalCluster: RssiDisplayNum = 1
    refreshSignalCluster: set mShowPhoneRSSIForData = false
07-13 09:56:29.578 1482-1482/? E/StatusBar.NetworkController: isSglteMode is false
07-13 09:56:29.578 1482-1482/? E/StatusBar.NetworkController: refreshSignalCluster: RssiDisplayNum = 1
    refreshSignalCluster: set mShowPhoneRSSIForData = false
07-13 09:56:29.588 1482-1482/? E/StatusBar.NetworkController: isSglteMode is false
07-13 09:56:29.588 1482-1482/? E/StatusBar.NetworkController: refreshSignalCluster: RssiDisplayNum = 1
    refreshSignalCluster: set mShowPhoneRSSIForData = false
07-13 09:56:29.588 1482-1482/? E/StatusBar.NetworkController: isSglteMode is false
07-13 09:56:29.588 1482-1482/? E/StatusBar.NetworkController: refreshSignalCluster: RssiDisplayNum = 1
    refreshSignalCluster: set mShowPhoneRSSIForData = false
07-13 09:56:30.468 303-303/? E/SMD: DCD OFF
07-13 09:56:31.598 1482-1482/? E/StatusBar.NetworkController: isSglteMode is false
07-13 09:56:31.598 1482-1482/? E/StatusBar.NetworkController: refreshSignalCluster: RssiDisplayNum = 1
    refreshSignalCluster: set mShowPhoneRSSIForData = false
07-13 09:56:31.598 1482-1482/? E/StatusBar.NetworkController: isSglteMode is false
07-13 09:56:31.608 1482-1482/? E/StatusBar.NetworkController: refreshSignalCluster: RssiDisplayNum = 1
    refreshSignalCluster: set mShowPhoneRSSIForData = false
07-13 09:56:31.608 1482-1482/? E/StatusBar.NetworkController: isSglteMode is false
07-13 09:56:31.608 1482-1482/? E/StatusBar.NetworkController: refreshSignalCluster: RssiDisplayNum = 1
    refreshSignalCluster: set mShowPhoneRSSIForData = false
07-13 09:56:31.608 1482-1482/? E/StatusBar.NetworkController: isSglteMode is false
07-13 09:56:31.608 1482-1482/? E/StatusBar.NetworkController: refreshSignalCluster: RssiDisplayNum = 1
    refreshSignalCluster: set mShowPhoneRSSIForData = false
07-13 09:56:33.468 303-303/? E/SMD: DCD OFF
07-13 09:56:33.618 1482-1482/? E/StatusBar.NetworkController: isSglteMode is false
07-13 09:56:33.618 1482-1482/? E/StatusBar.NetworkController: refreshSignalCluster: RssiDisplayNum = 1
    refreshSignalCluster: set mShowPhoneRSSIForData = false
07-13 09:56:33.618 1482-1482/? E/StatusBar.NetworkController: isSglteMode is false
07-13 09:56:33.618 1482-1482/? E/StatusBar.NetworkController: refreshSignalCluster: RssiDisplayNum = 1
    refreshSignalCluster: set mShowPhoneRSSIForData = false
07-13 09:56:33.618 1482-1482/? E/StatusBar.NetworkController: isSglteMode is false
07-13 09:56:33.618 1482-1482/? E/StatusBar.NetworkController: refreshSignalCluster: RssiDisplayNum = 1
    refreshSignalCluster: set mShowPhoneRSSIForData = false
07-13 09:56:33.628 1482-1482/? E/StatusBar.NetworkController: isSglteMode is false
07-13 09:56:33.628 1482-1482/? E/StatusBar.NetworkController: refreshSignalCluster: RssiDisplayNum = 1
    refreshSignalCluster: set mShowPhoneRSSIForData = false
07-13 09:56:36.468 303-303/? E/SMD: DCD OFF
07-13 09:56:36.898 2863-2863/? E/auditd: In denial and Property audit_ondenial is set to 1 
07-13 09:56:36.908 2863-2863/? E/auditd: In denial and Property audit_ondenial is set to 1 
07-13 09:56:37.198 2863-2863/? E/auditd: In denial and Property audit_ondenial is set to 1 
07-13 09:56:37.418 30081-30081/? E/AffinityControl: AffinityControl: registerfunction enter
07-13 09:56:37.448 30081-30081/? E/art: No implementation found for boolean com.android.org.conscrypt.OpenSSLProvider.nativeCheckWhitelist() (tried Java_com_android_org_conscrypt_OpenSSLProvider_nativeCheckWhitelist and Java_com_android_org_conscrypt_OpenSSLProvider_nativeCheckWhitelist__)
07-13 09:56:37.518 30081-30081/? E/art: No implementation found for boolean com.android.org.conscrypt.OpenSSLProvider.nativeCheckWhitelist() (tried Java_com_android_org_conscrypt_OpenSSLProvider_nativeCheckWhitelist and Java_com_android_org_conscrypt_OpenSSLProvider_nativeCheckWhitelist__)
07-13 09:56:37.878 30081-30081/system_process E/Minikin: addFont failed to create font /system/fonts/NotoSansGurmukhi-Regular.ttf
    addFont failed to create font /system/fonts/NotoSansGurmukhi-Bold.ttf
    addFont failed to create font /system/fonts/NotoSansGurmukhiUI-Regular.ttf
    addFont failed to create font /system/fonts/NotoSansGurmukhiUI-Bold.ttf
07-13 09:56:37.898 30081-30081/system_process E/Minikin: addFont failed to create font /system/fonts/NotoSansCherokee-Regular.ttf
    addFont failed to create font /system/fonts/NotoSansCanadianAboriginal-Regular.ttf
07-13 09:56:38.118 2863-2863/? E/auditd: In denial and Property audit_ondenial is set to 1 
07-13 09:56:38.118 2863-2863/? E/auditd: In denial and Property audit_ondenial is set to 1 
07-13 09:56:38.118 2863-2863/? E/auditd: In denial and Property audit_ondenial is set to 1 
07-13 09:56:38.118 2863-2863/? E/auditd: In denial and Property audit_ondenial is set to 1 
    In denial and Property audit_ondenial is set to 1 
    In denial and Property audit_ondenial is set to 1 
07-13 09:56:38.138 2863-2863/? E/auditd: In denial and Property audit_ondenial is set to 1 
07-13 09:56:38.438 30112-30112/? E/AffinityControl: AffinityControl: registerfunction enter
07-13 09:56:38.468 30112-30112/? E/art: No implementation found for boolean com.android.org.conscrypt.OpenSSLProvider.nativeCheckWhitelist() (tried Java_com_android_org_conscrypt_OpenSSLProvider_nativeCheckWhitelist and Java_com_android_org_conscrypt_OpenSSLProvider_nativeCheckWhitelist__)
07-13 09:56:38.508 30112-30112/? E/art: No implementation found for boolean com.android.org.conscrypt.OpenSSLProvider.nativeCheckWhitelist() (tried Java_com_android_org_conscrypt_OpenSSLProvider_nativeCheckWhitelist and Java_com_android_org_conscrypt_OpenSSLProvider_nativeCheckWhitelist__)
07-13 09:56:38.578 2863-2863/? E/auditd: In denial and Property audit_ondenial is set to 1 
07-13 09:56:38.578 2863-2863/? E/auditd: In denial and Property audit_ondenial is set to 1 
07-13 09:56:38.868 30112-30112/system_process E/Minikin: addFont failed to create font /system/fonts/NotoSansGurmukhi-Regular.ttf
    addFont failed to create font /system/fonts/NotoSansGurmukhi-Bold.ttf
    addFont failed to create font /system/fonts/NotoSansGurmukhiUI-Regular.ttf
    addFont failed to create font /system/fonts/NotoSansGurmukhiUI-Bold.ttf
07-13 09:56:38.878 30112-30112/system_process E/Minikin: addFont failed to create font /system/fonts/NotoSansCherokee-Regular.ttf
    addFont failed to create font /system/fonts/NotoSansCanadianAboriginal-Regular.ttf
07-13 09:56:39.128 28087-28464/? E/SQLiteLog: (10) POSIX Error : 9 SQLite Error : 3850
    (10) POSIX Error : 9 SQLite Error : 3850
07-13 09:56:39.398 30132-30132/? E/AffinityControl: AffinityControl: registerfunction enter
07-13 09:56:39.428 30132-30132/? E/art: No implementation found for boolean com.android.org.conscrypt.OpenSSLProvider.nativeCheckWhitelist() (tried Java_com_android_org_conscrypt_OpenSSLProvider_nativeCheckWhitelist and Java_com_android_org_conscrypt_OpenSSLProvider_nativeCheckWhitelist__)
07-13 09:56:39.468 303-303/? E/SMD: DCD OFF
07-13 09:56:39.478 30132-30132/? E/art: No implementation found for boolean com.android.org.conscrypt.OpenSSLProvider.nativeCheckWhitelist() (tried Java_com_android_org_conscrypt_OpenSSLProvider_nativeCheckWhitelist and Java_com_android_org_conscrypt_OpenSSLProvider_nativeCheckWhitelist__)
07-13 09:56:39.538 2863-2863/? E/auditd: In denial and Property audit_ondenial is set to 1 
07-13 09:56:39.538 2863-2863/? E/auditd: In denial and Property audit_ondenial is set to 1 
07-13 09:56:39.588 2863-2863/? E/auditd: In denial and Property audit_ondenial is set to 1 
07-13 09:56:39.618 2863-2863/? E/auditd: In denial and Property audit_ondenial is set to 1 
07-13 09:56:39.618 2863-2863/? E/auditd: In denial and Property audit_ondenial is set to 1 
07-13 09:56:39.638 1482-1482/? E/StatusBar.NetworkController: isSglteMode is false
07-13 09:56:39.638 1482-1482/? E/StatusBar.NetworkController: refreshSignalCluster: RssiDisplayNum = 1
    refreshSignalCluster: set mShowPhoneRSSIForData = false
07-13 09:56:39.648 1482-1482/? E/StatusBar.NetworkController: isSglteMode is false
07-13 09:56:39.648 1482-1482/? E/StatusBar.NetworkController: refreshSignalCluster: RssiDisplayNum = 1
    refreshSignalCluster: set mShowPhoneRSSIForData = false
07-13 09:56:39.648 1482-1482/? E/StatusBar.NetworkController: isSglteMode is false
07-13 09:56:39.648 1482-1482/? E/StatusBar.NetworkController: refreshSignalCluster: RssiDisplayNum = 1
    refreshSignalCluster: set mShowPhoneRSSIForData = false
07-13 09:56:39.648 1482-1482/? E/StatusBar.NetworkController: isSglteMode is false
07-13 09:56:39.648 1482-1482/? E/StatusBar.NetworkController: refreshSignalCluster: RssiDisplayNum = 1
    refreshSignalCluster: set mShowPhoneRSSIForData = false
07-13 09:56:39.818 2863-2863/? E/auditd: In denial and Property audit_ondenial is set to 1 
07-13 09:56:39.938 30163-30163/? E/AffinityControl: AffinityControl: registerfunction enter
07-13 09:56:39.968 30163-30163/? E/art: No implementation found for boolean com.android.org.conscrypt.OpenSSLProvider.nativeCheckWhitelist() (tried Java_com_android_org_conscrypt_OpenSSLProvider_nativeCheckWhitelist and Java_com_android_org_conscrypt_OpenSSLProvider_nativeCheckWhitelist__)
07-13 09:56:40.008 30163-30163/? E/art: No implementation found for boolean com.android.org.conscrypt.OpenSSLProvider.nativeCheckWhitelist() (tried Java_com_android_org_conscrypt_OpenSSLProvider_nativeCheckWhitelist and Java_com_android_org_conscrypt_OpenSSLProvider_nativeCheckWhitelist__)
07-13 09:56:40.318 30163-30163/system_process E/Minikin: addFont failed to create font /system/fonts/NotoSansGurmukhi-Regular.ttf
    addFont failed to create font /system/fonts/NotoSansGurmukhi-Bold.ttf
    addFont failed to create font /system/fonts/NotoSansGurmukhiUI-Regular.ttf
    addFont failed to create font /system/fonts/NotoSansGurmukhiUI-Bold.ttf
    addFont failed to create font /system/fonts/NotoSansCherokee-Regular.ttf
    addFont failed to create font /system/fonts/NotoSansCanadianAboriginal-Regular.ttf
07-13 09:56:41.638 1482-1482/? E/StatusBar.NetworkController: isSglteMode is false
07-13 09:56:41.638 1482-1482/? E/StatusBar.NetworkController: refreshSignalCluster: RssiDisplayNum = 1
    refreshSignalCluster: set mShowPhoneRSSIForData = false
07-13 09:56:41.648 1482-1482/? E/StatusBar.NetworkController: isSglteMode is false
07-13 09:56:41.648 1482-1482/? E/StatusBar.NetworkController: refreshSignalCluster: RssiDisplayNum = 1
    refreshSignalCluster: set mShowPhoneRSSIForData = false
07-13 09:56:41.648 1482-1482/? E/StatusBar.NetworkController: isSglteMode is false
07-13 09:56:41.648 1482-1482/? E/StatusBar.NetworkController: refreshSignalCluster: RssiDisplayNum = 1
    refreshSignalCluster: set mShowPhoneRSSIForData = false
07-13 09:56:41.648 1482-1482/? E/StatusBar.NetworkController: isSglteMode is false
07-13 09:56:41.658 1482-1482/? E/StatusBar.NetworkController: refreshSignalCluster: RssiDisplayNum = 1
    refreshSignalCluster: set mShowPhoneRSSIForData = false
07-13 09:56:42.468 303-303/? E/SMD: DCD OFF
07-13 09:56:42.648 1482-1482/? E/StatusBar.NetworkController: isSglteMode is false
07-13 09:56:42.648 1482-1482/? E/StatusBar.NetworkController: refreshSignalCluster: RssiDisplayNum = 1
    refreshSignalCluster: set mShowPhoneRSSIForData = false
07-13 09:56:42.658 1482-1482/? E/StatusBar.NetworkController: isSglteMode is false
07-13 09:56:42.658 1482-1482/? E/StatusBar.NetworkController: refreshSignalCluster: RssiDisplayNum = 1
    refreshSignalCluster: set mShowPhoneRSSIForData = false
07-13 09:56:42.658 1482-1482/? E/StatusBar.NetworkController: isSglteMode is false
07-13 09:56:42.658 1482-1482/? E/StatusBar.NetworkController: refreshSignalCluster: RssiDisplayNum = 1
    refreshSignalCluster: set mShowPhoneRSSIForData = false
07-13 09:56:42.658 1482-1482/? E/StatusBar.NetworkController: isSglteMode is false
07-13 09:56:42.658 1482-1482/? E/StatusBar.NetworkController: refreshSignalCluster: RssiDisplayNum = 1
    refreshSignalCluster: set mShowPhoneRSSIForData = false
07-13 09:56:43.398 925-1625/? E/Watchdog: !@Sync 2223
07-13 09:56:43.658 1482-1482/? E/StatusBar.NetworkController: isSglteMode is false
07-13 09:56:43.658 1482-1482/? E/StatusBar.NetworkController: refreshSignalCluster: RssiDisplayNum = 1
    refreshSignalCluster: set mShowPhoneRSSIForData = false
07-13 09:56:43.658 1482-1482/? E/StatusBar.NetworkController: isSglteMode is false
07-13 09:56:43.658 1482-1482/? E/StatusBar.NetworkController: refreshSignalCluster: RssiDisplayNum = 1
    refreshSignalCluster: set mShowPhoneRSSIForData = false
07-13 09:56:43.658 1482-1482/? E/StatusBar.NetworkController: isSglteMode is false
07-13 09:56:43.658 1482-1482/? E/StatusBar.NetworkController: refreshSignalCluster: RssiDisplayNum = 1
    refreshSignalCluster: set mShowPhoneRSSIForData = false
07-13 09:56:43.658 1482-1482/? E/StatusBar.NetworkController: isSglteMode is false
07-13 09:56:43.658 1482-1482/? E/StatusBar.NetworkController: refreshSignalCluster: RssiDisplayNum = 1
    refreshSignalCluster: set mShowPhoneRSSIForData = false
07-13 09:56:45.478 303-303/? E/SMD: DCD OFF
07-13 09:56:45.668 1482-1482/? E/StatusBar.NetworkController: isSglteMode is false
07-13 09:56:45.668 1482-1482/? E/StatusBar.NetworkController: refreshSignalCluster: RssiDisplayNum = 1
    refreshSignalCluster: set mShowPhoneRSSIForData = false
07-13 09:56:45.668 1482-1482/? E/StatusBar.NetworkController: isSglteMode is false
07-13 09:56:45.668 1482-1482/? E/StatusBar.NetworkController: refreshSignalCluster: RssiDisplayNum = 1
    refreshSignalCluster: set mShowPhoneRSSIForData = false
07-13 09:56:45.668 1482-1482/? E/StatusBar.NetworkController: isSglteMode is false
07-13 09:56:45.668 1482-1482/? E/StatusBar.NetworkController: refreshSignalCluster: RssiDisplayNum = 1
    refreshSignalCluster: set mShowPhoneRSSIForData = false
07-13 09:56:45.668 1482-1482/? E/StatusBar.NetworkController: isSglteMode is false
07-13 09:56:45.668 1482-1482/? E/StatusBar.NetworkController: refreshSignalCluster: RssiDisplayNum = 1
    refreshSignalCluster: set mShowPhoneRSSIForData = false
07-13 09:56:46.668 1482-1482/? E/StatusBar.NetworkController: isSglteMode is false
07-13 09:56:46.668 1482-1482/? E/StatusBar.NetworkController: refreshSignalCluster: RssiDisplayNum = 1
    refreshSignalCluster: set mShowPhoneRSSIForData = false
07-13 09:56:46.668 1482-1482/? E/StatusBar.NetworkController: isSglteMode is false
07-13 09:56:46.668 1482-1482/? E/StatusBar.NetworkController: refreshSignalCluster: RssiDisplayNum = 1
    refreshSignalCluster: set mShowPhoneRSSIForData = false
07-13 09:56:46.678 1482-1482/? E/StatusBar.NetworkController: isSglteMode is false
07-13 09:56:46.678 1482-1482/? E/StatusBar.NetworkController: refreshSignalCluster: RssiDisplayNum = 1
    refreshSignalCluster: set mShowPhoneRSSIForData = false
07-13 09:56:46.678 1482-1482/? E/StatusBar.NetworkController: isSglteMode is false
07-13 09:56:46.678 1482-1482/? E/StatusBar.NetworkController: refreshSignalCluster: RssiDisplayNum = 1
    refreshSignalCluster: set mShowPhoneRSSIForData = false
07-13 09:56:47.678 1482-1482/? E/StatusBar.NetworkController: isSglteMode is false
07-13 09:56:47.678 1482-1482/? E/StatusBar.NetworkController: refreshSignalCluster: RssiDisplayNum = 1
    refreshSignalCluster: set mShowPhoneRSSIForData = false
07-13 09:56:47.678 1482-1482/? E/StatusBar.NetworkController: isSglteMode is false
07-13 09:56:47.678 1482-1482/? E/StatusBar.NetworkController: refreshSignalCluster: RssiDisplayNum = 1
    refreshSignalCluster: set mShowPhoneRSSIForData = false
07-13 09:56:47.688 1482-1482/? E/StatusBar.NetworkController: isSglteMode is false
07-13 09:56:47.688 1482-1482/? E/StatusBar.NetworkController: refreshSignalCluster: RssiDisplayNum = 1
    refreshSignalCluster: set mShowPhoneRSSIForData = false
07-13 09:56:47.688 1482-1482/? E/StatusBar.NetworkController: isSglteMode is false
07-13 09:56:47.688 1482-1482/? E/StatusBar.NetworkController: refreshSignalCluster: RssiDisplayNum = 1
    refreshSignalCluster: set mShowPhoneRSSIForData = false
07-13 09:56:48.478 303-303/? E/SMD: DCD OFF
07-13 09:56:50.688 1482-1482/? E/StatusBar.NetworkController: isSglteMode is false
07-13 09:56:50.688 1482-1482/? E/StatusBar.NetworkController: refreshSignalCluster: RssiDisplayNum = 1
    refreshSignalCluster: set mShowPhoneRSSIForData = false
07-13 09:56:50.688 1482-1482/? E/StatusBar.NetworkController: isSglteMode is false
07-13 09:56:50.688 1482-1482/? E/StatusBar.NetworkController: refreshSignalCluster: RssiDisplayNum = 1
    refreshSignalCluster: set mShowPhoneRSSIForData = false
07-13 09:56:50.698 1482-1482/? E/StatusBar.NetworkController: isSglteMode is false
07-13 09:56:50.698 1482-1482/? E/StatusBar.NetworkController: refreshSignalCluster: RssiDisplayNum = 1
    refreshSignalCluster: set mShowPhoneRSSIForData = false
07-13 09:56:50.698 1482-1482/? E/StatusBar.NetworkController: isSglteMode is false
07-13 09:56:50.698 1482-1482/? E/StatusBar.NetworkController: refreshSignalCluster: RssiDisplayNum = 1
    refreshSignalCluster: set mShowPhoneRSSIForData = false
07-13 09:56:51.478 303-303/? E/SMD: DCD OFF
07-13 09:56:51.688 1482-1482/? E/StatusBar.NetworkController: isSglteMode is false
07-13 09:56:51.688 1482-1482/? E/StatusBar.NetworkController: refreshSignalCluster: RssiDisplayNum = 1
    refreshSignalCluster: set mShowPhoneRSSIForData = false
07-13 09:56:51.688 1482-1482/? E/StatusBar.NetworkController: isSglteMode is false
07-13 09:56:51.688 1482-1482/? E/StatusBar.NetworkController: refreshSignalCluster: RssiDisplayNum = 1
07-13 09:56:51.698 1482-1482/? E/StatusBar.NetworkController: refreshSignalCluster: set mShowPhoneRSSIForData = false
07-13 09:56:51.698 1482-1482/? E/StatusBar.NetworkController: isSglteMode is false
07-13 09:56:51.698 1482-1482/? E/StatusBar.NetworkController: refreshSignalCluster: RssiDisplayNum = 1
    refreshSignalCluster: set mShowPhoneRSSIForData = false
07-13 09:56:51.698 1482-1482/? E/StatusBar.NetworkController: isSglteMode is false
07-13 09:56:51.698 1482-1482/? E/StatusBar.NetworkController: refreshSignalCluster: RssiDisplayNum = 1
    refreshSignalCluster: set mShowPhoneRSSIForData = false
07-13 09:56:54.478 303-303/? E/SMD: DCD OFF
07-13 09:56:54.698 1482-1482/? E/StatusBar.NetworkController: isSglteMode is false
07-13 09:56:54.698 1482-1482/? E/StatusBar.NetworkController: refreshSignalCluster: RssiDisplayNum = 1
    refreshSignalCluster: set mShowPhoneRSSIForData = false
07-13 09:56:54.708 1482-1482/? E/StatusBar.NetworkController: isSglteMode is false
07-13 09:56:54.708 1482-1482/? E/StatusBar.NetworkController: refreshSignalCluster: RssiDisplayNum = 1
    refreshSignalCluster: set mShowPhoneRSSIForData = false
07-13 09:56:54.708 1482-1482/? E/StatusBar.NetworkController: isSglteMode is false
07-13 09:56:54.708 1482-1482/? E/StatusBar.NetworkController: refreshSignalCluster: RssiDisplayNum = 1
    refreshSignalCluster: set mShowPhoneRSSIForData = false
07-13 09:56:54.708 1482-1482/? E/StatusBar.NetworkController: isSglteMode is false
07-13 09:56:54.708 1482-1482/? E/StatusBar.NetworkController: refreshSignalCluster: RssiDisplayNum = 1
    refreshSignalCluster: set mShowPhoneRSSIForData = false
07-13 09:56:56.718 1482-1482/? E/StatusBar.NetworkController: isSglteMode is false
07-13 09:56:56.718 1482-1482/? E/StatusBar.NetworkController: refreshSignalCluster: RssiDisplayNum = 1
    refreshSignalCluster: set mShowPhoneRSSIForData = false
07-13 09:56:56.718 1482-1482/? E/StatusBar.NetworkController: isSglteMode is false
07-13 09:56:56.718 1482-1482/? E/StatusBar.NetworkController: refreshSignalCluster: RssiDisplayNum = 1
    refreshSignalCluster: set mShowPhoneRSSIForData = false
07-13 09:56:56.718 1482-1482/? E/StatusBar.NetworkController: isSglteMode is false
07-13 09:56:56.718 1482-1482/? E/StatusBar.NetworkController: refreshSignalCluster: RssiDisplayNum = 1
    refreshSignalCluster: set mShowPhoneRSSIForData = false
07-13 09:56:56.718 1482-1482/? E/StatusBar.NetworkController: isSglteMode is false
07-13 09:56:56.718 1482-1482/? E/StatusBar.NetworkController: refreshSignalCluster: RssiDisplayNum = 1
    refreshSignalCluster: set mShowPhoneRSSIForData = false
07-13 09:56:57.478 303-303/? E/SMD: DCD OFF
07-13 09:56:57.728 1482-1482/? E/StatusBar.NetworkController: isSglteMode is false
07-13 09:56:57.728 1482-1482/? E/StatusBar.NetworkController: refreshSignalCluster: RssiDisplayNum = 1
    refreshSignalCluster: set mShowPhoneRSSIForData = false
07-13 09:56:57.728 1482-1482/? E/StatusBar.NetworkController: isSglteMode is false
07-13 09:56:57.728 1482-1482/? E/StatusBar.NetworkController: refreshSignalCluster: RssiDisplayNum = 1
    refreshSignalCluster: set mShowPhoneRSSIForData = false
07-13 09:56:57.728 1482-1482/? E/StatusBar.NetworkController: isSglteMode is false
07-13 09:56:57.728 1482-1482/? E/StatusBar.NetworkController: refreshSignalCluster: RssiDisplayNum = 1
    refreshSignalCluster: set mShowPhoneRSSIForData = false
07-13 09:56:57.728 1482-1482/? E/StatusBar.NetworkController: isSglteMode is false
07-13 09:56:57.728 1482-1482/? E/StatusBar.NetworkController: refreshSignalCluster: RssiDisplayNum = 1
    refreshSignalCluster: set mShowPhoneRSSIForData = false
07-13 09:57:00.478 303-303/? E/SMD: DCD OFF
07-13 09:57:00.738 1482-1482/? E/StatusBar.NetworkController: isSglteMode is false
07-13 09:57:00.738 1482-1482/? E/StatusBar.NetworkController: refreshSignalCluster: RssiDisplayNum = 1
    refreshSignalCluster: set mShowPhoneRSSIForData = false
07-13 09:57:00.748 1482-1482/? E/StatusBar.NetworkController: isSglteMode is false
07-13 09:57:00.748 1482-1482/? E/StatusBar.NetworkController: refreshSignalCluster: RssiDisplayNum = 1
    refreshSignalCluster: set mShowPhoneRSSIForData = false
07-13 09:57:00.748 1482-1482/? E/StatusBar.NetworkController: isSglteMode is false
07-13 09:57:00.748 1482-1482/? E/StatusBar.NetworkController: refreshSignalCluster: RssiDisplayNum = 1
    refreshSignalCluster: set mShowPhoneRSSIForData = false
07-13 09:57:00.748 1482-1482/? E/StatusBar.NetworkController: isSglteMode is false
07-13 09:57:00.748 1482-1482/? E/StatusBar.NetworkController: refreshSignalCluster: RssiDisplayNum = 1
    refreshSignalCluster: set mShowPhoneRSSIForData = false
07-13 09:57:01.748 1482-1482/? E/StatusBar.NetworkController: isSglteMode is false
07-13 09:57:01.748 1482-1482/? E/StatusBar.NetworkController: refreshSignalCluster: RssiDisplayNum = 1
    refreshSignalCluster: set mShowPhoneRSSIForData = false
07-13 09:57:01.748 1482-1482/? E/StatusBar.NetworkController: isSglteMode is false
07-13 09:57:01.748 1482-1482/? E/StatusBar.NetworkController: refreshSignalCluster: RssiDisplayNum = 1
    refreshSignalCluster: set mShowPhoneRSSIForData = false
07-13 09:57:01.748 1482-1482/? E/StatusBar.NetworkController: isSglteMode is false
07-13 09:57:01.748 1482-1482/? E/StatusBar.NetworkController: refreshSignalCluster: RssiDisplayNum = 1
    refreshSignalCluster: set mShowPhoneRSSIForData = false
07-13 09:57:01.748 1482-1482/? E/StatusBar.NetworkController: isSglteMode is false
07-13 09:57:01.748 1482-1482/? E/StatusBar.NetworkController: refreshSignalCluster: RssiDisplayNum = 1
    refreshSignalCluster: set mShowPhoneRSSIForData = false
07-13 09:57:03.098 1482-1482/? E/StatusBar.NetworkController: isSglteMode is false
07-13 09:57:03.478 303-303/? E/SMD: DCD OFF
07-13 09:57:03.758 1482-1482/? E/StatusBar.NetworkController: isSglteMode is false
07-13 09:57:03.758 1482-1482/? E/StatusBar.NetworkController: refreshSignalCluster: RssiDisplayNum = 1
    refreshSignalCluster: set mShowPhoneRSSIForData = false
07-13 09:57:03.768 1482-1482/? E/StatusBar.NetworkController: isSglteMode is false
07-13 09:57:03.768 1482-1482/? E/StatusBar.NetworkController: refreshSignalCluster: RssiDisplayNum = 1
    refreshSignalCluster: set mShowPhoneRSSIForData = false
07-13 09:57:03.768 1482-1482/? E/StatusBar.NetworkController: isSglteMode is false
07-13 09:57:03.768 1482-1482/? E/StatusBar.NetworkController: refreshSignalCluster: RssiDisplayNum = 1
    refreshSignalCluster: set mShowPhoneRSSIForData = false
07-13 09:57:03.768 1482-1482/? E/StatusBar.NetworkController: isSglteMode is false
07-13 09:57:03.778 1482-1482/? E/StatusBar.NetworkController: refreshSignalCluster: RssiDisplayNum = 1
    refreshSignalCluster: set mShowPhoneRSSIForData = false
07-13 09:57:04.758 1482-1482/? E/StatusBar.NetworkController: isSglteMode is false
07-13 09:57:04.758 1482-1482/? E/StatusBar.NetworkController: refreshSignalCluster: RssiDisplayNum = 1
    refreshSignalCluster: set mShowPhoneRSSIForData = false
07-13 09:57:04.768 1482-1482/? E/StatusBar.NetworkController: isSglteMode is false
07-13 09:57:04.768 1482-1482/? E/StatusBar.NetworkController: refreshSignalCluster: RssiDisplayNum = 1
    refreshSignalCluster: set mShowPhoneRSSIForData = false
07-13 09:57:04.768 1482-1482/? E/StatusBar.NetworkController: isSglteMode is false
07-13 09:57:04.768 1482-1482/? E/StatusBar.NetworkController: refreshSignalCluster: RssiDisplayNum = 1
    refreshSignalCluster: set mShowPhoneRSSIForData = false
07-13 09:57:04.768 1482-1482/? E/StatusBar.NetworkController: isSglteMode is false
07-13 09:57:04.768 1482-1482/? E/StatusBar.NetworkController: refreshSignalCluster: RssiDisplayNum = 1
    refreshSignalCluster: set mShowPhoneRSSIForData = false
07-13 09:57:05.768 1482-1482/? E/StatusBar.NetworkController: isSglteMode is false
07-13 09:57:05.768 1482-1482/? E/StatusBar.NetworkController: refreshSignalCluster: RssiDisplayNum = 1
    refreshSignalCluster: set mShowPhoneRSSIForData = false
07-13 09:57:05.768 1482-1482/? E/StatusBar.NetworkController: isSglteMode is false
07-13 09:57:05.768 1482-1482/? E/StatusBar.NetworkController: refreshSignalCluster: RssiDisplayNum = 1
    refreshSignalCluster: set mShowPhoneRSSIForData = false
07-13 09:57:05.778 1482-1482/? E/StatusBar.NetworkController: isSglteMode is false
07-13 09:57:05.778 1482-1482/? E/StatusBar.NetworkController: refreshSignalCluster: RssiDisplayNum = 1
    refreshSignalCluster: set mShowPhoneRSSIForData = false
07-13 09:57:05.778 1482-1482/? E/StatusBar.NetworkController: isSglteMode is false
07-13 09:57:05.778 1482-1482/? E/StatusBar.NetworkController: refreshSignalCluster: RssiDisplayNum = 1
    refreshSignalCluster: set mShowPhoneRSSIForData = false
07-13 09:57:06.478 303-303/? E/SMD: DCD OFF
07-13 09:57:07.778 1482-1482/? E/StatusBar.NetworkController: isSglteMode is false
07-13 09:57:07.778 1482-1482/? E/StatusBar.NetworkController: refreshSignalCluster: RssiDisplayNum = 1
    refreshSignalCluster: set mShowPhoneRSSIForData = false
07-13 09:57:07.778 1482-1482/? E/StatusBar.NetworkController: isSglteMode is false
07-13 09:57:07.778 1482-1482/? E/StatusBar.NetworkController: refreshSignalCluster: RssiDisplayNum = 1
    refreshSignalCluster: set mShowPhoneRSSIForData = false
07-13 09:57:07.778 1482-1482/? E/StatusBar.NetworkController: isSglteMode is false
07-13 09:57:07.778 1482-1482/? E/StatusBar.NetworkController: refreshSignalCluster: RssiDisplayNum = 1
    refreshSignalCluster: set mShowPhoneRSSIForData = false
07-13 09:57:07.788 1482-1482/? E/StatusBar.NetworkController: isSglteMode is false
07-13 09:57:07.788 1482-1482/? E/StatusBar.NetworkController: refreshSignalCluster: RssiDisplayNum = 1
    refreshSignalCluster: set mShowPhoneRSSIForData = false
07-13 09:57:09.478 303-303/? E/SMD: DCD OFF
07-13 09:57:09.798 1482-1482/? E/StatusBar.NetworkController: isSglteMode is false
07-13 09:57:09.798 1482-1482/? E/StatusBar.NetworkController: refreshSignalCluster: RssiDisplayNum = 1
07-13 09:57:09.808 1482-1482/? E/StatusBar.NetworkController: refreshSignalCluster: set mShowPhoneRSSIForData = false
07-13 09:57:09.808 1482-1482/? E/StatusBar.NetworkController: isSglteMode is false
07-13 09:57:09.808 1482-1482/? E/StatusBar.NetworkController: refreshSignalCluster: RssiDisplayNum = 1
    refreshSignalCluster: set mShowPhoneRSSIForData = false
07-13 09:57:09.808 1482-1482/? E/StatusBar.NetworkController: isSglteMode is false
07-13 09:57:09.808 1482-1482/? E/StatusBar.NetworkController: refreshSignalCluster: RssiDisplayNum = 1
    refreshSignalCluster: set mShowPhoneRSSIForData = false
07-13 09:57:09.808 1482-1482/? E/StatusBar.NetworkController: isSglteMode is false
07-13 09:57:09.808 1482-1482/? E/StatusBar.NetworkController: refreshSignalCluster: RssiDisplayNum = 1
    refreshSignalCluster: set mShowPhoneRSSIForData = false
07-13 09:57:10.808 1482-1482/? E/StatusBar.NetworkController: isSglteMode is false
07-13 09:57:10.808 1482-1482/? E/StatusBar.NetworkController: refreshSignalCluster: RssiDisplayNum = 1
    refreshSignalCluster: set mShowPhoneRSSIForData = false
07-13 09:57:10.808 1482-1482/? E/StatusBar.NetworkController: isSglteMode is false
07-13 09:57:10.808 1482-1482/? E/StatusBar.NetworkController: refreshSignalCluster: RssiDisplayNum = 1
    refreshSignalCluster: set mShowPhoneRSSIForData = false
07-13 09:57:10.808 1482-1482/? E/StatusBar.NetworkController: isSglteMode is false
07-13 09:57:10.808 1482-1482/? E/StatusBar.NetworkController: refreshSignalCluster: RssiDisplayNum = 1
    refreshSignalCluster: set mShowPhoneRSSIForData = false
07-13 09:57:10.808 1482-1482/? E/StatusBar.NetworkController: isSglteMode is false
07-13 09:57:10.808 1482-1482/? E/StatusBar.NetworkController: refreshSignalCluster: RssiDisplayNum = 1
    refreshSignalCluster: set mShowPhoneRSSIForData = false
07-13 09:57:12.478 303-303/? E/SMD: DCD OFF
07-13 09:57:13.398 925-1625/? E/Watchdog: !@Sync 2224
07-13 09:57:13.808 1482-1482/? E/StatusBar.NetworkController: isSglteMode is false
07-13 09:57:13.818 1482-1482/? E/StatusBar.NetworkController: refreshSignalCluster: RssiDisplayNum = 1
    refreshSignalCluster: set mShowPhoneRSSIForData = false
07-13 09:57:13.818 1482-1482/? E/StatusBar.NetworkController: isSglteMode is false
07-13 09:57:13.818 1482-1482/? E/StatusBar.NetworkController: refreshSignalCluster: RssiDisplayNum = 1
    refreshSignalCluster: set mShowPhoneRSSIForData = false
07-13 09:57:13.818 1482-1482/? E/StatusBar.NetworkController: isSglteMode is false
07-13 09:57:13.818 1482-1482/? E/StatusBar.NetworkController: refreshSignalCluster: RssiDisplayNum = 1
    refreshSignalCluster: set mShowPhoneRSSIForData = false
07-13 09:57:13.818 1482-1482/? E/StatusBar.NetworkController: isSglteMode is false
07-13 09:57:13.818 1482-1482/? E/StatusBar.NetworkController: refreshSignalCluster: RssiDisplayNum = 1
    refreshSignalCluster: set mShowPhoneRSSIForData = false
07-13 09:57:14.818 1482-1482/? E/StatusBar.NetworkController: isSglteMode is false
07-13 09:57:14.818 1482-1482/? E/StatusBar.NetworkController: refreshSignalCluster: RssiDisplayNum = 1
    refreshSignalCluster: set mShowPhoneRSSIForData = false
07-13 09:57:14.818 1482-1482/? E/StatusBar.NetworkController: isSglteMode is false
07-13 09:57:14.818 1482-1482/? E/StatusBar.NetworkController: refreshSignalCluster: RssiDisplayNum = 1
    refreshSignalCluster: set mShowPhoneRSSIForData = false
07-13 09:57:14.818 1482-1482/? E/StatusBar.NetworkController: isSglteMode is false
07-13 09:57:14.818 1482-1482/? E/StatusBar.NetworkController: refreshSignalCluster: RssiDisplayNum = 1
    refreshSignalCluster: set mShowPhoneRSSIForData = false
07-13 09:57:14.828 1482-1482/? E/StatusBar.NetworkController: isSglteMode is false
07-13 09:57:14.828 1482-1482/? E/StatusBar.NetworkController: refreshSignalCluster: RssiDisplayNum = 1
    refreshSignalCluster: set mShowPhoneRSSIForData = false
07-13 09:57:15.478 303-303/? E/SMD: DCD OFF
07-13 09:57:15.838 1482-1482/? E/StatusBar.NetworkController: isSglteMode is false
07-13 09:57:15.838 1482-1482/? E/StatusBar.NetworkController: refreshSignalCluster: RssiDisplayNum = 1
    refreshSignalCluster: set mShowPhoneRSSIForData = false
07-13 09:57:15.848 1482-1482/? E/StatusBar.NetworkController: isSglteMode is false
07-13 09:57:15.848 1482-1482/? E/StatusBar.NetworkController: refreshSignalCluster: RssiDisplayNum = 1
    refreshSignalCluster: set mShowPhoneRSSIForData = false
07-13 09:57:15.848 1482-1482/? E/StatusBar.NetworkController: isSglteMode is false
07-13 09:57:15.848 1482-1482/? E/StatusBar.NetworkController: refreshSignalCluster: RssiDisplayNum = 1
    refreshSignalCluster: set mShowPhoneRSSIForData = false
07-13 09:57:15.858 1482-1482/? E/StatusBar.NetworkController: isSglteMode is false
07-13 09:57:15.858 1482-1482/? E/StatusBar.NetworkController: refreshSignalCluster: RssiDisplayNum = 1
    refreshSignalCluster: set mShowPhoneRSSIForData = false
07-13 09:57:17.828 1482-1482/? E/StatusBar.NetworkController: isSglteMode is false
07-13 09:57:17.828 1482-1482/? E/StatusBar.NetworkController: refreshSignalCluster: RssiDisplayNum = 1
    refreshSignalCluster: set mShowPhoneRSSIForData = false
07-13 09:57:17.828 1482-1482/? E/StatusBar.NetworkController: isSglteMode is false
07-13 09:57:17.828 1482-1482/? E/StatusBar.NetworkController: refreshSignalCluster: RssiDisplayNum = 1
    refreshSignalCluster: set mShowPhoneRSSIForData = false
07-13 09:57:17.838 1482-1482/? E/StatusBar.NetworkController: isSglteMode is false
07-13 09:57:17.838 1482-1482/? E/StatusBar.NetworkController: refreshSignalCluster: RssiDisplayNum = 1
    refreshSignalCluster: set mShowPhoneRSSIForData = false
07-13 09:57:17.838 1482-1482/? E/StatusBar.NetworkController: isSglteMode is false
07-13 09:57:17.838 1482-1482/? E/StatusBar.NetworkController: refreshSignalCluster: RssiDisplayNum = 1
    refreshSignalCluster: set mShowPhoneRSSIForData = false
07-13 09:57:18.478 303-303/? E/SMD: DCD OFF
07-13 09:57:18.828 1482-1482/? E/StatusBar.NetworkController: isSglteMode is false
07-13 09:57:18.828 1482-1482/? E/StatusBar.NetworkController: refreshSignalCluster: RssiDisplayNum = 1
    refreshSignalCluster: set mShowPhoneRSSIForData = false
07-13 09:57:18.838 1482-1482/? E/StatusBar.NetworkController: isSglteMode is false
07-13 09:57:18.838 1482-1482/? E/StatusBar.NetworkController: refreshSignalCluster: RssiDisplayNum = 1
    refreshSignalCluster: set mShowPhoneRSSIForData = false
07-13 09:57:18.838 1482-1482/? E/StatusBar.NetworkController: isSglteMode is false
07-13 09:57:18.838 1482-1482/? E/StatusBar.NetworkController: refreshSignalCluster: RssiDisplayNum = 1
    refreshSignalCluster: set mShowPhoneRSSIForData = false
07-13 09:57:18.838 1482-1482/? E/StatusBar.NetworkController: isSglteMode is false
07-13 09:57:18.838 1482-1482/? E/StatusBar.NetworkController: refreshSignalCluster: RssiDisplayNum = 1
    refreshSignalCluster: set mShowPhoneRSSIForData = false
07-13 09:57:20.838 1482-1482/? E/StatusBar.NetworkController: isSglteMode is false
07-13 09:57:20.838 1482-1482/? E/StatusBar.NetworkController: refreshSignalCluster: RssiDisplayNum = 1
    refreshSignalCluster: set mShowPhoneRSSIForData = false
07-13 09:57:20.848 1482-1482/? E/StatusBar.NetworkController: isSglteMode is false
07-13 09:57:20.848 1482-1482/? E/StatusBar.NetworkController: refreshSignalCluster: RssiDisplayNum = 1
    refreshSignalCluster: set mShowPhoneRSSIForData = false
07-13 09:57:20.848 1482-1482/? E/StatusBar.NetworkController: isSglteMode is false
07-13 09:57:20.848 1482-1482/? E/StatusBar.NetworkController: refreshSignalCluster: RssiDisplayNum = 1
    refreshSignalCluster: set mShowPhoneRSSIForData = false
07-13 09:57:20.848 1482-1482/? E/StatusBar.NetworkController: isSglteMode is false
07-13 09:57:20.848 1482-1482/? E/StatusBar.NetworkController: refreshSignalCluster: RssiDisplayNum = 1
    refreshSignalCluster: set mShowPhoneRSSIForData = false
07-13 09:57:21.478 303-303/? E/SMD: DCD OFF
07-13 09:57:21.838 1482-1482/? E/StatusBar.NetworkController: isSglteMode is false
07-13 09:57:21.838 1482-1482/? E/StatusBar.NetworkController: refreshSignalCluster: RssiDisplayNum = 1
    refreshSignalCluster: set mShowPhoneRSSIForData = false
07-13 09:57:21.848 1482-1482/? E/StatusBar.NetworkController: isSglteMode is false
07-13 09:57:21.848 1482-1482/? E/StatusBar.NetworkController: refreshSignalCluster: RssiDisplayNum = 1
