07-13 10:02:59.638 1482-1482/? E/StatusBar.NetworkController: refreshSignalCluster: RssiDisplayNum = 1
    refreshSignalCluster: set mShowPhoneRSSIForData = false
07-13 10:02:59.648 1482-1482/? E/StatusBar.NetworkController: isSglteMode is false
07-13 10:02:59.648 1482-1482/? E/StatusBar.NetworkController: refreshSignalCluster: RssiDisplayNum = 1
    refreshSignalCluster: set mShowPhoneRSSIForData = false
07-13 10:03:00.538 303-303/? E/SMD: DCD OFF
07-13 10:03:00.648 1482-1482/? E/StatusBar.NetworkController: isSglteMode is false
07-13 10:03:00.648 1482-1482/? E/StatusBar.NetworkController: refreshSignalCluster: RssiDisplayNum = 1
    refreshSignalCluster: set mShowPhoneRSSIForData = false
07-13 10:03:00.648 1482-1482/? E/StatusBar.NetworkController: isSglteMode is false
07-13 10:03:00.648 1482-1482/? E/StatusBar.NetworkController: refreshSignalCluster: RssiDisplayNum = 1
    refreshSignalCluster: set mShowPhoneRSSIForData = false
07-13 10:03:00.648 1482-1482/? E/StatusBar.NetworkController: isSglteMode is false
07-13 10:03:00.648 1482-1482/? E/StatusBar.NetworkController: refreshSignalCluster: RssiDisplayNum = 1
    refreshSignalCluster: set mShowPhoneRSSIForData = false
07-13 10:03:00.658 1482-1482/? E/StatusBar.NetworkController: isSglteMode is false
07-13 10:03:00.658 1482-1482/? E/StatusBar.NetworkController: refreshSignalCluster: RssiDisplayNum = 1
    refreshSignalCluster: set mShowPhoneRSSIForData = false
07-13 10:03:03.538 303-303/? E/SMD: DCD OFF
07-13 10:03:06.538 303-303/? E/SMD: DCD OFF
07-13 10:03:09.538 303-303/? E/SMD: DCD OFF
07-13 10:03:09.668 1482-1482/? E/StatusBar.NetworkController: isSglteMode is false
07-13 10:03:09.668 1482-1482/? E/StatusBar.NetworkController: refreshSignalCluster: RssiDisplayNum = 1
    refreshSignalCluster: set mShowPhoneRSSIForData = false
07-13 10:03:09.668 1482-1482/? E/StatusBar.NetworkController: isSglteMode is false
07-13 10:03:09.668 1482-1482/? E/StatusBar.NetworkController: refreshSignalCluster: RssiDisplayNum = 1
    refreshSignalCluster: set mShowPhoneRSSIForData = false
07-13 10:03:09.668 1482-1482/? E/StatusBar.NetworkController: isSglteMode is false
07-13 10:03:09.668 1482-1482/? E/StatusBar.NetworkController: refreshSignalCluster: RssiDisplayNum = 1
    refreshSignalCluster: set mShowPhoneRSSIForData = false
07-13 10:03:09.668 1482-1482/? E/StatusBar.NetworkController: isSglteMode is false
07-13 10:03:09.668 1482-1482/? E/StatusBar.NetworkController: refreshSignalCluster: RssiDisplayNum = 1
    refreshSignalCluster: set mShowPhoneRSSIForData = false
07-13 10:03:10.258 1482-1482/? E/StatusBar.NetworkController: isSglteMode is false
07-13 10:03:10.668 1482-1482/? E/StatusBar.NetworkController: isSglteMode is false
07-13 10:03:10.668 1482-1482/? E/StatusBar.NetworkController: refreshSignalCluster: RssiDisplayNum = 1
    refreshSignalCluster: set mShowPhoneRSSIForData = false
07-13 10:03:10.678 1482-1482/? E/StatusBar.NetworkController: isSglteMode is false
07-13 10:03:10.678 1482-1482/? E/StatusBar.NetworkController: refreshSignalCluster: RssiDisplayNum = 1
    refreshSignalCluster: set mShowPhoneRSSIForData = false
07-13 10:03:10.678 1482-1482/? E/StatusBar.NetworkController: isSglteMode is false
07-13 10:03:10.678 1482-1482/? E/StatusBar.NetworkController: refreshSignalCluster: RssiDisplayNum = 1
    refreshSignalCluster: set mShowPhoneRSSIForData = false
07-13 10:03:10.678 1482-1482/? E/StatusBar.NetworkController: isSglteMode is false
07-13 10:03:10.678 1482-1482/? E/StatusBar.NetworkController: refreshSignalCluster: RssiDisplayNum = 1
    refreshSignalCluster: set mShowPhoneRSSIForData = false
07-13 10:03:12.538 303-303/? E/SMD: DCD OFF
07-13 10:03:12.678 1482-1482/? E/StatusBar.NetworkController: isSglteMode is false
07-13 10:03:12.678 1482-1482/? E/StatusBar.NetworkController: refreshSignalCluster: RssiDisplayNum = 1
    refreshSignalCluster: set mShowPhoneRSSIForData = false
07-13 10:03:12.678 1482-1482/? E/StatusBar.NetworkController: isSglteMode is false
07-13 10:03:12.678 1482-1482/? E/StatusBar.NetworkController: refreshSignalCluster: RssiDisplayNum = 1
    refreshSignalCluster: set mShowPhoneRSSIForData = false
07-13 10:03:12.688 1482-1482/? E/StatusBar.NetworkController: isSglteMode is false
07-13 10:03:12.688 1482-1482/? E/StatusBar.NetworkController: refreshSignalCluster: RssiDisplayNum = 1
    refreshSignalCluster: set mShowPhoneRSSIForData = false
07-13 10:03:12.688 1482-1482/? E/StatusBar.NetworkController: isSglteMode is false
07-13 10:03:12.688 1482-1482/? E/StatusBar.NetworkController: refreshSignalCluster: RssiDisplayNum = 1
    refreshSignalCluster: set mShowPhoneRSSIForData = false
07-13 10:03:13.408 925-1625/? E/Watchdog: !@Sync 2236
07-13 10:03:13.698 1482-1482/? E/StatusBar.NetworkController: isSglteMode is false
07-13 10:03:13.698 1482-1482/? E/StatusBar.NetworkController: refreshSignalCluster: RssiDisplayNum = 1
    refreshSignalCluster: set mShowPhoneRSSIForData = false
07-13 10:03:13.698 1482-1482/? E/StatusBar.NetworkController: isSglteMode is false
07-13 10:03:13.698 1482-1482/? E/StatusBar.NetworkController: refreshSignalCluster: RssiDisplayNum = 1
    refreshSignalCluster: set mShowPhoneRSSIForData = false
07-13 10:03:13.698 1482-1482/? E/StatusBar.NetworkController: isSglteMode is false
07-13 10:03:13.698 1482-1482/? E/StatusBar.NetworkController: refreshSignalCluster: RssiDisplayNum = 1
    refreshSignalCluster: set mShowPhoneRSSIForData = false
07-13 10:03:13.698 1482-1482/? E/StatusBar.NetworkController: isSglteMode is false
07-13 10:03:13.698 1482-1482/? E/StatusBar.NetworkController: refreshSignalCluster: RssiDisplayNum = 1
    refreshSignalCluster: set mShowPhoneRSSIForData = false
07-13 10:03:15.538 303-303/? E/SMD: DCD OFF
07-13 10:03:18.538 303-303/? E/SMD: DCD OFF
07-13 10:03:21.538 303-303/? E/SMD: DCD OFF
07-13 10:03:21.698 1482-1482/? E/StatusBar.NetworkController: isSglteMode is false
07-13 10:03:21.698 1482-1482/? E/StatusBar.NetworkController: refreshSignalCluster: RssiDisplayNum = 1
    refreshSignalCluster: set mShowPhoneRSSIForData = false
07-13 10:03:21.698 1482-1482/? E/StatusBar.NetworkController: isSglteMode is false
07-13 10:03:21.698 1482-1482/? E/StatusBar.NetworkController: refreshSignalCluster: RssiDisplayNum = 1
    refreshSignalCluster: set mShowPhoneRSSIForData = false
07-13 10:03:21.708 1482-1482/? E/StatusBar.NetworkController: isSglteMode is false
07-13 10:03:21.708 1482-1482/? E/StatusBar.NetworkController: refreshSignalCluster: RssiDisplayNum = 1
    refreshSignalCluster: set mShowPhoneRSSIForData = false
07-13 10:03:21.708 1482-1482/? E/StatusBar.NetworkController: isSglteMode is false
07-13 10:03:21.708 1482-1482/? E/StatusBar.NetworkController: refreshSignalCluster: RssiDisplayNum = 1
    refreshSignalCluster: set mShowPhoneRSSIForData = false
07-13 10:03:22.698 1482-1482/? E/StatusBar.NetworkController: isSglteMode is false
07-13 10:03:22.698 1482-1482/? E/StatusBar.NetworkController: refreshSignalCluster: RssiDisplayNum = 1
    refreshSignalCluster: set mShowPhoneRSSIForData = false
07-13 10:03:22.698 1482-1482/? E/StatusBar.NetworkController: isSglteMode is false
07-13 10:03:22.698 1482-1482/? E/StatusBar.NetworkController: refreshSignalCluster: RssiDisplayNum = 1
    refreshSignalCluster: set mShowPhoneRSSIForData = false
07-13 10:03:22.708 1482-1482/? E/StatusBar.NetworkController: isSglteMode is false
07-13 10:03:22.708 1482-1482/? E/StatusBar.NetworkController: refreshSignalCluster: RssiDisplayNum = 1
    refreshSignalCluster: set mShowPhoneRSSIForData = false
07-13 10:03:22.708 1482-1482/? E/StatusBar.NetworkController: isSglteMode is false
07-13 10:03:22.708 1482-1482/? E/StatusBar.NetworkController: refreshSignalCluster: RssiDisplayNum = 1
    refreshSignalCluster: set mShowPhoneRSSIForData = false
07-13 10:03:23.708 1482-1482/? E/StatusBar.NetworkController: isSglteMode is false
07-13 10:03:23.708 1482-1482/? E/StatusBar.NetworkController: refreshSignalCluster: RssiDisplayNum = 1
    refreshSignalCluster: set mShowPhoneRSSIForData = false
07-13 10:03:23.708 1482-1482/? E/StatusBar.NetworkController: isSglteMode is false
07-13 10:03:23.708 1482-1482/? E/StatusBar.NetworkController: refreshSignalCluster: RssiDisplayNum = 1
    refreshSignalCluster: set mShowPhoneRSSIForData = false
07-13 10:03:23.708 1482-1482/? E/StatusBar.NetworkController: isSglteMode is false
07-13 10:03:23.708 1482-1482/? E/StatusBar.NetworkController: refreshSignalCluster: RssiDisplayNum = 1
    refreshSignalCluster: set mShowPhoneRSSIForData = false
07-13 10:03:23.718 1482-1482/? E/StatusBar.NetworkController: isSglteMode is false
07-13 10:03:23.718 1482-1482/? E/StatusBar.NetworkController: refreshSignalCluster: RssiDisplayNum = 1
    refreshSignalCluster: set mShowPhoneRSSIForData = false
07-13 10:03:24.538 303-303/? E/SMD: DCD OFF
07-13 10:03:25.708 1482-1482/? E/StatusBar.NetworkController: isSglteMode is false
07-13 10:03:25.708 1482-1482/? E/StatusBar.NetworkController: refreshSignalCluster: RssiDisplayNum = 1
    refreshSignalCluster: set mShowPhoneRSSIForData = false
07-13 10:03:25.718 1482-1482/? E/StatusBar.NetworkController: isSglteMode is false
07-13 10:03:25.718 1482-1482/? E/StatusBar.NetworkController: refreshSignalCluster: RssiDisplayNum = 1
    refreshSignalCluster: set mShowPhoneRSSIForData = false
07-13 10:03:25.718 1482-1482/? E/StatusBar.NetworkController: isSglteMode is false
07-13 10:03:25.718 1482-1482/? E/StatusBar.NetworkController: refreshSignalCluster: RssiDisplayNum = 1
    refreshSignalCluster: set mShowPhoneRSSIForData = false
07-13 10:03:25.718 1482-1482/? E/StatusBar.NetworkController: isSglteMode is false
07-13 10:03:25.728 1482-1482/? E/StatusBar.NetworkController: refreshSignalCluster: RssiDisplayNum = 1
    refreshSignalCluster: set mShowPhoneRSSIForData = false
07-13 10:03:27.538 303-303/? E/SMD: DCD OFF
07-13 10:03:27.718 1482-1482/? E/StatusBar.NetworkController: isSglteMode is false
07-13 10:03:27.718 1482-1482/? E/StatusBar.NetworkController: refreshSignalCluster: RssiDisplayNum = 1
    refreshSignalCluster: set mShowPhoneRSSIForData = false
07-13 10:03:27.718 1482-1482/? E/StatusBar.NetworkController: isSglteMode is false
07-13 10:03:27.718 1482-1482/? E/StatusBar.NetworkController: refreshSignalCluster: RssiDisplayNum = 1
    refreshSignalCluster: set mShowPhoneRSSIForData = false
07-13 10:03:27.728 1482-1482/? E/StatusBar.NetworkController: isSglteMode is false
07-13 10:03:27.728 1482-1482/? E/StatusBar.NetworkController: refreshSignalCluster: RssiDisplayNum = 1
    refreshSignalCluster: set mShowPhoneRSSIForData = false
07-13 10:03:27.728 1482-1482/? E/StatusBar.NetworkController: isSglteMode is false
07-13 10:03:27.728 1482-1482/? E/StatusBar.NetworkController: refreshSignalCluster: RssiDisplayNum = 1
    refreshSignalCluster: set mShowPhoneRSSIForData = false
07-13 10:03:28.728 1482-1482/? E/StatusBar.NetworkController: isSglteMode is false
07-13 10:03:28.728 1482-1482/? E/StatusBar.NetworkController: refreshSignalCluster: RssiDisplayNum = 1
    refreshSignalCluster: set mShowPhoneRSSIForData = false
07-13 10:03:28.728 1482-1482/? E/StatusBar.NetworkController: isSglteMode is false
07-13 10:03:28.728 1482-1482/? E/StatusBar.NetworkController: refreshSignalCluster: RssiDisplayNum = 1
    refreshSignalCluster: set mShowPhoneRSSIForData = false
07-13 10:03:28.728 1482-1482/? E/StatusBar.NetworkController: isSglteMode is false
07-13 10:03:28.728 1482-1482/? E/StatusBar.NetworkController: refreshSignalCluster: RssiDisplayNum = 1
    refreshSignalCluster: set mShowPhoneRSSIForData = false
07-13 10:03:28.738 1482-1482/? E/StatusBar.NetworkController: isSglteMode is false
07-13 10:03:28.738 1482-1482/? E/StatusBar.NetworkController: refreshSignalCluster: RssiDisplayNum = 1
    refreshSignalCluster: set mShowPhoneRSSIForData = false
07-13 10:03:29.728 1482-1482/? E/StatusBar.NetworkController: isSglteMode is false
07-13 10:03:29.728 1482-1482/? E/StatusBar.NetworkController: refreshSignalCluster: RssiDisplayNum = 1
    refreshSignalCluster: set mShowPhoneRSSIForData = false
07-13 10:03:29.738 1482-1482/? E/StatusBar.NetworkController: isSglteMode is false
07-13 10:03:29.738 1482-1482/? E/StatusBar.NetworkController: refreshSignalCluster: RssiDisplayNum = 1
    refreshSignalCluster: set mShowPhoneRSSIForData = false
07-13 10:03:29.738 1482-1482/? E/StatusBar.NetworkController: isSglteMode is false
07-13 10:03:29.738 1482-1482/? E/StatusBar.NetworkController: refreshSignalCluster: RssiDisplayNum = 1
    refreshSignalCluster: set mShowPhoneRSSIForData = false
07-13 10:03:29.738 1482-1482/? E/StatusBar.NetworkController: isSglteMode is false
07-13 10:03:29.738 1482-1482/? E/StatusBar.NetworkController: refreshSignalCluster: RssiDisplayNum = 1
    refreshSignalCluster: set mShowPhoneRSSIForData = false
07-13 10:03:30.538 303-303/? E/SMD: DCD OFF
07-13 10:03:30.738 1482-1482/? E/StatusBar.NetworkController: isSglteMode is false
07-13 10:03:30.738 1482-1482/? E/StatusBar.NetworkController: refreshSignalCluster: RssiDisplayNum = 1
    refreshSignalCluster: set mShowPhoneRSSIForData = false
07-13 10:03:30.738 1482-1482/? E/StatusBar.NetworkController: isSglteMode is false
07-13 10:03:30.738 1482-1482/? E/StatusBar.NetworkController: refreshSignalCluster: RssiDisplayNum = 1
    refreshSignalCluster: set mShowPhoneRSSIForData = false
07-13 10:03:30.738 1482-1482/? E/StatusBar.NetworkController: isSglteMode is false
07-13 10:03:30.738 1482-1482/? E/StatusBar.NetworkController: refreshSignalCluster: RssiDisplayNum = 1
    refreshSignalCluster: set mShowPhoneRSSIForData = false
07-13 10:03:30.738 1482-1482/? E/StatusBar.NetworkController: isSglteMode is false
07-13 10:03:30.738 1482-1482/? E/StatusBar.NetworkController: refreshSignalCluster: RssiDisplayNum = 1
    refreshSignalCluster: set mShowPhoneRSSIForData = false
07-13 10:03:31.738 1482-1482/? E/StatusBar.NetworkController: isSglteMode is false
07-13 10:03:31.738 1482-1482/? E/StatusBar.NetworkController: refreshSignalCluster: RssiDisplayNum = 1
    refreshSignalCluster: set mShowPhoneRSSIForData = false
07-13 10:03:31.738 1482-1482/? E/StatusBar.NetworkController: isSglteMode is false
07-13 10:03:31.738 1482-1482/? E/StatusBar.NetworkController: refreshSignalCluster: RssiDisplayNum = 1
    refreshSignalCluster: set mShowPhoneRSSIForData = false
07-13 10:03:31.738 1482-1482/? E/StatusBar.NetworkController: isSglteMode is false
07-13 10:03:31.738 1482-1482/? E/StatusBar.NetworkController: refreshSignalCluster: RssiDisplayNum = 1
    refreshSignalCluster: set mShowPhoneRSSIForData = false
07-13 10:03:31.738 1482-1482/? E/StatusBar.NetworkController: isSglteMode is false
07-13 10:03:31.738 1482-1482/? E/StatusBar.NetworkController: refreshSignalCluster: RssiDisplayNum = 1
    refreshSignalCluster: set mShowPhoneRSSIForData = false
07-13 10:03:33.538 303-303/? E/SMD: DCD OFF
07-13 10:03:33.748 1482-1482/? E/StatusBar.NetworkController: isSglteMode is false
07-13 10:03:33.748 1482-1482/? E/StatusBar.NetworkController: refreshSignalCluster: RssiDisplayNum = 1
    refreshSignalCluster: set mShowPhoneRSSIForData = false
07-13 10:03:33.748 1482-1482/? E/StatusBar.NetworkController: isSglteMode is false
07-13 10:03:33.748 1482-1482/? E/StatusBar.NetworkController: refreshSignalCluster: RssiDisplayNum = 1
    refreshSignalCluster: set mShowPhoneRSSIForData = false
07-13 10:03:33.748 1482-1482/? E/StatusBar.NetworkController: isSglteMode is false
07-13 10:03:33.748 1482-1482/? E/StatusBar.NetworkController: refreshSignalCluster: RssiDisplayNum = 1
    refreshSignalCluster: set mShowPhoneRSSIForData = false
07-13 10:03:33.748 1482-1482/? E/StatusBar.NetworkController: isSglteMode is false
07-13 10:03:33.758 1482-1482/? E/StatusBar.NetworkController: refreshSignalCluster: RssiDisplayNum = 1
    refreshSignalCluster: set mShowPhoneRSSIForData = false
07-13 10:03:36.538 303-303/? E/SMD: DCD OFF
07-13 10:03:36.758 1482-1482/? E/StatusBar.NetworkController: isSglteMode is false
07-13 10:03:36.758 1482-1482/? E/StatusBar.NetworkController: refreshSignalCluster: RssiDisplayNum = 1
    refreshSignalCluster: set mShowPhoneRSSIForData = false
07-13 10:03:36.758 1482-1482/? E/StatusBar.NetworkController: isSglteMode is false
07-13 10:03:36.758 1482-1482/? E/StatusBar.NetworkController: refreshSignalCluster: RssiDisplayNum = 1
    refreshSignalCluster: set mShowPhoneRSSIForData = false
07-13 10:03:36.758 1482-1482/? E/StatusBar.NetworkController: isSglteMode is false
07-13 10:03:36.758 1482-1482/? E/StatusBar.NetworkController: refreshSignalCluster: RssiDisplayNum = 1
    refreshSignalCluster: set mShowPhoneRSSIForData = false
07-13 10:03:36.768 1482-1482/? E/StatusBar.NetworkController: isSglteMode is false
07-13 10:03:36.768 1482-1482/? E/StatusBar.NetworkController: refreshSignalCluster: RssiDisplayNum = 1
    refreshSignalCluster: set mShowPhoneRSSIForData = false
07-13 10:03:39.538 303-303/? E/SMD: DCD OFF
07-13 10:03:41.768 1482-1482/? E/StatusBar.NetworkController: isSglteMode is false
07-13 10:03:41.768 1482-1482/? E/StatusBar.NetworkController: refreshSignalCluster: RssiDisplayNum = 1
    refreshSignalCluster: set mShowPhoneRSSIForData = false
07-13 10:03:41.768 1482-1482/? E/StatusBar.NetworkController: isSglteMode is false
07-13 10:03:41.768 1482-1482/? E/StatusBar.NetworkController: refreshSignalCluster: RssiDisplayNum = 1
    refreshSignalCluster: set mShowPhoneRSSIForData = false
07-13 10:03:41.768 1482-1482/? E/StatusBar.NetworkController: isSglteMode is false
07-13 10:03:41.768 1482-1482/? E/StatusBar.NetworkController: refreshSignalCluster: RssiDisplayNum = 1
    refreshSignalCluster: set mShowPhoneRSSIForData = false
07-13 10:03:41.778 1482-1482/? E/StatusBar.NetworkController: isSglteMode is false
07-13 10:03:41.778 1482-1482/? E/StatusBar.NetworkController: refreshSignalCluster: RssiDisplayNum = 1
    refreshSignalCluster: set mShowPhoneRSSIForData = false
07-13 10:03:42.538 303-303/? E/SMD: DCD OFF
07-13 10:03:43.408 925-1625/? E/Watchdog: !@Sync 2237
07-13 10:03:45.538 303-303/? E/SMD: DCD OFF
07-13 10:03:46.788 1482-1482/? E/StatusBar.NetworkController: isSglteMode is false
07-13 10:03:46.788 1482-1482/? E/StatusBar.NetworkController: refreshSignalCluster: RssiDisplayNum = 1
    refreshSignalCluster: set mShowPhoneRSSIForData = false
07-13 10:03:46.798 1482-1482/? E/StatusBar.NetworkController: isSglteMode is false
07-13 10:03:46.798 1482-1482/? E/StatusBar.NetworkController: refreshSignalCluster: RssiDisplayNum = 1
    refreshSignalCluster: set mShowPhoneRSSIForData = false
07-13 10:03:46.798 1482-1482/? E/StatusBar.NetworkController: isSglteMode is false
07-13 10:03:46.798 1482-1482/? E/StatusBar.NetworkController: refreshSignalCluster: RssiDisplayNum = 1
    refreshSignalCluster: set mShowPhoneRSSIForData = false
07-13 10:03:46.808 1482-1482/? E/StatusBar.NetworkController: isSglteMode is false
07-13 10:03:46.808 1482-1482/? E/StatusBar.NetworkController: refreshSignalCluster: RssiDisplayNum = 1
    refreshSignalCluster: set mShowPhoneRSSIForData = false
07-13 10:03:48.538 303-303/? E/SMD: DCD OFF
07-13 10:03:51.538 303-303/? E/SMD: DCD OFF
07-13 10:03:51.908 1482-1482/? E/StatusBar.NetworkController: isSglteMode is false
07-13 10:03:51.908 1482-1482/? E/StatusBar.NetworkController: refreshSignalCluster: RssiDisplayNum = 1
    refreshSignalCluster: set mShowPhoneRSSIForData = false
07-13 10:03:51.908 1482-1482/? E/StatusBar.NetworkController: isSglteMode is false
07-13 10:03:51.908 1482-1482/? E/StatusBar.NetworkController: refreshSignalCluster: RssiDisplayNum = 1
    refreshSignalCluster: set mShowPhoneRSSIForData = false
07-13 10:03:51.918 1482-1482/? E/StatusBar.NetworkController: isSglteMode is false
07-13 10:03:51.918 1482-1482/? E/StatusBar.NetworkController: refreshSignalCluster: RssiDisplayNum = 1
    refreshSignalCluster: set mShowPhoneRSSIForData = false
07-13 10:03:51.918 1482-1482/? E/StatusBar.NetworkController: isSglteMode is false
07-13 10:03:51.918 1482-1482/? E/StatusBar.NetworkController: refreshSignalCluster: RssiDisplayNum = 1
    refreshSignalCluster: set mShowPhoneRSSIForData = false
07-13 10:03:52.918 1482-1482/? E/StatusBar.NetworkController: isSglteMode is false
07-13 10:03:52.918 1482-1482/? E/StatusBar.NetworkController: refreshSignalCluster: RssiDisplayNum = 1
    refreshSignalCluster: set mShowPhoneRSSIForData = false
07-13 10:03:52.918 1482-1482/? E/StatusBar.NetworkController: isSglteMode is false
07-13 10:03:52.918 1482-1482/? E/StatusBar.NetworkController: refreshSignalCluster: RssiDisplayNum = 1
    refreshSignalCluster: set mShowPhoneRSSIForData = false
07-13 10:03:52.918 1482-1482/? E/StatusBar.NetworkController: isSglteMode is false
07-13 10:03:52.918 1482-1482/? E/StatusBar.NetworkController: refreshSignalCluster: RssiDisplayNum = 1
    refreshSignalCluster: set mShowPhoneRSSIForData = false
07-13 10:03:52.928 1482-1482/? E/StatusBar.NetworkController: isSglteMode is false
07-13 10:03:52.928 1482-1482/? E/StatusBar.NetworkController: refreshSignalCluster: RssiDisplayNum = 1
    refreshSignalCluster: set mShowPhoneRSSIForData = false
07-13 10:03:54.538 303-303/? E/SMD: DCD OFF
07-13 10:03:54.928 1482-1482/? E/StatusBar.NetworkController: isSglteMode is false
07-13 10:03:54.928 1482-1482/? E/StatusBar.NetworkController: refreshSignalCluster: RssiDisplayNum = 1
    refreshSignalCluster: set mShowPhoneRSSIForData = false
07-13 10:03:54.928 1482-1482/? E/StatusBar.NetworkController: isSglteMode is false
07-13 10:03:54.928 1482-1482/? E/StatusBar.NetworkController: refreshSignalCluster: RssiDisplayNum = 1
    refreshSignalCluster: set mShowPhoneRSSIForData = false
07-13 10:03:54.928 1482-1482/? E/StatusBar.NetworkController: isSglteMode is false
07-13 10:03:54.928 1482-1482/? E/StatusBar.NetworkController: refreshSignalCluster: RssiDisplayNum = 1
    refreshSignalCluster: set mShowPhoneRSSIForData = false
07-13 10:03:54.928 1482-1482/? E/StatusBar.NetworkController: isSglteMode is false
07-13 10:03:54.928 1482-1482/? E/StatusBar.NetworkController: refreshSignalCluster: RssiDisplayNum = 1
    refreshSignalCluster: set mShowPhoneRSSIForData = false
07-13 10:03:56.938 1482-1482/? E/StatusBar.NetworkController: isSglteMode is false
07-13 10:03:56.938 1482-1482/? E/StatusBar.NetworkController: refreshSignalCluster: RssiDisplayNum = 1
    refreshSignalCluster: set mShowPhoneRSSIForData = false
07-13 10:03:56.938 1482-1482/? E/StatusBar.NetworkController: isSglteMode is false
07-13 10:03:56.938 1482-1482/? E/StatusBar.NetworkController: refreshSignalCluster: RssiDisplayNum = 1
    refreshSignalCluster: set mShowPhoneRSSIForData = false
07-13 10:03:56.938 1482-1482/? E/StatusBar.NetworkController: isSglteMode is false
07-13 10:03:56.938 1482-1482/? E/StatusBar.NetworkController: refreshSignalCluster: RssiDisplayNum = 1
    refreshSignalCluster: set mShowPhoneRSSIForData = false
07-13 10:03:56.938 1482-1482/? E/StatusBar.NetworkController: isSglteMode is false
07-13 10:03:56.938 1482-1482/? E/StatusBar.NetworkController: refreshSignalCluster: RssiDisplayNum = 1
    refreshSignalCluster: set mShowPhoneRSSIForData = false
07-13 10:03:57.548 303-303/? E/SMD: DCD OFF
07-13 10:03:57.938 1482-1482/? E/StatusBar.NetworkController: isSglteMode is false
07-13 10:03:57.938 1482-1482/? E/StatusBar.NetworkController: refreshSignalCluster: RssiDisplayNum = 1
    refreshSignalCluster: set mShowPhoneRSSIForData = false
07-13 10:03:57.938 1482-1482/? E/StatusBar.NetworkController: isSglteMode is false
07-13 10:03:57.938 1482-1482/? E/StatusBar.NetworkController: refreshSignalCluster: RssiDisplayNum = 1
    refreshSignalCluster: set mShowPhoneRSSIForData = false
07-13 10:03:57.938 1482-1482/? E/StatusBar.NetworkController: isSglteMode is false
07-13 10:03:57.938 1482-1482/? E/StatusBar.NetworkController: refreshSignalCluster: RssiDisplayNum = 1
    refreshSignalCluster: set mShowPhoneRSSIForData = false
07-13 10:03:57.948 1482-1482/? E/StatusBar.NetworkController: isSglteMode is false
07-13 10:03:57.948 1482-1482/? E/StatusBar.NetworkController: refreshSignalCluster: RssiDisplayNum = 1
    refreshSignalCluster: set mShowPhoneRSSIForData = false
07-13 10:04:00.548 303-303/? E/SMD: DCD OFF
07-13 10:04:01.878 925-1247/? E/PowerManagerService: handleSandman : startDreaming, but isDreaming false
07-13 10:04:02.138 925-1393/? E/MotionRecognitionService:  handler : SCREEN_OFF end 
07-13 10:04:02.138 925-1426/? E/WifiStateMachine: handleScreenStateChanged Exit: false
07-13 10:04:02.148 925-1426/? E/WifiStateMachine: setSuspendOptimizationsNative: 4 true -want true stack:setSuspendOptimizationsNative - access$16800 - processMessage - processMsg
    setSuspendOptimizationsNative do it 4 true stack:setSuspendOptimizationsNative - access$16800 - processMessage - processMsg
07-13 10:04:02.148 925-1426/? E/native: do suspend true
07-13 10:04:02.178 925-1467/? E/LightSensor: Light old sensor_state 513, new sensor_state : 1 en : 0
07-13 10:04:02.188 925-1467/? E/Sensors: Acc old sensor_state 1, new sensor_state : 0 en : 0
07-13 10:04:02.268 1482-1482/? E/StatusBar.NetworkController: isSglteMode is false
07-13 10:04:02.298 925-1847/? E/ActivityManager: checkUser: useridlist=null, currentuser=0
    checkUser: useridlist=null, currentuser=0
    checkUser: useridlist=null, currentuser=0
    checkUser: useridlist=null, currentuser=0
07-13 10:04:02.318 30773-30773/? E/Zygote: MountEmulatedStorage()
    v2
07-13 10:04:02.328 925-2214/? E/ActivityManager: checkUser: useridlist=null, currentuser=0
    checkUser: useridlist=null, currentuser=0
    checkUser: useridlist=null, currentuser=0
    checkUser: useridlist=null, currentuser=0
07-13 10:04:02.338 30773-30773/? E/SELinux: [DEBUG] get_category: variable seinfo: default sensitivity: NULL, cateogry: NULL
07-13 10:04:02.338 30781-30781/? E/Zygote: MountEmulatedStorage()
07-13 10:04:02.338 30781-30781/? E/Zygote: v2
07-13 10:04:02.418 30781-30781/? E/SELinux: [DEBUG] get_category: variable seinfo: default sensitivity: NULL, cateogry: NULL
07-13 10:04:02.508 1482-1482/? E/StatusBar: onReceive : Intent.ACTION_SCREEN_OFF
07-13 10:04:02.548 925-2391/? E/PersonaManagerService: inState():  stateMachine is null !!
07-13 10:04:02.808 925-1542/? E/ActivityManager: checkUser: useridlist=null, currentuser=0
    checkUser: useridlist=null, currentuser=0
    checkUser: useridlist=null, currentuser=0
    checkUser: useridlist=null, currentuser=0
07-13 10:04:02.818 30839-30839/? E/Zygote: MountEmulatedStorage()
07-13 10:04:02.818 30839-30839/? E/Zygote: v2
07-13 10:04:02.828 30773-30837/? E/SQLiteLog: (10) POSIX Error : 11 SQLite Error : 3850
    (10) POSIX Error : 11 SQLite Error : 3850
07-13 10:04:02.828 30781-30835/? E/SQLiteLog: (10) POSIX Error : 11 SQLite Error : 3850
07-13 10:04:02.838 30773-30837/? E/SQLiteLog: (10) POSIX Error : 11 SQLite Error : 3850
07-13 10:04:02.838 30839-30839/? E/SELinux: [DEBUG] get_category: variable seinfo: platform sensitivity: NULL, cateogry: NULL
07-13 10:04:02.838 30773-30837/? E/SQLiteLog: (10) POSIX Error : 11 SQLite Error : 3850
07-13 10:04:02.858 30781-30835/? E/SQLiteLog: (10) POSIX Error : 11 SQLite Error : 3850
    (10) POSIX Error : 11 SQLite Error : 3850
07-13 10:04:02.858 30773-30837/? E/SQLiteLog: (10) POSIX Error : 11 SQLite Error : 3850
07-13 10:04:02.868 30773-30837/? E/SQLiteLog: (10) POSIX Error : 11 SQLite Error : 3850
07-13 10:04:02.868 30773-30837/? E/SQLiteLog: (10) POSIX Error : 11 SQLite Error : 3850
07-13 10:04:02.868 30781-30835/? E/SQLiteLog: (10) POSIX Error : 11 SQLite Error : 3850
07-13 10:04:02.878 30781-30835/? E/SQLiteLog: (10) POSIX Error : 11 SQLite Error : 3850
07-13 10:04:02.878 30781-30818/? E/SQLiteLog: (10) POSIX Error : 11 SQLite Error : 3850
    (10) POSIX Error : 11 SQLite Error : 3850
07-13 10:04:02.878 30781-30835/? E/SQLiteLog: (10) POSIX Error : 11 SQLite Error : 3850
07-13 10:04:02.928 30781-30818/? E/SQLiteLog: (10) POSIX Error : 11 SQLite Error : 3850
    (10) POSIX Error : 11 SQLite Error : 3850
07-13 10:04:02.928 30781-30818/? E/SQLiteLog: (10) POSIX Error : 11 SQLite Error : 3850
07-13 10:04:02.938 30781-30818/? E/SQLiteLog: (10) POSIX Error : 11 SQLite Error : 3850
07-13 10:04:03.008 30773-30824/? E/SQLiteLog: (10) POSIX Error : 11 SQLite Error : 3850
    (10) POSIX Error : 11 SQLite Error : 3850
07-13 10:04:03.218 30839-30839/? E/SAappLog: java.io.FileNotFoundException: filelog_enable
07-13 10:04:03.218 30839-30839/? E/PkgLog: java.io.FileNotFoundException: filelog_enable
07-13 10:04:03.428 30773-30824/? E/SQLiteLog: (10) POSIX Error : 11 SQLite Error : 3850
    (10) POSIX Error : 11 SQLite Error : 3850
07-13 10:04:03.468 30781-30818/? E/SQLiteLog: (10) POSIX Error : 11 SQLite Error : 3850
    (10) POSIX Error : 11 SQLite Error : 3850
    (10) POSIX Error : 11 SQLite Error : 3850
07-13 10:04:03.548 303-303/? E/SMD: DCD OFF
07-13 10:04:06.548 303-303/? E/SMD: DCD OFF
07-13 10:04:07.248 925-925/? E/MotionRecognitionService:   mReceiver.onReceive : ACTION_USER_PRESENT  :: UNLOCK SCREEN
07-13 10:04:07.248 925-925/? E/LightSensor: Light old sensor_state 0, new sensor_state : 512 en : 1
07-13 10:04:07.268 925-1542/? E/ActivityManager: checkUser: useridlist=null, currentuser=0
    checkUser: useridlist=null, currentuser=0
    checkUser: useridlist=null, currentuser=0
    checkUser: useridlist=null, currentuser=0
07-13 10:04:07.288 30927-30927/? E/Zygote: MountEmulatedStorage()
    v2
07-13 10:04:07.308 30927-30927/? E/SELinux: [DEBUG] get_category: variable seinfo: platform sensitivity: NULL, cateogry: NULL
07-13 10:04:07.628 925-1333/? E/LightSensor: Light old sensor_state 512, new sensor_state : 0 en : 0
07-13 10:04:07.758 28087-28464/? E/SQLiteLog: (10) POSIX Error : 9 SQLite Error : 3850
    (10) POSIX Error : 9 SQLite Error : 3850
    (10) POSIX Error : 9 SQLite Error : 3850
07-13 10:04:07.768 28087-28464/? E/SQLiteLog: (10) POSIX Error : 9 SQLite Error : 3850
07-13 10:04:08.718 2863-2863/? E/auditd: In denial and Property audit_ondenial is set to 1 
07-13 10:04:08.738 2863-2863/? E/auditd: In denial and Property audit_ondenial is set to 1 
07-13 10:04:08.738 2863-2863/? E/auditd: In denial and Property audit_ondenial is set to 1 
    In denial and Property audit_ondenial is set to 1 
07-13 10:04:08.738 2863-2863/? E/auditd: In denial and Property audit_ondenial is set to 1 
07-13 10:04:09.548 303-303/? E/SMD: DCD OFF
07-13 10:04:09.558 925-1430/? E/ConnectivityService: RemoteException caught trying to send a callback msg for NetworkRequest [ id=20, legacyType=-1, [ Capabilities: INTERNET&NOT_RESTRICTED&TRUSTED] ]
07-13 10:04:10.318 925-1066/? E/ActivityManager: checkUser: useridlist=null, currentuser=0
    checkUser: useridlist=null, currentuser=0
    checkUser: useridlist=null, currentuser=0
    checkUser: useridlist=null, currentuser=0
07-13 10:04:10.328 30989-30989/? E/Zygote: MountEmulatedStorage()
    v2
07-13 10:04:10.348 30989-30989/? E/SELinux: [DEBUG] get_category: variable seinfo: platform sensitivity: NULL, cateogry: NULL
07-13 10:04:10.508 30989-30989/? E/SQLiteLog: (283) recovered 9 frames from WAL file /data/data/com.android.settings/databases/mysettings.db-wal
07-13 10:04:10.548 30989-30989/? E/SQLiteLog: (283) recovered 294 frames from WAL file /data/data/com.android.settings/databases/profile.db-wal
07-13 10:04:10.588 925-1426/? E/WifiStateMachine: DriverStatedState::CMD_SEC_STRING_API - inner msg [207]
07-13 10:04:10.588 925-1426/? E/WifiNative-HAL: invaild command id : 215
07-13 10:04:12.548 303-303/? E/SMD: DCD OFF
07-13 10:04:13.418 925-1625/? E/Watchdog: !@Sync 2238
07-13 10:04:15.558 303-303/? E/SMD: DCD OFF
07-13 10:04:18.559 303-303/? E/SMD: DCD OFF
07-13 10:04:21.568 303-303/? E/SMD: DCD OFF
07-13 10:04:22.818 26629-26629/? E/TranscodeReceiver: onReceive : android.intent.action.CHECK_SIOP_LEVEL
07-13 10:04:24.568 303-303/? E/SMD: DCD OFF
07-13 10:04:27.569 303-303/? E/SMD: DCD OFF
07-13 10:04:30.319 925-1066/? E/ActivityManager: checkUser: useridlist=null, currentuser=0
07-13 10:04:30.329 925-1066/? E/ActivityManager: checkUser: useridlist=null, currentuser=0
    checkUser: useridlist=null, currentuser=0
    checkUser: useridlist=null, currentuser=0
07-13 10:04:30.378 31042-31042/? E/Zygote: MountEmulatedStorage()
07-13 10:04:30.388 31042-31042/? E/Zygote: v2
07-13 10:04:30.398 31042-31042/? E/SELinux: [DEBUG] get_category: variable seinfo: platform sensitivity: NULL, cateogry: NULL
07-13 10:04:30.568 303-303/? E/SMD: DCD OFF
07-13 10:04:30.608 31042-31042/? E/SAserviceLog: java.io.FileNotFoundException: filelog_enable
07-13 10:04:33.568 303-303/? E/SMD: DCD OFF
07-13 10:04:36.568 303-303/? E/SMD: DCD OFF
07-13 10:04:39.568 303-303/? E/SMD: DCD OFF
07-13 10:04:42.578 303-303/? E/SMD: DCD OFF
07-13 10:04:43.428 925-1625/? E/Watchdog: !@Sync 2239
07-13 10:04:45.579 303-303/? E/SMD: DCD OFF
07-13 10:04:48.578 303-303/? E/SMD: DCD OFF
07-13 10:04:50.329 925-1066/? E/ActivityManager: checkUser: useridlist=null, currentuser=0
    checkUser: useridlist=null, currentuser=0
07-13 10:04:50.339 925-1066/? E/ActivityManager: checkUser: useridlist=null, currentuser=0
    checkUser: useridlist=null, currentuser=0
07-13 10:04:50.388 31094-31094/? E/Zygote: MountEmulatedStorage()
    v2
07-13 10:04:50.398 31094-31094/? E/SELinux: [DEBUG] get_category: variable seinfo: default sensitivity: NULL, cateogry: NULL
07-13 10:04:51.578 303-303/? E/SMD: DCD OFF
07-13 10:04:51.748 31094-31178/? E/SQLiteLog: (10) POSIX Error : 9 SQLite Error : 3850
07-13 10:04:54.578 303-303/? E/SMD: DCD OFF
07-13 10:04:57.578 303-303/? E/SMD: DCD OFF
07-13 10:05:00.578 303-303/? E/SMD: DCD OFF
07-13 10:05:03.578 303-303/? E/SMD: DCD OFF
07-13 10:05:06.578 303-303/? E/SMD: DCD OFF
07-13 10:05:07.128 31094-31230/? E/SQLiteLog: (10) POSIX Error : 9 SQLite Error : 3850
    (10) POSIX Error : 9 SQLite Error : 3850
07-13 10:05:09.578 303-303/? E/SMD: DCD OFF
07-13 10:05:12.578 303-303/? E/SMD: DCD OFF
07-13 10:05:13.428 925-1625/? E/Watchdog: !@Sync 2240
07-13 10:05:15.578 303-303/? E/SMD: DCD OFF
07-13 10:05:17.948 2863-2863/? E/auditd: In denial and Property audit_ondenial is set to 1 
07-13 10:05:17.958 2863-2863/? E/auditd: In denial and Property audit_ondenial is set to 1 
07-13 10:05:18.578 303-303/? E/SMD: DCD OFF
07-13 10:05:21.578 303-303/? E/SMD: DCD OFF
07-13 10:05:24.578 303-303/? E/SMD: DCD OFF
07-13 10:05:27.578 303-303/? E/SMD: DCD OFF
07-13 10:05:30.578 303-303/? E/SMD: DCD OFF
07-13 10:05:33.588 303-303/? E/SMD: DCD OFF
07-13 10:05:36.588 303-303/? E/SMD: DCD OFF
07-13 10:05:39.588 303-303/? E/SMD: DCD OFF
07-13 10:05:42.588 303-303/? E/SMD: DCD OFF
07-13 10:05:43.428 925-1625/? E/Watchdog: !@Sync 2241
07-13 10:05:45.588 303-303/? E/SMD: DCD OFF
07-13 10:05:48.588 303-303/? E/SMD: DCD OFF
07-13 10:05:51.588 303-303/? E/SMD: DCD OFF
07-13 10:05:54.588 303-303/? E/SMD: DCD OFF
07-13 10:05:57.588 303-303/? E/SMD: DCD OFF
07-13 10:06:00.588 303-303/? E/SMD: DCD OFF
07-13 10:06:03.588 303-303/? E/SMD: DCD OFF
07-13 10:06:06.588 303-303/? E/SMD: DCD OFF
07-13 10:06:09.588 303-303/? E/SMD: DCD OFF
07-13 10:06:12.598 303-303/? E/SMD: DCD OFF
07-13 10:06:13.428 925-1625/? E/Watchdog: !@Sync 2242
07-13 10:06:14.918 925-1426/? E/WifiStateMachine: WifiStateMachine CMD_START_SCAN source 10012 txSuccessRate=0.38 rxSuccessRate=11.60 targetRoamBSSID=a8:6b:7c:24:36:5b RSSI=-41
07-13 10:06:14.928 925-1426/? E/WifiStateMachine: [1,531,447,574,934 ms] noteScanstart no scan source
07-13 10:06:15.598 303-303/? E/SMD: DCD OFF
07-13 10:06:17.118 925-1426/? E/WifiStateMachine: [1,531,447,577,125 ms] noteScanEnd WorkSource{10012}
07-13 10:06:17.118 925-1426/? E/WifiStateMachine: wifi setScanResults statecom.android.server.wifi.WifiStateMachine$ConnectedState@1813aacb sup_state=COMPLETED debouncing=false
07-13 10:06:17.198 925-925/? E/LocSvc_flp: I/===> int flp_inject_location(FlpLocation*) line 222 
07-13 10:06:17.208 925-1722/? E/LocSvc_ApiV02: I/<--- void globalRespCb(locClientHandleType, uint32_t, locClientRespIndUnionType, void*) line 125 QMI_LOC_INJECT_POSITION_REQ_V02
07-13 10:06:18.598 303-303/? E/SMD: DCD OFF
07-13 10:06:21.608 303-303/? E/SMD: DCD OFF
07-13 10:06:24.608 303-303/? E/SMD: DCD OFF
07-13 10:06:24.968 925-1426/? E/WifiStateMachine: WifiStateMachine CMD_START_SCAN source 10012 txSuccessRate=0.38 rxSuccessRate=11.60 targetRoamBSSID=a8:6b:7c:24:36:5b RSSI=-41
07-13 10:06:24.968 925-1426/? E/WifiStateMachine: [1,531,447,584,975 ms] noteScanstart no scan source
07-13 10:06:24.978 925-925/? E/LocSvc_flp: I/===> int flp_inject_location(FlpLocation*) line 222 
07-13 10:06:24.988 925-1722/? E/LocSvc_ApiV02: I/<--- void globalRespCb(locClientHandleType, uint32_t, locClientRespIndUnionType, void*) line 125 QMI_LOC_INJECT_POSITION_REQ_V02
07-13 10:06:27.178 925-1426/? E/WifiStateMachine: [1,531,447,587,187 ms] noteScanEnd WorkSource{10012}
07-13 10:06:27.178 925-1426/? E/WifiStateMachine: wifi setScanResults statecom.android.server.wifi.WifiStateMachine$ConnectedState@1813aacb sup_state=COMPLETED debouncing=false
07-13 10:06:27.608 303-303/? E/SMD: DCD OFF
07-13 10:06:30.608 303-303/? E/SMD: DCD OFF
07-13 10:06:33.608 303-303/? E/SMD: DCD OFF
07-13 10:06:36.608 303-303/? E/SMD: DCD OFF
07-13 10:06:39.608 303-303/? E/SMD: DCD OFF
07-13 10:06:42.608 303-303/? E/SMD: DCD OFF
07-13 10:06:43.428 925-1625/? E/Watchdog: !@Sync 2243
07-13 10:06:45.608 303-303/? E/SMD: DCD OFF
07-13 10:06:46.498 2863-2863/? E/auditd: In denial and Property audit_ondenial is set to 1 
07-13 10:06:48.608 303-303/? E/SMD: DCD OFF
07-13 10:06:51.608 303-303/? E/SMD: DCD OFF
07-13 10:06:54.608 303-303/? E/SMD: DCD OFF
07-13 10:06:57.608 303-303/? E/SMD: DCD OFF
07-13 10:07:00.608 303-303/? E/SMD: DCD OFF
07-13 10:07:03.608 303-303/? E/SMD: DCD OFF
07-13 10:07:06.618 303-303/? E/SMD: DCD OFF
07-13 10:07:09.618 303-303/? E/SMD: DCD OFF
07-13 10:07:12.618 303-303/? E/SMD: DCD OFF
07-13 10:07:13.428 925-1625/? E/Watchdog: !@Sync 2244
07-13 10:07:15.618 303-303/? E/SMD: DCD OFF
07-13 10:07:18.618 303-303/? E/SMD: DCD OFF
07-13 10:07:21.618 303-303/? E/SMD: DCD OFF
07-13 10:07:24.618 303-303/? E/SMD: DCD OFF
07-13 10:07:27.618 303-303/? E/SMD: DCD OFF
07-13 10:07:30.618 303-303/? E/SMD: DCD OFF
07-13 10:07:33.548 26629-26629/? E/TranscodeReceiver: onReceive : android.intent.action.CHECK_SIOP_LEVEL
07-13 10:07:33.618 303-303/? E/SMD: DCD OFF
07-13 10:07:36.618 303-303/? E/SMD: DCD OFF
07-13 10:07:39.618 303-303/? E/SMD: DCD OFF
07-13 10:07:42.618 303-303/? E/SMD: DCD OFF
07-13 10:07:43.428 925-1625/? E/Watchdog: !@Sync 2245
07-13 10:07:45.618 303-303/? E/SMD: DCD OFF
07-13 10:07:48.618 303-303/? E/SMD: DCD OFF
07-13 10:07:51.618 303-303/? E/SMD: DCD OFF
07-13 10:07:51.928 2863-2863/? E/auditd: In denial and Property audit_ondenial is set to 1 
07-13 10:07:52.198 2863-2863/? E/auditd: In denial and Property audit_ondenial is set to 1 
07-13 10:07:54.628 303-303/? E/SMD: DCD OFF
07-13 10:07:54.938 31461-31461/? E/AffinityControl: AffinityControl: registerfunction enter
07-13 10:07:54.968 31461-31461/? E/art: No implementation found for boolean com.android.org.conscrypt.OpenSSLProvider.nativeCheckWhitelist() (tried Java_com_android_org_conscrypt_OpenSSLProvider_nativeCheckWhitelist and Java_com_android_org_conscrypt_OpenSSLProvider_nativeCheckWhitelist__)
07-13 10:07:55.008 31461-31461/? E/art: No implementation found for boolean com.android.org.conscrypt.OpenSSLProvider.nativeCheckWhitelist() (tried Java_com_android_org_conscrypt_OpenSSLProvider_nativeCheckWhitelist and Java_com_android_org_conscrypt_OpenSSLProvider_nativeCheckWhitelist__)
07-13 10:07:55.068 2863-2863/? E/auditd: In denial and Property audit_ondenial is set to 1 
07-13 10:07:57.628 303-303/? E/SMD: DCD OFF
07-13 10:07:59.628 31502-31502/? E/AffinityControl: AffinityControl: registerfunction enter
07-13 10:07:59.658 31502-31502/? E/art: No implementation found for boolean com.android.org.conscrypt.OpenSSLProvider.nativeCheckWhitelist() (tried Java_com_android_org_conscrypt_OpenSSLProvider_nativeCheckWhitelist and Java_com_android_org_conscrypt_OpenSSLProvider_nativeCheckWhitelist__)
07-13 10:07:59.698 31502-31502/? E/art: No implementation found for boolean com.android.org.conscrypt.OpenSSLProvider.nativeCheckWhitelist() (tried Java_com_android_org_conscrypt_OpenSSLProvider_nativeCheckWhitelist and Java_com_android_org_conscrypt_OpenSSLProvider_nativeCheckWhitelist__)
07-13 10:08:00.628 303-303/? E/SMD: DCD OFF
07-13 10:08:03.628 303-303/? E/SMD: DCD OFF
07-13 10:08:06.628 303-303/? E/SMD: DCD OFF
07-13 10:08:09.618 31534-31534/? E/AffinityControl: AffinityControl: registerfunction enter
07-13 10:08:09.628 303-303/? E/SMD: DCD OFF
07-13 10:08:09.648 31534-31534/? E/art: No implementation found for boolean com.android.org.conscrypt.OpenSSLProvider.nativeCheckWhitelist() (tried Java_com_android_org_conscrypt_OpenSSLProvider_nativeCheckWhitelist and Java_com_android_org_conscrypt_OpenSSLProvider_nativeCheckWhitelist__)
07-13 10:08:09.698 31534-31534/? E/art: No implementation found for boolean com.android.org.conscrypt.OpenSSLProvider.nativeCheckWhitelist() (tried Java_com_android_org_conscrypt_OpenSSLProvider_nativeCheckWhitelist and Java_com_android_org_conscrypt_OpenSSLProvider_nativeCheckWhitelist__)
07-13 10:08:12.628 303-303/? E/SMD: DCD OFF
07-13 10:08:13.428 925-1625/? E/Watchdog: !@Sync 2246
07-13 10:08:15.628 303-303/? E/SMD: DCD OFF
07-13 10:08:18.628 303-303/? E/SMD: DCD OFF
07-13 10:08:21.628 303-303/? E/SMD: DCD OFF
07-13 10:08:24.628 303-303/? E/SMD: DCD OFF
07-13 10:08:27.628 303-303/? E/SMD: DCD OFF
07-13 10:08:30.628 303-303/? E/SMD: DCD OFF
07-13 10:08:33.628 303-303/? E/SMD: DCD OFF
07-13 10:08:36.628 303-303/? E/SMD: DCD OFF
07-13 10:08:39.628 303-303/? E/SMD: DCD OFF
07-13 10:08:42.628 303-303/? E/SMD: DCD OFF
07-13 10:08:43.428 925-1625/? E/Watchdog: !@Sync 2247
07-13 10:08:45.628 303-303/? E/SMD: DCD OFF
07-13 10:08:48.628 303-303/? E/SMD: DCD OFF
07-13 10:08:51.638 303-303/? E/SMD: DCD OFF
07-13 10:08:54.638 303-303/? E/SMD: DCD OFF
07-13 10:08:57.638 303-303/? E/SMD: DCD OFF
07-13 10:09:00.638 303-303/? E/SMD: DCD OFF
07-13 10:09:03.638 303-303/? E/SMD: DCD OFF
07-13 10:09:06.638 303-303/? E/SMD: DCD OFF
07-13 10:09:09.638 303-303/? E/SMD: DCD OFF
07-13 10:09:12.638 303-303/? E/SMD: DCD OFF
07-13 10:09:13.428 925-1625/? E/Watchdog: !@Sync 2248
07-13 10:09:15.638 303-303/? E/SMD: DCD OFF
07-13 10:09:18.638 303-303/? E/SMD: DCD OFF
07-13 10:09:21.638 303-303/? E/SMD: DCD OFF
07-13 10:09:24.638 303-303/? E/SMD: DCD OFF
07-13 10:09:27.638 303-303/? E/SMD: DCD OFF
07-13 10:09:30.638 303-303/? E/SMD: DCD OFF
07-13 10:09:33.638 303-303/? E/SMD: DCD OFF
07-13 10:09:36.638 303-303/? E/SMD: DCD OFF
07-13 10:09:39.638 303-303/? E/SMD: DCD OFF
07-13 10:09:41.858 31094-31230/? E/SQLiteLog: (10) POSIX Error : 9 SQLite Error : 3850
    (10) POSIX Error : 9 SQLite Error : 3850
07-13 10:09:42.638 303-303/? E/SMD: DCD OFF
07-13 10:09:43.438 925-1625/? E/Watchdog: !@Sync 2249
07-13 10:09:44.058 26629-26629/? E/TranscodeReceiver: onReceive : android.intent.action.CHECK_SIOP_LEVEL
07-13 10:09:45.638 303-303/? E/SMD: DCD OFF
07-13 10:09:48.638 303-303/? E/SMD: DCD OFF
07-13 10:09:51.648 303-303/? E/SMD: DCD OFF
07-13 10:09:54.648 303-303/? E/SMD: DCD OFF
07-13 10:09:57.648 303-303/? E/SMD: DCD OFF
07-13 10:10:00.648 303-303/? E/SMD: DCD OFF
07-13 10:10:03.648 303-303/? E/SMD: DCD OFF
07-13 10:10:06.648 303-303/? E/SMD: DCD OFF
07-13 10:10:09.648 303-303/? E/SMD: DCD OFF
07-13 10:10:12.648 303-303/? E/SMD: DCD OFF
07-13 10:10:13.438 925-1625/? E/Watchdog: !@Sync 2250
07-13 10:10:15.648 303-303/? E/SMD: DCD OFF
07-13 10:10:18.648 303-303/? E/SMD: DCD OFF
07-13 10:10:21.658 303-303/? E/SMD: DCD OFF
07-13 10:10:24.658 303-303/? E/SMD: DCD OFF
07-13 10:10:27.658 303-303/? E/SMD: DCD OFF
07-13 10:10:30.658 303-303/? E/SMD: DCD OFF
07-13 10:10:33.658 303-303/? E/SMD: DCD OFF
07-13 10:10:36.658 303-303/? E/SMD: DCD OFF
07-13 10:10:38.948 925-1711/? E/ActivityManager: checkUser: useridlist=null, currentuser=0
    checkUser: useridlist=null, currentuser=0
    checkUser: useridlist=null, currentuser=0
    checkUser: useridlist=null, currentuser=0
07-13 10:10:38.968 31748-31748/? E/Zygote: MountEmulatedStorage()
    v2
07-13 10:10:38.998 31748-31748/? E/SELinux: [DEBUG] get_category: variable seinfo: shared sensitivity: NULL, cateogry: NULL
07-13 10:10:39.118 925-982/? E/ActivityManager: checkUser: useridlist=null, currentuser=0
    checkUser: useridlist=null, currentuser=0
    checkUser: useridlist=null, currentuser=0
    checkUser: useridlist=null, currentuser=0
07-13 10:10:39.128 31776-31776/? E/Zygote: MountEmulatedStorage()
    v2
07-13 10:10:39.168 31776-31776/? E/SELinux: [DEBUG] get_category: variable seinfo: shared sensitivity: NULL, cateogry: NULL
07-13 10:10:39.258 925-1847/? E/ActivityManager: checkUser: useridlist=null, currentuser=0
    checkUser: useridlist=null, currentuser=0
    checkUser: useridlist=null, currentuser=0
    checkUser: useridlist=null, currentuser=0
07-13 10:10:39.268 31794-31794/? E/Zygote: MountEmulatedStorage()
    v2
07-13 10:10:39.318 31794-31794/? E/SELinux: [DEBUG] get_category: variable seinfo: release sensitivity: NULL, cateogry: NULL
07-13 10:10:39.658 303-303/? E/SMD: DCD OFF
07-13 10:10:40.688 925-1066/? E/ActivityManager: checkUser: useridlist=null, currentuser=0
    checkUser: useridlist=null, currentuser=0
    checkUser: useridlist=null, currentuser=0
    checkUser: useridlist=null, currentuser=0
07-13 10:10:40.708 31821-31821/? E/Zygote: MountEmulatedStorage()
    v2
07-13 10:10:40.758 31821-31821/? E/SELinux: [DEBUG] get_category: variable seinfo: platform sensitivity: NULL, cateogry: NULL
07-13 10:10:40.828 925-1911/? E/ActivityManager: checkUser: useridlist=null, currentuser=0
    checkUser: useridlist=null, currentuser=0
    checkUser: useridlist=null, currentuser=0
    checkUser: useridlist=null, currentuser=0
07-13 10:10:40.838 31836-31836/? E/Zygote: MountEmulatedStorage()
07-13 10:10:40.838 31836-31836/? E/Zygote: v2
07-13 10:10:40.868 31836-31836/? E/SELinux: [DEBUG] get_category: variable seinfo: platform sensitivity: NULL, cateogry: NULL
07-13 10:10:40.908 925-1911/? E/ActivityManager: checkUser: useridlist=null, currentuser=0
    checkUser: useridlist=null, currentuser=0
    checkUser: useridlist=null, currentuser=0
    checkUser: useridlist=null, currentuser=0
07-13 10:10:40.918 31851-31851/? E/Zygote: MountEmulatedStorage()
    v2
07-13 10:10:40.938 31851-31851/? E/SELinux: [DEBUG] get_category: variable seinfo: release sensitivity: NULL, cateogry: NULL
07-13 10:10:41.028 925-2391/? E/ActivityManager: checkUser: useridlist=null, currentuser=0
    checkUser: useridlist=null, currentuser=0
    checkUser: useridlist=null, currentuser=0
    checkUser: useridlist=null, currentuser=0
07-13 10:10:41.038 31866-31866/? E/Zygote: MountEmulatedStorage()
    v2
07-13 10:10:41.048 31866-31866/? E/SELinux: [DEBUG] get_category: variable seinfo: platform sensitivity: NULL, cateogry: NULL
07-13 10:10:42.658 303-303/? E/SMD: DCD OFF
07-13 10:10:43.438 925-1625/? E/Watchdog: !@Sync 2251
07-13 10:10:45.668 303-303/? E/SMD: DCD OFF
07-13 10:10:48.668 303-303/? E/SMD: DCD OFF
07-13 10:10:51.668 303-303/? E/SMD: DCD OFF
07-13 10:10:54.668 303-303/? E/SMD: DCD OFF
07-13 10:10:57.668 303-303/? E/SMD: DCD OFF
07-13 10:11:00.668 303-303/? E/SMD: DCD OFF
07-13 10:11:03.668 303-303/? E/SMD: DCD OFF
07-13 10:11:06.668 303-303/? E/SMD: DCD OFF
07-13 10:11:09.668 303-303/? E/SMD: DCD OFF
07-13 10:11:12.668 303-303/? E/SMD: DCD OFF
07-13 10:11:13.438 925-1625/? E/Watchdog: !@Sync 2252
07-13 10:11:15.668 303-303/? E/SMD: DCD OFF
07-13 10:11:18.668 303-303/? E/SMD: DCD OFF
07-13 10:11:21.668 303-303/? E/SMD: DCD OFF
07-13 10:11:24.668 303-303/? E/SMD: DCD OFF
07-13 10:11:27.678 303-303/? E/SMD: DCD OFF
07-13 10:11:30.678 303-303/? E/SMD: DCD OFF
07-13 10:11:33.678 303-303/? E/SMD: DCD OFF
07-13 10:11:36.678 303-303/? E/SMD: DCD OFF
07-13 10:11:39.678 303-303/? E/SMD: DCD OFF
07-13 10:11:42.678 303-303/? E/SMD: DCD OFF
07-13 10:11:43.438 925-1625/? E/Watchdog: !@Sync 2253
07-13 10:11:45.678 303-303/? E/SMD: DCD OFF
07-13 10:11:45.728 2863-2863/? E/auditd: In denial and Property audit_ondenial is set to 1 
07-13 10:11:48.678 303-303/? E/SMD: DCD OFF
07-13 10:11:51.678 303-303/? E/SMD: DCD OFF
07-13 10:11:54.588 26629-26629/? E/TranscodeReceiver: onReceive : android.intent.action.CHECK_SIOP_LEVEL
07-13 10:11:54.678 303-303/? E/SMD: DCD OFF
07-13 10:11:57.678 303-303/? E/SMD: DCD OFF
07-13 10:12:00.678 303-303/? E/SMD: DCD OFF
07-13 10:12:03.678 303-303/? E/SMD: DCD OFF
07-13 10:12:06.678 303-303/? E/SMD: DCD OFF
07-13 10:12:09.678 303-303/? E/SMD: DCD OFF
07-13 10:12:12.688 303-303/? E/SMD: DCD OFF
07-13 10:12:13.438 925-1625/? E/Watchdog: !@Sync 2254
07-13 10:12:15.688 303-303/? E/SMD: DCD OFF
07-13 10:12:18.688 303-303/? E/SMD: DCD OFF
07-13 10:12:21.688 303-303/? E/SMD: DCD OFF
07-13 10:12:24.688 303-303/? E/SMD: DCD OFF
07-13 10:12:27.688 303-303/? E/SMD: DCD OFF
07-13 10:12:30.688 303-303/? E/SMD: DCD OFF
07-13 10:12:33.688 303-303/? E/SMD: DCD OFF
07-13 10:12:36.688 303-303/? E/SMD: DCD OFF
07-13 10:12:39.688 303-303/? E/SMD: DCD OFF
07-13 10:12:42.688 303-303/? E/SMD: DCD OFF
07-13 10:12:43.438 925-1625/? E/Watchdog: !@Sync 2255
07-13 10:12:45.688 303-303/? E/SMD: DCD OFF
07-13 10:12:48.688 303-303/? E/SMD: DCD OFF
07-13 10:12:51.698 303-303/? E/SMD: DCD OFF
07-13 10:12:54.698 303-303/? E/SMD: DCD OFF
07-13 10:12:57.698 303-303/? E/SMD: DCD OFF
07-13 10:13:00.698 303-303/? E/SMD: DCD OFF
07-13 10:13:03.698 303-303/? E/SMD: DCD OFF
07-13 10:13:06.698 303-303/? E/SMD: DCD OFF
07-13 10:13:09.698 303-303/? E/SMD: DCD OFF
07-13 10:13:12.698 303-303/? E/SMD: DCD OFF
07-13 10:13:13.438 925-1625/? E/Watchdog: !@Sync 2256
07-13 10:13:15.698 303-303/? E/SMD: DCD OFF
07-13 10:13:18.698 303-303/? E/SMD: DCD OFF
07-13 10:13:21.698 303-303/? E/SMD: DCD OFF
07-13 10:13:24.698 303-303/? E/SMD: DCD OFF
07-13 10:13:27.698 303-303/? E/SMD: DCD OFF
07-13 10:13:30.698 303-303/? E/SMD: DCD OFF
07-13 10:13:33.708 303-303/? E/SMD: DCD OFF
