07-13 10:51:14.898 1482-1482/? E/StatusBar.NetworkController: refreshSignalCluster: RssiDisplayNum = 1
    refreshSignalCluster: set mShowPhoneRSSIForData = false
07-13 10:51:14.898 1482-1482/? E/StatusBar.NetworkController: isSglteMode is false
07-13 10:51:14.898 1482-1482/? E/StatusBar.NetworkController: refreshSignalCluster: RssiDisplayNum = 1
    refreshSignalCluster: set mShowPhoneRSSIForData = false
07-13 10:51:14.898 1482-1482/? E/StatusBar.NetworkController: isSglteMode is false
07-13 10:51:14.898 1482-1482/? E/StatusBar.NetworkController: refreshSignalCluster: RssiDisplayNum = 1
    refreshSignalCluster: set mShowPhoneRSSIForData = false
07-13 10:51:14.908 1482-1482/? E/StatusBar.NetworkController: isSglteMode is false
07-13 10:51:14.908 1482-1482/? E/StatusBar.NetworkController: refreshSignalCluster: RssiDisplayNum = 1
    refreshSignalCluster: set mShowPhoneRSSIForData = false
07-13 10:51:15.298 4506-4506/? E/AffinityControl: AffinityControl: registerfunction enter
07-13 10:51:15.318 4506-4506/? E/art: No implementation found for boolean com.android.org.conscrypt.OpenSSLProvider.nativeCheckWhitelist() (tried Java_com_android_org_conscrypt_OpenSSLProvider_nativeCheckWhitelist and Java_com_android_org_conscrypt_OpenSSLProvider_nativeCheckWhitelist__)
07-13 10:51:15.358 4506-4506/? E/art: No implementation found for boolean com.android.org.conscrypt.OpenSSLProvider.nativeCheckWhitelist() (tried Java_com_android_org_conscrypt_OpenSSLProvider_nativeCheckWhitelist and Java_com_android_org_conscrypt_OpenSSLProvider_nativeCheckWhitelist__)
07-13 10:51:15.898 1482-1482/? E/StatusBar.NetworkController: isSglteMode is false
07-13 10:51:15.898 1482-1482/? E/StatusBar.NetworkController: refreshSignalCluster: RssiDisplayNum = 1
    refreshSignalCluster: set mShowPhoneRSSIForData = false
07-13 10:51:15.898 1482-1482/? E/StatusBar.NetworkController: isSglteMode is false
07-13 10:51:15.898 1482-1482/? E/StatusBar.NetworkController: refreshSignalCluster: RssiDisplayNum = 1
    refreshSignalCluster: set mShowPhoneRSSIForData = false
07-13 10:51:15.898 1482-1482/? E/StatusBar.NetworkController: isSglteMode is false
07-13 10:51:15.898 1482-1482/? E/StatusBar.NetworkController: refreshSignalCluster: RssiDisplayNum = 1
    refreshSignalCluster: set mShowPhoneRSSIForData = false
07-13 10:51:15.908 1482-1482/? E/StatusBar.NetworkController: isSglteMode is false
07-13 10:51:15.908 1482-1482/? E/StatusBar.NetworkController: refreshSignalCluster: RssiDisplayNum = 1
    refreshSignalCluster: set mShowPhoneRSSIForData = false
07-13 10:51:16.148 303-303/? E/SMD: DCD OFF
07-13 10:51:18.908 1482-1482/? E/StatusBar.NetworkController: isSglteMode is false
07-13 10:51:18.908 1482-1482/? E/StatusBar.NetworkController: refreshSignalCluster: RssiDisplayNum = 1
    refreshSignalCluster: set mShowPhoneRSSIForData = false
07-13 10:51:18.908 1482-1482/? E/StatusBar.NetworkController: isSglteMode is false
07-13 10:51:18.908 1482-1482/? E/StatusBar.NetworkController: refreshSignalCluster: RssiDisplayNum = 1
    refreshSignalCluster: set mShowPhoneRSSIForData = false
07-13 10:51:18.908 1482-1482/? E/StatusBar.NetworkController: isSglteMode is false
07-13 10:51:18.908 1482-1482/? E/StatusBar.NetworkController: refreshSignalCluster: RssiDisplayNum = 1
    refreshSignalCluster: set mShowPhoneRSSIForData = false
07-13 10:51:18.908 1482-1482/? E/StatusBar.NetworkController: isSglteMode is false
07-13 10:51:18.908 1482-1482/? E/StatusBar.NetworkController: refreshSignalCluster: RssiDisplayNum = 1
    refreshSignalCluster: set mShowPhoneRSSIForData = false
07-13 10:51:19.148 303-303/? E/SMD: DCD OFF
07-13 10:51:19.258 4539-4539/? E/AffinityControl: AffinityControl: registerfunction enter
07-13 10:51:19.288 4539-4539/? E/art: No implementation found for boolean com.android.org.conscrypt.OpenSSLProvider.nativeCheckWhitelist() (tried Java_com_android_org_conscrypt_OpenSSLProvider_nativeCheckWhitelist and Java_com_android_org_conscrypt_OpenSSLProvider_nativeCheckWhitelist__)
07-13 10:51:19.318 4539-4539/? E/art: No implementation found for boolean com.android.org.conscrypt.OpenSSLProvider.nativeCheckWhitelist() (tried Java_com_android_org_conscrypt_OpenSSLProvider_nativeCheckWhitelist and Java_com_android_org_conscrypt_OpenSSLProvider_nativeCheckWhitelist__)
07-13 10:51:19.358 2863-2863/? E/auditd: In denial and Property audit_ondenial is set to 1 
07-13 10:51:19.738 2863-2863/? E/auditd: In denial and Property audit_ondenial is set to 1 
    In denial and Property audit_ondenial is set to 1 
07-13 10:51:19.908 1482-1482/? E/StatusBar.NetworkController: isSglteMode is false
07-13 10:51:19.908 1482-1482/? E/StatusBar.NetworkController: refreshSignalCluster: RssiDisplayNum = 1
    refreshSignalCluster: set mShowPhoneRSSIForData = false
07-13 10:51:19.908 1482-1482/? E/StatusBar.NetworkController: isSglteMode is false
07-13 10:51:19.908 1482-1482/? E/StatusBar.NetworkController: refreshSignalCluster: RssiDisplayNum = 1
    refreshSignalCluster: set mShowPhoneRSSIForData = false
07-13 10:51:19.908 1482-1482/? E/StatusBar.NetworkController: isSglteMode is false
07-13 10:51:19.908 1482-1482/? E/StatusBar.NetworkController: refreshSignalCluster: RssiDisplayNum = 1
    refreshSignalCluster: set mShowPhoneRSSIForData = false
07-13 10:51:19.908 1482-1482/? E/StatusBar.NetworkController: isSglteMode is false
07-13 10:51:19.908 1482-1482/? E/StatusBar.NetworkController: refreshSignalCluster: RssiDisplayNum = 1
    refreshSignalCluster: set mShowPhoneRSSIForData = false
07-13 10:51:19.938 2863-2863/? E/auditd: In denial and Property audit_ondenial is set to 1 
07-13 10:51:22.148 303-303/? E/SMD: DCD OFF
07-13 10:51:22.208 4579-4579/? E/AffinityControl: AffinityControl: registerfunction enter
07-13 10:51:22.228 4579-4579/? E/art: No implementation found for boolean com.android.org.conscrypt.OpenSSLProvider.nativeCheckWhitelist() (tried Java_com_android_org_conscrypt_OpenSSLProvider_nativeCheckWhitelist and Java_com_android_org_conscrypt_OpenSSLProvider_nativeCheckWhitelist__)
07-13 10:51:22.268 4579-4579/? E/art: No implementation found for boolean com.android.org.conscrypt.OpenSSLProvider.nativeCheckWhitelist() (tried Java_com_android_org_conscrypt_OpenSSLProvider_nativeCheckWhitelist and Java_com_android_org_conscrypt_OpenSSLProvider_nativeCheckWhitelist__)
07-13 10:51:23.928 1482-1482/? E/StatusBar.NetworkController: isSglteMode is false
07-13 10:51:23.928 1482-1482/? E/StatusBar.NetworkController: refreshSignalCluster: RssiDisplayNum = 1
    refreshSignalCluster: set mShowPhoneRSSIForData = false
07-13 10:51:23.928 1482-1482/? E/StatusBar.NetworkController: isSglteMode is false
07-13 10:51:23.928 1482-1482/? E/StatusBar.NetworkController: refreshSignalCluster: RssiDisplayNum = 1
    refreshSignalCluster: set mShowPhoneRSSIForData = false
07-13 10:51:23.928 1482-1482/? E/StatusBar.NetworkController: isSglteMode is false
07-13 10:51:23.928 1482-1482/? E/StatusBar.NetworkController: refreshSignalCluster: RssiDisplayNum = 1
    refreshSignalCluster: set mShowPhoneRSSIForData = false
07-13 10:51:23.928 1482-1482/? E/StatusBar.NetworkController: isSglteMode is false
07-13 10:51:23.928 1482-1482/? E/StatusBar.NetworkController: refreshSignalCluster: RssiDisplayNum = 1
    refreshSignalCluster: set mShowPhoneRSSIForData = false
07-13 10:51:24.388 26629-26629/? E/TranscodeReceiver: onReceive : android.intent.action.CHECK_SIOP_LEVEL
07-13 10:51:25.128 4627-4627/? E/AffinityControl: AffinityControl: registerfunction enter
07-13 10:51:25.148 303-303/? E/SMD: DCD OFF
07-13 10:51:25.158 4627-4627/? E/art: No implementation found for boolean com.android.org.conscrypt.OpenSSLProvider.nativeCheckWhitelist() (tried Java_com_android_org_conscrypt_OpenSSLProvider_nativeCheckWhitelist and Java_com_android_org_conscrypt_OpenSSLProvider_nativeCheckWhitelist__)
07-13 10:51:25.188 4627-4627/? E/art: No implementation found for boolean com.android.org.conscrypt.OpenSSLProvider.nativeCheckWhitelist() (tried Java_com_android_org_conscrypt_OpenSSLProvider_nativeCheckWhitelist and Java_com_android_org_conscrypt_OpenSSLProvider_nativeCheckWhitelist__)
07-13 10:51:25.928 1482-1482/? E/StatusBar.NetworkController: isSglteMode is false
07-13 10:51:25.928 1482-1482/? E/StatusBar.NetworkController: refreshSignalCluster: RssiDisplayNum = 1
    refreshSignalCluster: set mShowPhoneRSSIForData = false
07-13 10:51:25.928 1482-1482/? E/StatusBar.NetworkController: isSglteMode is false
07-13 10:51:25.938 1482-1482/? E/StatusBar.NetworkController: refreshSignalCluster: RssiDisplayNum = 1
    refreshSignalCluster: set mShowPhoneRSSIForData = false
07-13 10:51:25.938 1482-1482/? E/StatusBar.NetworkController: isSglteMode is false
07-13 10:51:25.938 1482-1482/? E/StatusBar.NetworkController: refreshSignalCluster: RssiDisplayNum = 1
    refreshSignalCluster: set mShowPhoneRSSIForData = false
07-13 10:51:25.938 1482-1482/? E/StatusBar.NetworkController: isSglteMode is false
07-13 10:51:25.938 1482-1482/? E/StatusBar.NetworkController: refreshSignalCluster: RssiDisplayNum = 1
    refreshSignalCluster: set mShowPhoneRSSIForData = false
07-13 10:51:28.148 303-303/? E/SMD: DCD OFF
07-13 10:51:29.038 4664-4664/? E/AffinityControl: AffinityControl: registerfunction enter
07-13 10:51:29.068 4664-4664/? E/art: No implementation found for boolean com.android.org.conscrypt.OpenSSLProvider.nativeCheckWhitelist() (tried Java_com_android_org_conscrypt_OpenSSLProvider_nativeCheckWhitelist and Java_com_android_org_conscrypt_OpenSSLProvider_nativeCheckWhitelist__)
07-13 10:51:29.098 4664-4664/? E/art: No implementation found for boolean com.android.org.conscrypt.OpenSSLProvider.nativeCheckWhitelist() (tried Java_com_android_org_conscrypt_OpenSSLProvider_nativeCheckWhitelist and Java_com_android_org_conscrypt_OpenSSLProvider_nativeCheckWhitelist__)
07-13 10:51:30.938 1482-1482/? E/StatusBar.NetworkController: isSglteMode is false
07-13 10:51:30.938 1482-1482/? E/StatusBar.NetworkController: refreshSignalCluster: RssiDisplayNum = 1
    refreshSignalCluster: set mShowPhoneRSSIForData = false
07-13 10:51:30.948 1482-1482/? E/StatusBar.NetworkController: isSglteMode is false
07-13 10:51:30.948 1482-1482/? E/StatusBar.NetworkController: refreshSignalCluster: RssiDisplayNum = 1
    refreshSignalCluster: set mShowPhoneRSSIForData = false
07-13 10:51:30.948 1482-1482/? E/StatusBar.NetworkController: isSglteMode is false
07-13 10:51:30.948 1482-1482/? E/StatusBar.NetworkController: refreshSignalCluster: RssiDisplayNum = 1
    refreshSignalCluster: set mShowPhoneRSSIForData = false
07-13 10:51:30.948 1482-1482/? E/StatusBar.NetworkController: isSglteMode is false
07-13 10:51:30.948 1482-1482/? E/StatusBar.NetworkController: refreshSignalCluster: RssiDisplayNum = 1
    refreshSignalCluster: set mShowPhoneRSSIForData = false
07-13 10:51:31.148 303-303/? E/SMD: DCD OFF
07-13 10:51:31.678 21613-21613/? E/MtpServerJNI: server is null in send_object_removed
07-13 10:51:31.938 1482-1482/? E/StatusBar.NetworkController: isSglteMode is false
07-13 10:51:31.938 1482-1482/? E/StatusBar.NetworkController: refreshSignalCluster: RssiDisplayNum = 1
    refreshSignalCluster: set mShowPhoneRSSIForData = false
07-13 10:51:31.948 1482-1482/? E/StatusBar.NetworkController: isSglteMode is false
07-13 10:51:31.948 1482-1482/? E/StatusBar.NetworkController: refreshSignalCluster: RssiDisplayNum = 1
    refreshSignalCluster: set mShowPhoneRSSIForData = false
07-13 10:51:31.948 1482-1482/? E/StatusBar.NetworkController: isSglteMode is false
07-13 10:51:31.948 1482-1482/? E/StatusBar.NetworkController: refreshSignalCluster: RssiDisplayNum = 1
    refreshSignalCluster: set mShowPhoneRSSIForData = false
07-13 10:51:31.948 1482-1482/? E/StatusBar.NetworkController: isSglteMode is false
07-13 10:51:31.948 1482-1482/? E/StatusBar.NetworkController: refreshSignalCluster: RssiDisplayNum = 1
    refreshSignalCluster: set mShowPhoneRSSIForData = false
07-13 10:51:32.028 4687-4687/? E/AffinityControl: AffinityControl: registerfunction enter
07-13 10:51:32.048 4687-4687/? E/art: No implementation found for boolean com.android.org.conscrypt.OpenSSLProvider.nativeCheckWhitelist() (tried Java_com_android_org_conscrypt_OpenSSLProvider_nativeCheckWhitelist and Java_com_android_org_conscrypt_OpenSSLProvider_nativeCheckWhitelist__)
07-13 10:51:32.098 4687-4687/? E/art: No implementation found for boolean com.android.org.conscrypt.OpenSSLProvider.nativeCheckWhitelist() (tried Java_com_android_org_conscrypt_OpenSSLProvider_nativeCheckWhitelist and Java_com_android_org_conscrypt_OpenSSLProvider_nativeCheckWhitelist__)
07-13 10:51:32.808 2863-2863/? E/auditd: In denial and Property audit_ondenial is set to 1 
07-13 10:51:33.948 1482-1482/? E/StatusBar.NetworkController: isSglteMode is false
07-13 10:51:33.948 1482-1482/? E/StatusBar.NetworkController: refreshSignalCluster: RssiDisplayNum = 1
    refreshSignalCluster: set mShowPhoneRSSIForData = false
07-13 10:51:33.948 1482-1482/? E/StatusBar.NetworkController: isSglteMode is false
07-13 10:51:33.948 1482-1482/? E/StatusBar.NetworkController: refreshSignalCluster: RssiDisplayNum = 1
    refreshSignalCluster: set mShowPhoneRSSIForData = false
07-13 10:51:33.958 1482-1482/? E/StatusBar.NetworkController: isSglteMode is false
07-13 10:51:33.958 1482-1482/? E/StatusBar.NetworkController: refreshSignalCluster: RssiDisplayNum = 1
    refreshSignalCluster: set mShowPhoneRSSIForData = false
07-13 10:51:33.958 1482-1482/? E/StatusBar.NetworkController: isSglteMode is false
07-13 10:51:33.958 1482-1482/? E/StatusBar.NetworkController: refreshSignalCluster: RssiDisplayNum = 1
    refreshSignalCluster: set mShowPhoneRSSIForData = false
07-13 10:51:34.148 303-303/? E/SMD: DCD OFF
07-13 10:51:34.438 26629-26629/? E/TranscodeReceiver: onReceive : android.intent.action.CHECK_SIOP_LEVEL
07-13 10:51:34.958 1482-1482/? E/StatusBar.NetworkController: isSglteMode is false
07-13 10:51:34.958 1482-1482/? E/StatusBar.NetworkController: refreshSignalCluster: RssiDisplayNum = 1
    refreshSignalCluster: set mShowPhoneRSSIForData = false
07-13 10:51:34.958 1482-1482/? E/StatusBar.NetworkController: isSglteMode is false
07-13 10:51:34.958 1482-1482/? E/StatusBar.NetworkController: refreshSignalCluster: RssiDisplayNum = 1
    refreshSignalCluster: set mShowPhoneRSSIForData = false
07-13 10:51:34.958 1482-1482/? E/StatusBar.NetworkController: isSglteMode is false
07-13 10:51:34.958 1482-1482/? E/StatusBar.NetworkController: refreshSignalCluster: RssiDisplayNum = 1
    refreshSignalCluster: set mShowPhoneRSSIForData = false
07-13 10:51:34.968 1482-1482/? E/StatusBar.NetworkController: isSglteMode is false
07-13 10:51:34.968 1482-1482/? E/StatusBar.NetworkController: refreshSignalCluster: RssiDisplayNum = 1
    refreshSignalCluster: set mShowPhoneRSSIForData = false
07-13 10:51:35.438 4751-4751/? E/AffinityControl: AffinityControl: registerfunction enter
07-13 10:51:35.478 4751-4751/? E/art: No implementation found for boolean com.android.org.conscrypt.OpenSSLProvider.nativeCheckWhitelist() (tried Java_com_android_org_conscrypt_OpenSSLProvider_nativeCheckWhitelist and Java_com_android_org_conscrypt_OpenSSLProvider_nativeCheckWhitelist__)
07-13 10:51:35.538 4751-4751/? E/art: No implementation found for boolean com.android.org.conscrypt.OpenSSLProvider.nativeCheckWhitelist() (tried Java_com_android_org_conscrypt_OpenSSLProvider_nativeCheckWhitelist and Java_com_android_org_conscrypt_OpenSSLProvider_nativeCheckWhitelist__)
07-13 10:51:35.958 1482-1482/? E/StatusBar.NetworkController: isSglteMode is false
07-13 10:51:35.958 1482-1482/? E/StatusBar.NetworkController: refreshSignalCluster: RssiDisplayNum = 1
    refreshSignalCluster: set mShowPhoneRSSIForData = false
07-13 10:51:35.958 1482-1482/? E/StatusBar.NetworkController: isSglteMode is false
07-13 10:51:35.958 1482-1482/? E/StatusBar.NetworkController: refreshSignalCluster: RssiDisplayNum = 1
    refreshSignalCluster: set mShowPhoneRSSIForData = false
07-13 10:51:35.968 1482-1482/? E/StatusBar.NetworkController: isSglteMode is false
07-13 10:51:35.968 1482-1482/? E/StatusBar.NetworkController: refreshSignalCluster: RssiDisplayNum = 1
    refreshSignalCluster: set mShowPhoneRSSIForData = false
07-13 10:51:35.968 1482-1482/? E/StatusBar.NetworkController: isSglteMode is false
07-13 10:51:35.968 1482-1482/? E/StatusBar.NetworkController: refreshSignalCluster: RssiDisplayNum = 1
    refreshSignalCluster: set mShowPhoneRSSIForData = false
07-13 10:51:36.958 1482-1482/? E/StatusBar.NetworkController: isSglteMode is false
07-13 10:51:36.958 1482-1482/? E/StatusBar.NetworkController: refreshSignalCluster: RssiDisplayNum = 1
    refreshSignalCluster: set mShowPhoneRSSIForData = false
07-13 10:51:36.968 1482-1482/? E/StatusBar.NetworkController: isSglteMode is false
07-13 10:51:36.968 1482-1482/? E/StatusBar.NetworkController: refreshSignalCluster: RssiDisplayNum = 1
    refreshSignalCluster: set mShowPhoneRSSIForData = false
07-13 10:51:36.968 1482-1482/? E/StatusBar.NetworkController: isSglteMode is false
07-13 10:51:36.968 1482-1482/? E/StatusBar.NetworkController: refreshSignalCluster: RssiDisplayNum = 1
    refreshSignalCluster: set mShowPhoneRSSIForData = false
07-13 10:51:36.968 1482-1482/? E/StatusBar.NetworkController: isSglteMode is false
07-13 10:51:36.968 1482-1482/? E/StatusBar.NetworkController: refreshSignalCluster: RssiDisplayNum = 1
    refreshSignalCluster: set mShowPhoneRSSIForData = false
07-13 10:51:37.158 303-303/? E/SMD: DCD OFF
07-13 10:51:37.488 2863-2863/? E/auditd: In denial and Property audit_ondenial is set to 1 
07-13 10:51:39.978 1482-1482/? E/StatusBar.NetworkController: isSglteMode is false
07-13 10:51:39.978 1482-1482/? E/StatusBar.NetworkController: refreshSignalCluster: RssiDisplayNum = 1
    refreshSignalCluster: set mShowPhoneRSSIForData = false
07-13 10:51:39.978 1482-1482/? E/StatusBar.NetworkController: isSglteMode is false
07-13 10:51:39.978 1482-1482/? E/StatusBar.NetworkController: refreshSignalCluster: RssiDisplayNum = 1
    refreshSignalCluster: set mShowPhoneRSSIForData = false
07-13 10:51:39.978 1482-1482/? E/StatusBar.NetworkController: isSglteMode is false
07-13 10:51:39.978 1482-1482/? E/StatusBar.NetworkController: refreshSignalCluster: RssiDisplayNum = 1
    refreshSignalCluster: set mShowPhoneRSSIForData = false
07-13 10:51:39.988 1482-1482/? E/StatusBar.NetworkController: isSglteMode is false
07-13 10:51:39.988 1482-1482/? E/StatusBar.NetworkController: refreshSignalCluster: RssiDisplayNum = 1
    refreshSignalCluster: set mShowPhoneRSSIForData = false
07-13 10:51:40.158 303-303/? E/SMD: DCD OFF
07-13 10:51:40.828 4823-4823/? E/AffinityControl: AffinityControl: registerfunction enter
07-13 10:51:40.868 4823-4823/? E/art: No implementation found for boolean com.android.org.conscrypt.OpenSSLProvider.nativeCheckWhitelist() (tried Java_com_android_org_conscrypt_OpenSSLProvider_nativeCheckWhitelist and Java_com_android_org_conscrypt_OpenSSLProvider_nativeCheckWhitelist__)
07-13 10:51:40.928 4823-4823/? E/art: No implementation found for boolean com.android.org.conscrypt.OpenSSLProvider.nativeCheckWhitelist() (tried Java_com_android_org_conscrypt_OpenSSLProvider_nativeCheckWhitelist and Java_com_android_org_conscrypt_OpenSSLProvider_nativeCheckWhitelist__)
07-13 10:51:41.978 1482-1482/? E/StatusBar.NetworkController: isSglteMode is false
07-13 10:51:41.978 1482-1482/? E/StatusBar.NetworkController: refreshSignalCluster: RssiDisplayNum = 1
    refreshSignalCluster: set mShowPhoneRSSIForData = false
07-13 10:51:41.988 1482-1482/? E/StatusBar.NetworkController: isSglteMode is false
07-13 10:51:41.988 1482-1482/? E/StatusBar.NetworkController: refreshSignalCluster: RssiDisplayNum = 1
    refreshSignalCluster: set mShowPhoneRSSIForData = false
07-13 10:51:41.988 1482-1482/? E/StatusBar.NetworkController: isSglteMode is false
07-13 10:51:41.988 1482-1482/? E/StatusBar.NetworkController: refreshSignalCluster: RssiDisplayNum = 1
    refreshSignalCluster: set mShowPhoneRSSIForData = false
07-13 10:51:41.988 1482-1482/? E/StatusBar.NetworkController: isSglteMode is false
07-13 10:51:41.988 1482-1482/? E/StatusBar.NetworkController: refreshSignalCluster: RssiDisplayNum = 1
    refreshSignalCluster: set mShowPhoneRSSIForData = false
07-13 10:51:43.008 1482-1482/? E/StatusBar.NetworkController: isSglteMode is false
07-13 10:51:43.008 1482-1482/? E/StatusBar.NetworkController: refreshSignalCluster: RssiDisplayNum = 1
    refreshSignalCluster: set mShowPhoneRSSIForData = false
07-13 10:51:43.008 1482-1482/? E/StatusBar.NetworkController: isSglteMode is false
07-13 10:51:43.008 1482-1482/? E/StatusBar.NetworkController: refreshSignalCluster: RssiDisplayNum = 1
    refreshSignalCluster: set mShowPhoneRSSIForData = false
07-13 10:51:43.018 1482-1482/? E/StatusBar.NetworkController: isSglteMode is false
07-13 10:51:43.018 1482-1482/? E/StatusBar.NetworkController: refreshSignalCluster: RssiDisplayNum = 1
    refreshSignalCluster: set mShowPhoneRSSIForData = false
07-13 10:51:43.028 1482-1482/? E/StatusBar.NetworkController: isSglteMode is false
07-13 10:51:43.028 1482-1482/? E/StatusBar.NetworkController: refreshSignalCluster: RssiDisplayNum = 1
07-13 10:51:43.028 1482-1482/? E/StatusBar.NetworkController: refreshSignalCluster: set mShowPhoneRSSIForData = false
07-13 10:51:43.158 303-303/? E/SMD: DCD OFF
07-13 10:51:43.518 925-1625/? E/Watchdog: !@Sync 2333
07-13 10:51:44.018 1482-1482/? E/StatusBar.NetworkController: isSglteMode is false
07-13 10:51:44.018 1482-1482/? E/StatusBar.NetworkController: refreshSignalCluster: RssiDisplayNum = 1
    refreshSignalCluster: set mShowPhoneRSSIForData = false
07-13 10:51:44.018 1482-1482/? E/StatusBar.NetworkController: isSglteMode is false
07-13 10:51:44.018 1482-1482/? E/StatusBar.NetworkController: refreshSignalCluster: RssiDisplayNum = 1
    refreshSignalCluster: set mShowPhoneRSSIForData = false
07-13 10:51:44.028 1482-1482/? E/StatusBar.NetworkController: isSglteMode is false
07-13 10:51:44.028 1482-1482/? E/StatusBar.NetworkController: refreshSignalCluster: RssiDisplayNum = 1
    refreshSignalCluster: set mShowPhoneRSSIForData = false
07-13 10:51:44.028 1482-1482/? E/StatusBar.NetworkController: isSglteMode is false
07-13 10:51:44.028 1482-1482/? E/StatusBar.NetworkController: refreshSignalCluster: RssiDisplayNum = 1
    refreshSignalCluster: set mShowPhoneRSSIForData = false
07-13 10:51:46.138 4876-4876/? E/AffinityControl: AffinityControl: registerfunction enter
07-13 10:51:46.158 303-303/? E/SMD: DCD OFF
07-13 10:51:46.168 4876-4876/? E/art: No implementation found for boolean com.android.org.conscrypt.OpenSSLProvider.nativeCheckWhitelist() (tried Java_com_android_org_conscrypt_OpenSSLProvider_nativeCheckWhitelist and Java_com_android_org_conscrypt_OpenSSLProvider_nativeCheckWhitelist__)
07-13 10:51:46.228 4876-4876/? E/art: No implementation found for boolean com.android.org.conscrypt.OpenSSLProvider.nativeCheckWhitelist() (tried Java_com_android_org_conscrypt_OpenSSLProvider_nativeCheckWhitelist and Java_com_android_org_conscrypt_OpenSSLProvider_nativeCheckWhitelist__)
07-13 10:51:47.028 1482-1482/? E/StatusBar.NetworkController: isSglteMode is false
07-13 10:51:47.028 1482-1482/? E/StatusBar.NetworkController: refreshSignalCluster: RssiDisplayNum = 1
    refreshSignalCluster: set mShowPhoneRSSIForData = false
07-13 10:51:47.038 1482-1482/? E/StatusBar.NetworkController: isSglteMode is false
07-13 10:51:47.038 1482-1482/? E/StatusBar.NetworkController: refreshSignalCluster: RssiDisplayNum = 1
    refreshSignalCluster: set mShowPhoneRSSIForData = false
07-13 10:51:47.038 1482-1482/? E/StatusBar.NetworkController: isSglteMode is false
07-13 10:51:47.038 1482-1482/? E/StatusBar.NetworkController: refreshSignalCluster: RssiDisplayNum = 1
    refreshSignalCluster: set mShowPhoneRSSIForData = false
07-13 10:51:47.038 1482-1482/? E/StatusBar.NetworkController: isSglteMode is false
07-13 10:51:47.038 1482-1482/? E/StatusBar.NetworkController: refreshSignalCluster: RssiDisplayNum = 1
    refreshSignalCluster: set mShowPhoneRSSIForData = false
07-13 10:51:48.048 1482-1482/? E/StatusBar.NetworkController: isSglteMode is false
07-13 10:51:48.048 1482-1482/? E/StatusBar.NetworkController: refreshSignalCluster: RssiDisplayNum = 1
    refreshSignalCluster: set mShowPhoneRSSIForData = false
07-13 10:51:48.048 1482-1482/? E/StatusBar.NetworkController: isSglteMode is false
07-13 10:51:48.048 1482-1482/? E/StatusBar.NetworkController: refreshSignalCluster: RssiDisplayNum = 1
    refreshSignalCluster: set mShowPhoneRSSIForData = false
07-13 10:51:48.058 1482-1482/? E/StatusBar.NetworkController: isSglteMode is false
07-13 10:51:48.058 1482-1482/? E/StatusBar.NetworkController: refreshSignalCluster: RssiDisplayNum = 1
    refreshSignalCluster: set mShowPhoneRSSIForData = false
07-13 10:51:48.058 1482-1482/? E/StatusBar.NetworkController: isSglteMode is false
07-13 10:51:48.058 1482-1482/? E/StatusBar.NetworkController: refreshSignalCluster: RssiDisplayNum = 1
    refreshSignalCluster: set mShowPhoneRSSIForData = false
07-13 10:51:49.058 1482-1482/? E/StatusBar.NetworkController: isSglteMode is false
07-13 10:51:49.058 1482-1482/? E/StatusBar.NetworkController: refreshSignalCluster: RssiDisplayNum = 1
    refreshSignalCluster: set mShowPhoneRSSIForData = false
07-13 10:51:49.058 1482-1482/? E/StatusBar.NetworkController: isSglteMode is false
07-13 10:51:49.058 1482-1482/? E/StatusBar.NetworkController: refreshSignalCluster: RssiDisplayNum = 1
    refreshSignalCluster: set mShowPhoneRSSIForData = false
07-13 10:51:49.068 1482-1482/? E/StatusBar.NetworkController: isSglteMode is false
07-13 10:51:49.068 1482-1482/? E/StatusBar.NetworkController: refreshSignalCluster: RssiDisplayNum = 1
    refreshSignalCluster: set mShowPhoneRSSIForData = false
07-13 10:51:49.068 1482-1482/? E/StatusBar.NetworkController: isSglteMode is false
07-13 10:51:49.068 1482-1482/? E/StatusBar.NetworkController: refreshSignalCluster: RssiDisplayNum = 1
    refreshSignalCluster: set mShowPhoneRSSIForData = false
07-13 10:51:49.158 303-303/? E/SMD: DCD OFF
07-13 10:51:50.068 1482-1482/? E/StatusBar.NetworkController: isSglteMode is false
07-13 10:51:50.068 1482-1482/? E/StatusBar.NetworkController: refreshSignalCluster: RssiDisplayNum = 1
    refreshSignalCluster: set mShowPhoneRSSIForData = false
07-13 10:51:50.068 1482-1482/? E/StatusBar.NetworkController: isSglteMode is false
07-13 10:51:50.078 1482-1482/? E/StatusBar.NetworkController: refreshSignalCluster: RssiDisplayNum = 1
    refreshSignalCluster: set mShowPhoneRSSIForData = false
07-13 10:51:50.078 1482-1482/? E/StatusBar.NetworkController: isSglteMode is false
07-13 10:51:50.078 1482-1482/? E/StatusBar.NetworkController: refreshSignalCluster: RssiDisplayNum = 1
    refreshSignalCluster: set mShowPhoneRSSIForData = false
07-13 10:51:50.078 1482-1482/? E/StatusBar.NetworkController: isSglteMode is false
07-13 10:51:50.078 1482-1482/? E/StatusBar.NetworkController: refreshSignalCluster: RssiDisplayNum = 1
07-13 10:51:50.088 1482-1482/? E/StatusBar.NetworkController: refreshSignalCluster: set mShowPhoneRSSIForData = false
07-13 10:51:50.368 4932-4932/? E/AffinityControl: AffinityControl: registerfunction enter
07-13 10:51:50.408 4932-4932/? E/art: No implementation found for boolean com.android.org.conscrypt.OpenSSLProvider.nativeCheckWhitelist() (tried Java_com_android_org_conscrypt_OpenSSLProvider_nativeCheckWhitelist and Java_com_android_org_conscrypt_OpenSSLProvider_nativeCheckWhitelist__)
07-13 10:51:50.468 4932-4932/? E/art: No implementation found for boolean com.android.org.conscrypt.OpenSSLProvider.nativeCheckWhitelist() (tried Java_com_android_org_conscrypt_OpenSSLProvider_nativeCheckWhitelist and Java_com_android_org_conscrypt_OpenSSLProvider_nativeCheckWhitelist__)
07-13 10:51:51.088 1482-1482/? E/StatusBar.NetworkController: isSglteMode is false
07-13 10:51:51.088 1482-1482/? E/StatusBar.NetworkController: refreshSignalCluster: RssiDisplayNum = 1
    refreshSignalCluster: set mShowPhoneRSSIForData = false
07-13 10:51:51.088 1482-1482/? E/StatusBar.NetworkController: isSglteMode is false
07-13 10:51:51.088 1482-1482/? E/StatusBar.NetworkController: refreshSignalCluster: RssiDisplayNum = 1
    refreshSignalCluster: set mShowPhoneRSSIForData = false
07-13 10:51:51.098 1482-1482/? E/StatusBar.NetworkController: isSglteMode is false
07-13 10:51:51.098 1482-1482/? E/StatusBar.NetworkController: refreshSignalCluster: RssiDisplayNum = 1
    refreshSignalCluster: set mShowPhoneRSSIForData = false
07-13 10:51:51.098 1482-1482/? E/StatusBar.NetworkController: isSglteMode is false
07-13 10:51:51.098 1482-1482/? E/StatusBar.NetworkController: refreshSignalCluster: RssiDisplayNum = 1
    refreshSignalCluster: set mShowPhoneRSSIForData = false
07-13 10:51:52.158 303-303/? E/SMD: DCD OFF
07-13 10:51:53.138 1482-1482/? E/StatusBar.NetworkController: isSglteMode is false
07-13 10:51:53.138 1482-1482/? E/StatusBar.NetworkController: refreshSignalCluster: RssiDisplayNum = 1
    refreshSignalCluster: set mShowPhoneRSSIForData = false
07-13 10:51:53.148 1482-1482/? E/StatusBar.NetworkController: isSglteMode is false
07-13 10:51:53.148 1482-1482/? E/StatusBar.NetworkController: refreshSignalCluster: RssiDisplayNum = 1
    refreshSignalCluster: set mShowPhoneRSSIForData = false
07-13 10:51:53.148 1482-1482/? E/StatusBar.NetworkController: isSglteMode is false
07-13 10:51:53.148 1482-1482/? E/StatusBar.NetworkController: refreshSignalCluster: RssiDisplayNum = 1
07-13 10:51:53.158 1482-1482/? E/StatusBar.NetworkController: refreshSignalCluster: set mShowPhoneRSSIForData = false
07-13 10:51:53.158 1482-1482/? E/StatusBar.NetworkController: isSglteMode is false
07-13 10:51:53.158 1482-1482/? E/StatusBar.NetworkController: refreshSignalCluster: RssiDisplayNum = 1
    refreshSignalCluster: set mShowPhoneRSSIForData = false
07-13 10:51:55.078 4976-4976/? E/AffinityControl: AffinityControl: registerfunction enter
07-13 10:51:55.118 1482-1482/? E/StatusBar.NetworkController: isSglteMode is false
07-13 10:51:55.118 1482-1482/? E/StatusBar.NetworkController: refreshSignalCluster: RssiDisplayNum = 1
    refreshSignalCluster: set mShowPhoneRSSIForData = false
07-13 10:51:55.118 1482-1482/? E/StatusBar.NetworkController: isSglteMode is false
07-13 10:51:55.118 1482-1482/? E/StatusBar.NetworkController: refreshSignalCluster: RssiDisplayNum = 1
    refreshSignalCluster: set mShowPhoneRSSIForData = false
07-13 10:51:55.128 1482-1482/? E/StatusBar.NetworkController: isSglteMode is false
07-13 10:51:55.128 1482-1482/? E/StatusBar.NetworkController: refreshSignalCluster: RssiDisplayNum = 1
    refreshSignalCluster: set mShowPhoneRSSIForData = false
07-13 10:51:55.128 1482-1482/? E/StatusBar.NetworkController: isSglteMode is false
07-13 10:51:55.128 1482-1482/? E/StatusBar.NetworkController: refreshSignalCluster: RssiDisplayNum = 1
    refreshSignalCluster: set mShowPhoneRSSIForData = false
07-13 10:51:55.128 4976-4976/? E/art: No implementation found for boolean com.android.org.conscrypt.OpenSSLProvider.nativeCheckWhitelist() (tried Java_com_android_org_conscrypt_OpenSSLProvider_nativeCheckWhitelist and Java_com_android_org_conscrypt_OpenSSLProvider_nativeCheckWhitelist__)
07-13 10:51:55.158 303-303/? E/SMD: DCD OFF
07-13 10:51:55.198 4976-4976/? E/art: No implementation found for boolean com.android.org.conscrypt.OpenSSLProvider.nativeCheckWhitelist() (tried Java_com_android_org_conscrypt_OpenSSLProvider_nativeCheckWhitelist and Java_com_android_org_conscrypt_OpenSSLProvider_nativeCheckWhitelist__)
07-13 10:51:56.118 1482-1482/? E/StatusBar.NetworkController: isSglteMode is false
07-13 10:51:56.118 1482-1482/? E/StatusBar.NetworkController: refreshSignalCluster: RssiDisplayNum = 1
    refreshSignalCluster: set mShowPhoneRSSIForData = false
07-13 10:51:56.118 1482-1482/? E/StatusBar.NetworkController: isSglteMode is false
07-13 10:51:56.118 1482-1482/? E/StatusBar.NetworkController: refreshSignalCluster: RssiDisplayNum = 1
    refreshSignalCluster: set mShowPhoneRSSIForData = false
07-13 10:51:56.118 1482-1482/? E/StatusBar.NetworkController: isSglteMode is false
07-13 10:51:56.118 1482-1482/? E/StatusBar.NetworkController: refreshSignalCluster: RssiDisplayNum = 1
    refreshSignalCluster: set mShowPhoneRSSIForData = false
07-13 10:51:56.128 1482-1482/? E/StatusBar.NetworkController: isSglteMode is false
07-13 10:51:56.128 1482-1482/? E/StatusBar.NetworkController: refreshSignalCluster: RssiDisplayNum = 1
    refreshSignalCluster: set mShowPhoneRSSIForData = false
07-13 10:51:57.118 1482-1482/? E/StatusBar.NetworkController: isSglteMode is false
07-13 10:51:57.118 1482-1482/? E/StatusBar.NetworkController: refreshSignalCluster: RssiDisplayNum = 1
    refreshSignalCluster: set mShowPhoneRSSIForData = false
07-13 10:51:57.128 1482-1482/? E/StatusBar.NetworkController: isSglteMode is false
07-13 10:51:57.128 1482-1482/? E/StatusBar.NetworkController: refreshSignalCluster: RssiDisplayNum = 1
    refreshSignalCluster: set mShowPhoneRSSIForData = false
07-13 10:51:57.128 1482-1482/? E/StatusBar.NetworkController: isSglteMode is false
07-13 10:51:57.128 1482-1482/? E/StatusBar.NetworkController: refreshSignalCluster: RssiDisplayNum = 1
    refreshSignalCluster: set mShowPhoneRSSIForData = false
07-13 10:51:57.138 1482-1482/? E/StatusBar.NetworkController: isSglteMode is false
07-13 10:51:57.138 1482-1482/? E/StatusBar.NetworkController: refreshSignalCluster: RssiDisplayNum = 1
    refreshSignalCluster: set mShowPhoneRSSIForData = false
07-13 10:51:58.158 303-303/? E/SMD: DCD OFF
07-13 10:51:58.448 1482-1482/? E/StatusBar.NetworkController: isSglteMode is false
07-13 10:51:59.128 1482-1482/? E/StatusBar.NetworkController: isSglteMode is false
07-13 10:51:59.128 1482-1482/? E/StatusBar.NetworkController: refreshSignalCluster: RssiDisplayNum = 1
    refreshSignalCluster: set mShowPhoneRSSIForData = false
07-13 10:51:59.128 1482-1482/? E/StatusBar.NetworkController: isSglteMode is false
07-13 10:51:59.128 1482-1482/? E/StatusBar.NetworkController: refreshSignalCluster: RssiDisplayNum = 1
    refreshSignalCluster: set mShowPhoneRSSIForData = false
07-13 10:51:59.128 1482-1482/? E/StatusBar.NetworkController: isSglteMode is false
07-13 10:51:59.128 1482-1482/? E/StatusBar.NetworkController: refreshSignalCluster: RssiDisplayNum = 1
    refreshSignalCluster: set mShowPhoneRSSIForData = false
07-13 10:51:59.138 1482-1482/? E/StatusBar.NetworkController: isSglteMode is false
07-13 10:51:59.138 1482-1482/? E/StatusBar.NetworkController: refreshSignalCluster: RssiDisplayNum = 1
    refreshSignalCluster: set mShowPhoneRSSIForData = false
07-13 10:51:59.628 5036-5036/? E/AffinityControl: AffinityControl: registerfunction enter
07-13 10:51:59.668 5036-5036/? E/art: No implementation found for boolean com.android.org.conscrypt.OpenSSLProvider.nativeCheckWhitelist() (tried Java_com_android_org_conscrypt_OpenSSLProvider_nativeCheckWhitelist and Java_com_android_org_conscrypt_OpenSSLProvider_nativeCheckWhitelist__)
07-13 10:51:59.728 5036-5036/? E/art: No implementation found for boolean com.android.org.conscrypt.OpenSSLProvider.nativeCheckWhitelist() (tried Java_com_android_org_conscrypt_OpenSSLProvider_nativeCheckWhitelist and Java_com_android_org_conscrypt_OpenSSLProvider_nativeCheckWhitelist__)
07-13 10:52:00.138 1482-1482/? E/StatusBar.NetworkController: isSglteMode is false
07-13 10:52:00.138 1482-1482/? E/StatusBar.NetworkController: refreshSignalCluster: RssiDisplayNum = 1
    refreshSignalCluster: set mShowPhoneRSSIForData = false
07-13 10:52:00.138 1482-1482/? E/StatusBar.NetworkController: isSglteMode is false
07-13 10:52:00.138 1482-1482/? E/StatusBar.NetworkController: refreshSignalCluster: RssiDisplayNum = 1
    refreshSignalCluster: set mShowPhoneRSSIForData = false
07-13 10:52:00.138 1482-1482/? E/StatusBar.NetworkController: isSglteMode is false
07-13 10:52:00.138 1482-1482/? E/StatusBar.NetworkController: refreshSignalCluster: RssiDisplayNum = 1
    refreshSignalCluster: set mShowPhoneRSSIForData = false
07-13 10:52:00.148 1482-1482/? E/StatusBar.NetworkController: isSglteMode is false
07-13 10:52:00.148 1482-1482/? E/StatusBar.NetworkController: refreshSignalCluster: RssiDisplayNum = 1
    refreshSignalCluster: set mShowPhoneRSSIForData = false
07-13 10:52:01.158 303-303/? E/SMD: DCD OFF
07-13 10:52:03.138 1482-1482/? E/StatusBar.NetworkController: isSglteMode is false
07-13 10:52:03.148 1482-1482/? E/StatusBar.NetworkController: refreshSignalCluster: RssiDisplayNum = 1
    refreshSignalCluster: set mShowPhoneRSSIForData = false
07-13 10:52:03.148 1482-1482/? E/StatusBar.NetworkController: isSglteMode is false
07-13 10:52:03.148 1482-1482/? E/StatusBar.NetworkController: refreshSignalCluster: RssiDisplayNum = 1
    refreshSignalCluster: set mShowPhoneRSSIForData = false
07-13 10:52:03.148 1482-1482/? E/StatusBar.NetworkController: isSglteMode is false
07-13 10:52:03.148 1482-1482/? E/StatusBar.NetworkController: refreshSignalCluster: RssiDisplayNum = 1
    refreshSignalCluster: set mShowPhoneRSSIForData = false
07-13 10:52:03.158 1482-1482/? E/StatusBar.NetworkController: isSglteMode is false
07-13 10:52:03.158 1482-1482/? E/StatusBar.NetworkController: refreshSignalCluster: RssiDisplayNum = 1
    refreshSignalCluster: set mShowPhoneRSSIForData = false
07-13 10:52:03.978 5071-5071/? E/AffinityControl: AffinityControl: registerfunction enter
07-13 10:52:04.018 5071-5071/? E/art: No implementation found for boolean com.android.org.conscrypt.OpenSSLProvider.nativeCheckWhitelist() (tried Java_com_android_org_conscrypt_OpenSSLProvider_nativeCheckWhitelist and Java_com_android_org_conscrypt_OpenSSLProvider_nativeCheckWhitelist__)
07-13 10:52:04.078 5071-5071/? E/art: No implementation found for boolean com.android.org.conscrypt.OpenSSLProvider.nativeCheckWhitelist() (tried Java_com_android_org_conscrypt_OpenSSLProvider_nativeCheckWhitelist and Java_com_android_org_conscrypt_OpenSSLProvider_nativeCheckWhitelist__)
07-13 10:52:04.158 303-303/? E/SMD: DCD OFF
07-13 10:52:05.148 1482-1482/? E/StatusBar.NetworkController: isSglteMode is false
07-13 10:52:05.148 1482-1482/? E/StatusBar.NetworkController: refreshSignalCluster: RssiDisplayNum = 1
    refreshSignalCluster: set mShowPhoneRSSIForData = false
07-13 10:52:05.148 1482-1482/? E/StatusBar.NetworkController: isSglteMode is false
07-13 10:52:05.148 1482-1482/? E/StatusBar.NetworkController: refreshSignalCluster: RssiDisplayNum = 1
    refreshSignalCluster: set mShowPhoneRSSIForData = false
07-13 10:52:05.158 1482-1482/? E/StatusBar.NetworkController: isSglteMode is false
07-13 10:52:05.158 1482-1482/? E/StatusBar.NetworkController: refreshSignalCluster: RssiDisplayNum = 1
    refreshSignalCluster: set mShowPhoneRSSIForData = false
07-13 10:52:05.158 1482-1482/? E/StatusBar.NetworkController: isSglteMode is false
07-13 10:52:05.158 1482-1482/? E/StatusBar.NetworkController: refreshSignalCluster: RssiDisplayNum = 1
    refreshSignalCluster: set mShowPhoneRSSIForData = false
07-13 10:52:05.978 1482-1482/? E/StatusBar.NetworkController: isSglteMode is false
07-13 10:52:06.158 1482-1482/? E/StatusBar.NetworkController: isSglteMode is false
07-13 10:52:06.158 1482-1482/? E/StatusBar.NetworkController: refreshSignalCluster: RssiDisplayNum = 1
    refreshSignalCluster: set mShowPhoneRSSIForData = false
07-13 10:52:06.158 1482-1482/? E/StatusBar.NetworkController: isSglteMode is false
07-13 10:52:06.158 1482-1482/? E/StatusBar.NetworkController: refreshSignalCluster: RssiDisplayNum = 1
    refreshSignalCluster: set mShowPhoneRSSIForData = false
07-13 10:52:06.168 1482-1482/? E/StatusBar.NetworkController: isSglteMode is false
07-13 10:52:06.168 1482-1482/? E/StatusBar.NetworkController: refreshSignalCluster: RssiDisplayNum = 1
    refreshSignalCluster: set mShowPhoneRSSIForData = false
07-13 10:52:06.168 1482-1482/? E/StatusBar.NetworkController: isSglteMode is false
07-13 10:52:06.168 1482-1482/? E/StatusBar.NetworkController: refreshSignalCluster: RssiDisplayNum = 1
    refreshSignalCluster: set mShowPhoneRSSIForData = false
07-13 10:52:07.158 303-303/? E/SMD: DCD OFF
07-13 10:52:08.168 1482-1482/? E/StatusBar.NetworkController: isSglteMode is false
07-13 10:52:08.168 1482-1482/? E/StatusBar.NetworkController: refreshSignalCluster: RssiDisplayNum = 1
    refreshSignalCluster: set mShowPhoneRSSIForData = false
07-13 10:52:08.168 1482-1482/? E/StatusBar.NetworkController: isSglteMode is false
07-13 10:52:08.168 1482-1482/? E/StatusBar.NetworkController: refreshSignalCluster: RssiDisplayNum = 1
    refreshSignalCluster: set mShowPhoneRSSIForData = false
07-13 10:52:08.178 1482-1482/? E/StatusBar.NetworkController: isSglteMode is false
07-13 10:52:08.178 1482-1482/? E/StatusBar.NetworkController: refreshSignalCluster: RssiDisplayNum = 1
    refreshSignalCluster: set mShowPhoneRSSIForData = false
07-13 10:52:08.178 1482-1482/? E/StatusBar.NetworkController: isSglteMode is false
07-13 10:52:08.178 1482-1482/? E/StatusBar.NetworkController: refreshSignalCluster: RssiDisplayNum = 1
    refreshSignalCluster: set mShowPhoneRSSIForData = false
07-13 10:52:08.708 5108-5108/? E/AffinityControl: AffinityControl: registerfunction enter
07-13 10:52:08.758 5108-5108/? E/art: No implementation found for boolean com.android.org.conscrypt.OpenSSLProvider.nativeCheckWhitelist() (tried Java_com_android_org_conscrypt_OpenSSLProvider_nativeCheckWhitelist and Java_com_android_org_conscrypt_OpenSSLProvider_nativeCheckWhitelist__)
07-13 10:52:08.818 5108-5108/? E/art: No implementation found for boolean com.android.org.conscrypt.OpenSSLProvider.nativeCheckWhitelist() (tried Java_com_android_org_conscrypt_OpenSSLProvider_nativeCheckWhitelist and Java_com_android_org_conscrypt_OpenSSLProvider_nativeCheckWhitelist__)
07-13 10:52:10.158 303-303/? E/SMD: DCD OFF
07-13 10:52:11.178 1482-1482/? E/StatusBar.NetworkController: isSglteMode is false
07-13 10:52:11.178 1482-1482/? E/StatusBar.NetworkController: refreshSignalCluster: RssiDisplayNum = 1
    refreshSignalCluster: set mShowPhoneRSSIForData = false
07-13 10:52:11.188 1482-1482/? E/StatusBar.NetworkController: isSglteMode is false
07-13 10:52:11.188 1482-1482/? E/StatusBar.NetworkController: refreshSignalCluster: RssiDisplayNum = 1
    refreshSignalCluster: set mShowPhoneRSSIForData = false
07-13 10:52:11.188 1482-1482/? E/StatusBar.NetworkController: isSglteMode is false
07-13 10:52:11.188 1482-1482/? E/StatusBar.NetworkController: refreshSignalCluster: RssiDisplayNum = 1
    refreshSignalCluster: set mShowPhoneRSSIForData = false
07-13 10:52:11.188 1482-1482/? E/StatusBar.NetworkController: isSglteMode is false
07-13 10:52:11.188 1482-1482/? E/StatusBar.NetworkController: refreshSignalCluster: RssiDisplayNum = 1
    refreshSignalCluster: set mShowPhoneRSSIForData = false
07-13 10:52:13.158 303-303/? E/SMD: DCD OFF
07-13 10:52:13.458 5136-5136/? E/AffinityControl: AffinityControl: registerfunction enter
07-13 10:52:13.498 5136-5136/? E/art: No implementation found for boolean com.android.org.conscrypt.OpenSSLProvider.nativeCheckWhitelist() (tried Java_com_android_org_conscrypt_OpenSSLProvider_nativeCheckWhitelist and Java_com_android_org_conscrypt_OpenSSLProvider_nativeCheckWhitelist__)
07-13 10:52:13.518 925-1625/? E/Watchdog: !@Sync 2334
07-13 10:52:13.558 5136-5136/? E/art: No implementation found for boolean com.android.org.conscrypt.OpenSSLProvider.nativeCheckWhitelist() (tried Java_com_android_org_conscrypt_OpenSSLProvider_nativeCheckWhitelist and Java_com_android_org_conscrypt_OpenSSLProvider_nativeCheckWhitelist__)
07-13 10:52:14.248 1482-1482/? E/StatusBar.NetworkController: isSglteMode is false
07-13 10:52:14.248 1482-1482/? E/StatusBar.NetworkController: refreshSignalCluster: RssiDisplayNum = 1
    refreshSignalCluster: set mShowPhoneRSSIForData = false
07-13 10:52:14.248 1482-1482/? E/StatusBar.NetworkController: isSglteMode is false
07-13 10:52:14.248 1482-1482/? E/StatusBar.NetworkController: refreshSignalCluster: RssiDisplayNum = 1
    refreshSignalCluster: set mShowPhoneRSSIForData = false
07-13 10:52:14.248 1482-1482/? E/StatusBar.NetworkController: isSglteMode is false
07-13 10:52:14.248 1482-1482/? E/StatusBar.NetworkController: refreshSignalCluster: RssiDisplayNum = 1
    refreshSignalCluster: set mShowPhoneRSSIForData = false
07-13 10:52:14.258 1482-1482/? E/StatusBar.NetworkController: isSglteMode is false
07-13 10:52:14.258 1482-1482/? E/StatusBar.NetworkController: refreshSignalCluster: RssiDisplayNum = 1
    refreshSignalCluster: set mShowPhoneRSSIForData = false
07-13 10:52:16.158 303-303/? E/SMD: DCD OFF
07-13 10:52:16.248 1482-1482/? E/StatusBar.NetworkController: isSglteMode is false
07-13 10:52:16.258 1482-1482/? E/StatusBar.NetworkController: refreshSignalCluster: RssiDisplayNum = 1
    refreshSignalCluster: set mShowPhoneRSSIForData = false
07-13 10:52:16.258 1482-1482/? E/StatusBar.NetworkController: isSglteMode is false
07-13 10:52:16.258 1482-1482/? E/StatusBar.NetworkController: refreshSignalCluster: RssiDisplayNum = 1
    refreshSignalCluster: set mShowPhoneRSSIForData = false
07-13 10:52:16.258 1482-1482/? E/StatusBar.NetworkController: isSglteMode is false
07-13 10:52:16.258 1482-1482/? E/StatusBar.NetworkController: refreshSignalCluster: RssiDisplayNum = 1
    refreshSignalCluster: set mShowPhoneRSSIForData = false
07-13 10:52:16.268 1482-1482/? E/StatusBar.NetworkController: isSglteMode is false
07-13 10:52:16.268 1482-1482/? E/StatusBar.NetworkController: refreshSignalCluster: RssiDisplayNum = 1
    refreshSignalCluster: set mShowPhoneRSSIForData = false
07-13 10:52:17.788 5198-5198/? E/AffinityControl: AffinityControl: registerfunction enter
07-13 10:52:17.848 5198-5198/? E/art: No implementation found for boolean com.android.org.conscrypt.OpenSSLProvider.nativeCheckWhitelist() (tried Java_com_android_org_conscrypt_OpenSSLProvider_nativeCheckWhitelist and Java_com_android_org_conscrypt_OpenSSLProvider_nativeCheckWhitelist__)
07-13 10:52:17.898 5198-5198/? E/art: No implementation found for boolean com.android.org.conscrypt.OpenSSLProvider.nativeCheckWhitelist() (tried Java_com_android_org_conscrypt_OpenSSLProvider_nativeCheckWhitelist and Java_com_android_org_conscrypt_OpenSSLProvider_nativeCheckWhitelist__)
07-13 10:52:18.268 1482-1482/? E/StatusBar.NetworkController: isSglteMode is false
07-13 10:52:18.268 1482-1482/? E/StatusBar.NetworkController: refreshSignalCluster: RssiDisplayNum = 1
    refreshSignalCluster: set mShowPhoneRSSIForData = false
07-13 10:52:18.268 1482-1482/? E/StatusBar.NetworkController: isSglteMode is false
07-13 10:52:18.268 1482-1482/? E/StatusBar.NetworkController: refreshSignalCluster: RssiDisplayNum = 1
    refreshSignalCluster: set mShowPhoneRSSIForData = false
07-13 10:52:18.278 1482-1482/? E/StatusBar.NetworkController: isSglteMode is false
07-13 10:52:18.278 1482-1482/? E/StatusBar.NetworkController: refreshSignalCluster: RssiDisplayNum = 1
    refreshSignalCluster: set mShowPhoneRSSIForData = false
07-13 10:52:18.278 1482-1482/? E/StatusBar.NetworkController: isSglteMode is false
07-13 10:52:18.278 1482-1482/? E/StatusBar.NetworkController: refreshSignalCluster: RssiDisplayNum = 1
    refreshSignalCluster: set mShowPhoneRSSIForData = false
07-13 10:52:19.158 303-303/? E/SMD: DCD OFF
07-13 10:52:19.268 1482-1482/? E/StatusBar.NetworkController: isSglteMode is false
07-13 10:52:19.268 1482-1482/? E/StatusBar.NetworkController: refreshSignalCluster: RssiDisplayNum = 1
    refreshSignalCluster: set mShowPhoneRSSIForData = false
07-13 10:52:19.268 1482-1482/? E/StatusBar.NetworkController: isSglteMode is false
07-13 10:52:19.268 1482-1482/? E/StatusBar.NetworkController: refreshSignalCluster: RssiDisplayNum = 1
    refreshSignalCluster: set mShowPhoneRSSIForData = false
07-13 10:52:19.278 1482-1482/? E/StatusBar.NetworkController: isSglteMode is false
07-13 10:52:19.278 1482-1482/? E/StatusBar.NetworkController: refreshSignalCluster: RssiDisplayNum = 1
    refreshSignalCluster: set mShowPhoneRSSIForData = false
07-13 10:52:19.278 1482-1482/? E/StatusBar.NetworkController: isSglteMode is false
07-13 10:52:19.278 1482-1482/? E/StatusBar.NetworkController: refreshSignalCluster: RssiDisplayNum = 1
    refreshSignalCluster: set mShowPhoneRSSIForData = false
07-13 10:52:21.308 1482-1482/? E/StatusBar.NetworkController: isSglteMode is false
07-13 10:52:21.308 1482-1482/? E/StatusBar.NetworkController: refreshSignalCluster: RssiDisplayNum = 1
    refreshSignalCluster: set mShowPhoneRSSIForData = false
07-13 10:52:21.308 1482-1482/? E/StatusBar.NetworkController: isSglteMode is false
07-13 10:52:21.308 1482-1482/? E/StatusBar.NetworkController: refreshSignalCluster: RssiDisplayNum = 1
    refreshSignalCluster: set mShowPhoneRSSIForData = false
07-13 10:52:21.318 1482-1482/? E/StatusBar.NetworkController: isSglteMode is false
07-13 10:52:21.318 1482-1482/? E/StatusBar.NetworkController: refreshSignalCluster: RssiDisplayNum = 1
    refreshSignalCluster: set mShowPhoneRSSIForData = false
07-13 10:52:21.318 1482-1482/? E/StatusBar.NetworkController: isSglteMode is false
07-13 10:52:21.318 1482-1482/? E/StatusBar.NetworkController: refreshSignalCluster: RssiDisplayNum = 1
    refreshSignalCluster: set mShowPhoneRSSIForData = false
07-13 10:52:21.988 1482-1482/? E/StatusBar.NetworkController: isSglteMode is false
07-13 10:52:22.158 303-303/? E/SMD: DCD OFF
07-13 10:52:23.108 5242-5242/? E/AffinityControl: AffinityControl: registerfunction enter
07-13 10:52:23.148 5242-5242/? E/art: No implementation found for boolean com.android.org.conscrypt.OpenSSLProvider.nativeCheckWhitelist() (tried Java_com_android_org_conscrypt_OpenSSLProvider_nativeCheckWhitelist and Java_com_android_org_conscrypt_OpenSSLProvider_nativeCheckWhitelist__)
